Component: ARM Compiler 5.06 update 4 (build 422) Tool: armlink [4d35d2]

==============================================================================

Section Cross References

    main.o(i.HAL_ADCEx_InjectedConvCpltCallback) refers to stm32f1xx_hal_adc_ex.o(i.HAL_ADCEx_InjectedGetValue) for HAL_ADCEx_InjectedGetValue
    main.o(i.HAL_ADCEx_InjectedConvCpltCallback) refers to stm32f1xx_hal_adc_ex.o(i.HAL_ADCEx_InjectedStart_IT) for HAL_ADCEx_InjectedStart_IT
    main.o(i.HAL_ADCEx_InjectedConvCpltCallback) refers to main.o(.bss) for .bss
    main.o(i.HAL_ADCEx_InjectedConvCpltCallback) refers to auxiliary.o(.data) for AdcCh1Value
    main.o(i.MX_ADC1_Init) refers to stm32f1xx_hal_adc.o(i.HAL_ADC_Init) for HAL_ADC_Init
    main.o(i.MX_ADC1_Init) refers to stm32f1xx_hal_adc_ex.o(i.HAL_ADCEx_InjectedConfigChannel) for HAL_ADCEx_InjectedConfigChannel
    main.o(i.MX_ADC1_Init) refers to main.o(.bss) for .bss
    main.o(i.MX_GPIO_Init) refers to stm32f1xx_hal_gpio.o(i.HAL_GPIO_Init) for HAL_GPIO_Init
    main.o(i.MX_GPIO_Init) refers to stm32f1xx_hal_gpio.o(i.HAL_GPIO_WritePin) for HAL_GPIO_WritePin
    main.o(i.MX_TIM2_Init) refers to stm32f1xx_hal_tim.o(i.HAL_TIM_PWM_Init) for HAL_TIM_PWM_Init
    main.o(i.MX_TIM2_Init) refers to stm32f1xx_hal_tim_ex.o(i.HAL_TIMEx_MasterConfigSynchronization) for HAL_TIMEx_MasterConfigSynchronization
    main.o(i.MX_TIM2_Init) refers to stm32f1xx_hal_tim.o(i.HAL_TIM_PWM_ConfigChannel) for HAL_TIM_PWM_ConfigChannel
    main.o(i.MX_TIM2_Init) refers to stm32f1xx_hal_msp.o(i.HAL_TIM_MspPostInit) for HAL_TIM_MspPostInit
    main.o(i.MX_TIM2_Init) refers to main.o(.bss) for .bss
    main.o(i.MX_TIM4_Init) refers to stm32f1xx_hal_tim.o(i.HAL_TIM_PWM_Init) for HAL_TIM_PWM_Init
    main.o(i.MX_TIM4_Init) refers to stm32f1xx_hal_tim_ex.o(i.HAL_TIMEx_MasterConfigSynchronization) for HAL_TIMEx_MasterConfigSynchronization
    main.o(i.MX_TIM4_Init) refers to stm32f1xx_hal_tim.o(i.HAL_TIM_PWM_ConfigChannel) for HAL_TIM_PWM_ConfigChannel
    main.o(i.MX_TIM4_Init) refers to stm32f1xx_hal_msp.o(i.HAL_TIM_MspPostInit) for HAL_TIM_MspPostInit
    main.o(i.MX_TIM4_Init) refers to main.o(.bss) for .bss
    main.o(i.SystemClock_Config) refers to stm32f1xx_hal_rcc.o(i.HAL_RCC_OscConfig) for HAL_RCC_OscConfig
    main.o(i.SystemClock_Config) refers to stm32f1xx_hal_rcc.o(i.HAL_RCC_ClockConfig) for HAL_RCC_ClockConfig
    main.o(i.SystemClock_Config) refers to stm32f1xx_hal_rcc_ex.o(i.HAL_RCCEx_PeriphCLKConfig) for HAL_RCCEx_PeriphCLKConfig
    main.o(i.SystemClock_Config) refers to stm32f1xx_hal_rcc.o(i.HAL_RCC_GetHCLKFreq) for HAL_RCC_GetHCLKFreq
    main.o(i.SystemClock_Config) refers to stm32f1xx_hal_cortex.o(i.HAL_SYSTICK_Config) for HAL_SYSTICK_Config
    main.o(i.SystemClock_Config) refers to stm32f1xx_hal_cortex.o(i.HAL_SYSTICK_CLKSourceConfig) for HAL_SYSTICK_CLKSourceConfig
    main.o(i.SystemClock_Config) refers to stm32f1xx_hal_cortex.o(i.HAL_NVIC_SetPriority) for HAL_NVIC_SetPriority
    main.o(i.main) refers to stm32f1xx_hal.o(i.HAL_Init) for HAL_Init
    main.o(i.main) refers to main.o(i.SystemClock_Config) for SystemClock_Config
    main.o(i.main) refers to main.o(i.MX_GPIO_Init) for MX_GPIO_Init
    main.o(i.main) refers to main.o(i.MX_TIM4_Init) for MX_TIM4_Init
    main.o(i.main) refers to main.o(i.MX_ADC1_Init) for MX_ADC1_Init
    main.o(i.main) refers to stm32f1xx_hal_rtc.o(i.HAL_RTC_Init) for HAL_RTC_Init
    main.o(i.main) refers to main.o(i.MX_TIM2_Init) for MX_TIM2_Init
    main.o(i.main) refers to stm32f1xx_hal_tim.o(i.HAL_TIM_Base_Init) for HAL_TIM_Base_Init
    main.o(i.main) refers to stm32f1xx_hal_tim.o(i.HAL_TIM_ConfigClockSource) for HAL_TIM_ConfigClockSource
    main.o(i.main) refers to stm32f1xx_hal_tim_ex.o(i.HAL_TIMEx_MasterConfigSynchronization) for HAL_TIMEx_MasterConfigSynchronization
    main.o(i.main) refers to stm32f1xx_hal_uart.o(i.HAL_UART_Init) for HAL_UART_Init
    main.o(i.main) refers to stm32f1xx_hal_tim.o(i.HAL_TIM_PWM_Start) for HAL_TIM_PWM_Start
    main.o(i.main) refers to stm32f1xx_hal_tim.o(i.HAL_TIM_Base_Start) for HAL_TIM_Base_Start
    main.o(i.main) refers to stm32f1xx_hal_adc_ex.o(i.HAL_ADCEx_InjectedStart_IT) for HAL_ADCEx_InjectedStart_IT
    main.o(i.main) refers to printf1.o(i.__0printf$1) for __2printf
    main.o(i.main) refers to led.o(i.LED_SW) for LED_SW
    main.o(i.main) refers to cli.o(i.CReturnCmd) for CReturnCmd
    main.o(i.main) refers to auxiliary.o(i.Auxiliary) for Auxiliary
    main.o(i.main) refers to main.o(.bss) for .bss
    stm32f1xx_hal_msp.o(i.HAL_ADC_MspDeInit) refers to stm32f1xx_hal_gpio.o(i.HAL_GPIO_DeInit) for HAL_GPIO_DeInit
    stm32f1xx_hal_msp.o(i.HAL_ADC_MspDeInit) refers to stm32f1xx_hal_cortex.o(i.HAL_NVIC_DisableIRQ) for HAL_NVIC_DisableIRQ
    stm32f1xx_hal_msp.o(i.HAL_ADC_MspInit) refers to stm32f1xx_hal_gpio.o(i.HAL_GPIO_Init) for HAL_GPIO_Init
    stm32f1xx_hal_msp.o(i.HAL_ADC_MspInit) refers to stm32f1xx_hal_cortex.o(i.HAL_NVIC_SetPriority) for HAL_NVIC_SetPriority
[...]
    Removing stm32f1xx_hal_flash_ex.o(i.FLASH_PageErase), (36 bytes).
    Removing stm32f1xx_hal_flash_ex.o(i.HAL_FLASHEx_Erase), (168 bytes).
    Removing stm32f1xx_hal_flash_ex.o(i.HAL_FLASHEx_Erase_IT), (84 bytes).
    Removing stm32f1xx_hal_flash_ex.o(i.HAL_FLASHEx_OBErase), (84 bytes).
    Removing stm32f1xx_hal_flash_ex.o(i.HAL_FLASHEx_OBGetConfig), (48 bytes).
    Removing stm32f1xx_hal_flash_ex.o(i.HAL_FLASHEx_OBGetUserData), (48 bytes).
    Removing stm32f1xx_hal_flash_ex.o(i.HAL_FLASHEx_OBProgram), (200 bytes).
    Removing stm32f1xx_hal.o(.rev16_text), (4 bytes).
    Removing stm32f1xx_hal.o(.revsh_text), (4 bytes).
    Removing stm32f1xx_hal.o(.rrx_text), (6 bytes).
    Removing stm32f1xx_hal.o(i.HAL_DBGMCU_DisableDBGSleepMode), (16 bytes).
    Removing stm32f1xx_hal.o(i.HAL_DBGMCU_DisableDBGStandbyMode), (16 bytes).
    Removing stm32f1xx_hal.o(i.HAL_DBGMCU_DisableDBGStopMode), (16 bytes).
    Removing stm32f1xx_hal.o(i.HAL_DBGMCU_EnableDBGSleepMode), (16 bytes).
    Removing stm32f1xx_hal.o(i.HAL_DBGMCU_EnableDBGStandbyMode), (16 bytes).
    Removing stm32f1xx_hal.o(i.HAL_DBGMCU_EnableDBGStopMode), (16 bytes).
    Removing stm32f1xx_hal.o(i.HAL_DeInit), (32 bytes).
    Removing stm32f1xx_hal.o(i.HAL_GetDEVID), (16 bytes).
    Removing stm32f1xx_hal.o(i.HAL_GetHalVersion), (8 bytes).
    Removing stm32f1xx_hal.o(i.HAL_GetREVID), (28 bytes).
    Removing stm32f1xx_hal.o(i.HAL_MspDeInit), (2 bytes).
    Removing stm32f1xx_hal.o(i.HAL_MspInit), (2 bytes).
    Removing stm32f1xx_hal.o(i.HAL_ResumeTick), (14 bytes).
    Removing stm32f1xx_hal.o(i.HAL_SuspendTick), (14 bytes).
    Removing stm32f1xx_hal_uart.o(.rev16_text), (4 bytes).
    Removing stm32f1xx_hal_uart.o(.revsh_text), (4 bytes).
    Removing stm32f1xx_hal_uart.o(.rrx_text), (6 bytes).
    Removing stm32f1xx_hal_uart.o(i.HAL_HalfDuplex_EnableReceiver), (46 bytes).
    Removing stm32f1xx_hal_uart.o(i.HAL_HalfDuplex_EnableTransmitter), (48 bytes).
    Removing stm32f1xx_hal_uart.o(i.HAL_HalfDuplex_Init), (104 bytes).
    Removing stm32f1xx_hal_uart.o(i.HAL_LIN_Init), (118 bytes).
    Removing stm32f1xx_hal_uart.o(i.HAL_LIN_SendBreak), (44 bytes).
    Removing stm32f1xx_hal_uart.o(i.HAL_MultiProcessor_EnterMuteMode), (44 bytes).
    Removing stm32f1xx_hal_uart.o(i.HAL_MultiProcessor_ExitMuteMode), (44 bytes).
    Removing stm32f1xx_hal_uart.o(i.HAL_MultiProcessor_Init), (126 bytes).
    Removing stm32f1xx_hal_uart.o(i.HAL_UART_DMAPause), (90 bytes).
    Removing stm32f1xx_hal_uart.o(i.HAL_UART_DMAResume), (104 bytes).
    Removing stm32f1xx_hal_uart.o(i.HAL_UART_DMAStop), (40 bytes).
    Removing stm32f1xx_hal_uart.o(i.HAL_UART_DeInit), (60 bytes).
    Removing stm32f1xx_hal_uart.o(i.HAL_UART_GetError), (4 bytes).
    Removing stm32f1xx_hal_uart.o(i.HAL_UART_GetState), (6 bytes).
    Removing stm32f1xx_hal_uart.o(i.HAL_UART_MspDeInit), (2 bytes).
    Removing stm32f1xx_hal_uart.o(i.HAL_UART_MspInit), (2 bytes).
    Removing stm32f1xx_hal_uart.o(i.HAL_UART_Receive), (204 bytes).
    Removing stm32f1xx_hal_uart.o(i.HAL_UART_Receive_DMA), (136 bytes).
    Removing stm32f1xx_hal_uart.o(i.HAL_UART_Receive_IT), (106 bytes).
    Removing stm32f1xx_hal_uart.o(i.HAL_UART_RxHalfCpltCallback), (2 bytes).
    Removing stm32f1xx_hal_uart.o(i.HAL_UART_Transmit_DMA), (144 bytes).
    Removing stm32f1xx_hal_uart.o(i.HAL_UART_Transmit_IT), (86 bytes).
    Removing stm32f1xx_hal_uart.o(i.HAL_UART_TxHalfCpltCallback), (2 bytes).
    Removing stm32f1xx_hal_uart.o(i.UART_DMAError), (30 bytes).
    Removing stm32f1xx_hal_uart.o(i.UART_DMAReceiveCplt), (54 bytes).
    Removing stm32f1xx_hal_uart.o(i.UART_DMARxHalfCplt), (10 bytes).
    Removing stm32f1xx_hal_uart.o(i.UART_DMATransmitCplt), (46 bytes).
    Removing stm32f1xx_hal_uart.o(i.UART_DMATxHalfCplt), (10 bytes).
    Removing startup_stm32f103xb.o(HEAP), (512 bytes).
    Removing dadd.o(.text), (334 bytes).
    Removing dmul.o(.text), (228 bytes).
    Removing ddiv.o(.text), (222 bytes).
    Removing dfixul.o(.text), (48 bytes).
    Removing cdrcmple.o(.text), (48 bytes).
    Removing depilogue.o(.text), (186 bytes).

422 unused section(s) (total 24741 bytes) removed from the image.

==============================================================================

Image Symbol Table

    Local Symbols

    Symbol Name                              Value     Ov Type        Size  Object(Section)

    ../Drivers/CMSIS/Device/ST/STM32F1xx/Source/Templates/system_stm32f1xx.c 0x00000000   Number         0  system_stm32f1xx.o ABSOLUTE
    ../Drivers/STM32F1xx_HAL_Driver/Src/stm32f1xx_hal.c 0x00000000   Number         0  stm32f1xx_hal.o ABSOLUTE
    ../Drivers/STM32F1xx_HAL_Driver/Src/stm32f1xx_hal_adc.c 0x00000000   Number         0  stm32f1xx_hal_adc.o ABSOLUTE
    ../Drivers/STM32F1xx_HAL_Driver/Src/stm32f1xx_hal_adc_ex.c 0x00000000   Number         0  stm32f1xx_hal_adc_ex.o ABSOLUTE
    ../Drivers/STM32F1xx_HAL_Driver/Src/stm32f1xx_hal_cortex.c 0x00000000   Number         0  stm32f1xx_hal_cortex.o ABSOLUTE
    ../Drivers/STM32F1xx_HAL_Driver/Src/stm32f1xx_hal_dma.c 0x00000000   Number         0  stm32f1xx_hal_dma.o ABSOLUTE
    ../Drivers/STM32F1xx_HAL_Driver/Src/stm32f1xx_hal_flash.c 0x00000000   Number         0  stm32f1xx_hal_flash.o ABSOLUTE
    ../Drivers/STM32F1xx_HAL_Driver/Src/stm32f1xx_hal_flash_ex.c 0x00000000   Number         0  stm32f1xx_hal_flash_ex.o ABSOLUTE
    ../Drivers/STM32F1xx_HAL_Driver/Src/stm32f1xx_hal_gpio.c 0x00000000   Number         0  stm32f1xx_hal_gpio.o ABSOLUTE
    ../Drivers/STM32F1xx_HAL_Driver/Src/stm32f1xx_hal_gpio_ex.c 0x00000000   Number         0  stm32f1xx_hal_gpio_ex.o ABSOLUTE
    ../Drivers/STM32F1xx_HAL_Driver/Src/stm32f1xx_hal_pwr.c 0x00000000   Number         0  stm32f1xx_hal_pwr.o ABSOLUTE
    ../Drivers/STM32F1xx_HAL_Driver/Src/stm32f1xx_hal_rcc.c 0x00000000   Number         0  stm32f1xx_hal_rcc.o ABSOLUTE
    ../Drivers/STM32F1xx_HAL_Driver/Src/stm32f1xx_hal_rcc_ex.c 0x00000000   Number         0  stm32f1xx_hal_rcc_ex.o ABSOLUTE
    ../Drivers/STM32F1xx_HAL_Driver/Src/stm32f1xx_hal_rtc.c 0x00000000   Number         0  stm32f1xx_hal_rtc.o ABSOLUTE
    ../Drivers/STM32F1xx_HAL_Driver/Src/stm32f1xx_hal_rtc_ex.c 0x00000000   Number         0  stm32f1xx_hal_rtc_ex.o ABSOLUTE
    ../Drivers/STM32F1xx_HAL_Driver/Src/stm32f1xx_hal_tim.c 0x00000000   Number         0  stm32f1xx_hal_tim.o ABSOLUTE
    ../Drivers/STM32F1xx_HAL_Driver/Src/stm32f1xx_hal_tim_ex.c 0x00000000   Number         0  stm32f1xx_hal_tim_ex.o ABSOLUTE
    ../Drivers/STM32F1xx_HAL_Driver/Src/stm32f1xx_hal_uart.c 0x00000000   Number         0  stm32f1xx_hal_uart.o ABSOLUTE
    ../Src/main.c                            0x00000000   Number         0  main.o ABSOLUTE
    ../Src/stm32f1xx_hal_msp.c               0x00000000   Number         0  stm32f1xx_hal_msp.o ABSOLUTE
    ../Src/stm32f1xx_it.c                    0x00000000   Number         0  stm32f1xx_it.o ABSOLUTE
    ../clib/microlib/ctype/ctype.c           0x00000000   Number         0  islower_o.o ABSOLUTE
    ../clib/microlib/ctype/ctype.c           0x00000000   Number         0  isgraph_o.o ABSOLUTE
    ../clib/microlib/ctype/ctype.c           0x00000000   Number         0  isdigit_o.o ABSOLUTE
    ../clib/microlib/ctype/ctype.c           0x00000000   Number         0  isxdigit_o.o ABSOLUTE
    ../clib/microlib/ctype/ctype.c           0x00000000   Number         0  isupper_o.o ABSOLUTE
    ../clib/microlib/ctype/ctype.c           0x00000000   Number         0  iscntrl_o.o ABSOLUTE
    ../clib/microlib/ctype/ctype.c           0x00000000   Number         0  isblank_o.o ABSOLUTE
    ../clib/microlib/ctype/ctype.c           0x00000000   Number         0  isalpha_o.o ABSOLUTE
    ../clib/microlib/ctype/ctype.c           0x00000000   Number         0  isalnum_o.o ABSOLUTE
    ../clib/microlib/ctype/ctype.c           0x00000000   Number         0  ctype_o.o ABSOLUTE
    ../clib/microlib/ctype/ctype.c           0x00000000   Number         0  isspace_o.o ABSOLUTE
    ../clib/microlib/ctype/ctype.c           0x00000000   Number         0  ispunct_o.o ABSOLUTE
    ../clib/microlib/ctype/ctype.c           0x00000000   Number         0  isprint_o.o ABSOLUTE
    ../clib/microlib/division.c              0x00000000   Number         0  uidiv.o ABSOLUTE
    ../clib/microlib/division.c              0x00000000   Number         0  uldiv.o ABSOLUTE
    ../clib/microlib/errno.c                 0x00000000   Number         0  errno.o ABSOLUTE
    ../clib/microlib/init/entry.s            0x00000000   Number         0  entry2.o ABSOLUTE
    ../clib/microlib/init/entry.s            0x00000000   Number         0  entry5.o ABSOLUTE
    ../clib/microlib/init/entry.s            0x00000000   Number         0  entry11b.o ABSOLUTE
    ../clib/microlib/init/entry.s            0x00000000   Number         0  entry11a.o ABSOLUTE
    ../clib/microlib/init/entry.s            0x00000000   Number         0  entry10b.o ABSOLUTE
    ../clib/microlib/init/entry.s            0x00000000   Number         0  entry10a.o ABSOLUTE
    ../clib/microlib/init/entry.s            0x00000000   Number         0  entry9b.o ABSOLUTE
    ../clib/microlib/init/entry.s            0x00000000   Number         0  entry9a.o ABSOLUTE
    ../clib/microlib/init/entry.s            0x00000000   Number         0  entry8a.o ABSOLUTE
    ../clib/microlib/init/entry.s            0x00000000   Number         0  entry7b.o ABSOLUTE
    ../clib/microlib/init/entry.s            0x00000000   Number         0  entry7a.o ABSOLUTE
    ../clib/microlib/init/entry.s            0x00000000   Number         0  entry8b.o ABSOLUTE
    ../clib/microlib/init/entry.s            0x00000000   Number         0  entry.o ABSOLUTE
    ../clib/microlib/longlong.c              0x00000000   Number         0  llushr.o ABSOLUTE
    ../clib/microlib/longlong.c              0x00000000   Number         0  llsshr.o ABSOLUTE
    ../clib/microlib/longlong.c              0x00000000   Number         0  llshl.o ABSOLUTE
    ../clib/microlib/printf/printf.c         0x00000000   Number         0  printf6.o ABSOLUTE
    ../clib/microlib/printf/printf.c         0x00000000   Number         0  printf0.o ABSOLUTE
    ../clib/microlib/printf/printf.c         0x00000000   Number         0  printf1.o ABSOLUTE
    ../clib/microlib/printf/printf.c         0x00000000   Number         0  printf2.o ABSOLUTE
    ../clib/microlib/printf/printf.c         0x00000000   Number         0  printf3.o ABSOLUTE
    ../clib/microlib/printf/printf.c         0x00000000   Number         0  printf4.o ABSOLUTE
    ../clib/microlib/printf/printf.c         0x00000000   Number         0  printf7.o ABSOLUTE
    ../clib/microlib/printf/printf.c         0x00000000   Number         0  printfb.o ABSOLUTE
    ../clib/microlib/printf/printf.c         0x00000000   Number         0  printfa.o ABSOLUTE
    ../clib/microlib/printf/printf.c         0x00000000   Number         0  printf8.o ABSOLUTE
    ../clib/microlib/printf/printf.c         0x00000000   Number         0  printf5.o ABSOLUTE
    ../clib/microlib/printf/stubs.s          0x00000000   Number         0  stubs.o ABSOLUTE
    ../clib/microlib/string/memset.c         0x00000000   Number         0  memseta.o ABSOLUTE
    ../clib/microlib/string/strlen.c         0x00000000   Number         0  strlen.o ABSOLUTE
    ../clib/microlib/string/strncmp.c        0x00000000   Number         0  strncmp.o ABSOLUTE
    ../clib/microlib/string/strncpy.c        0x00000000   Number         0  strncpy.o ABSOLUTE
    ../clib/microlib/string/strrchr.c        0x00000000   Number         0  strrchr.o ABSOLUTE
    ../clib/microlib/string/strtok.c         0x00000000   Number         0  strtok_r.o ABSOLUTE
    ../clib/microlib/string/strtok.c         0x00000000   Number         0  strtok.o ABSOLUTE
    ../clib/microlib/stubs.s                 0x00000000   Number         0  iusefp.o ABSOLUTE
    ../clib/scanf.c                          0x00000000   Number         0  _strtoul.o ABSOLUTE
    ../clib/scanf.c                          0x00000000   Number         0  strtol.o ABSOLUTE
    ../clib/scanf.c                          0x00000000   Number         0  _chval.o ABSOLUTE
    ../fplib/microlib/fpadd.c                0x00000000   Number         0  dadd.o ABSOLUTE
    ../fplib/microlib/fpdiv.c                0x00000000   Number         0  ddiv.o ABSOLUTE
    ../fplib/microlib/fpepilogue.c           0x00000000   Number         0  fepilogue.o ABSOLUTE
    ../fplib/microlib/fpepilogue.c           0x00000000   Number         0  depilogue.o ABSOLUTE
    ../fplib/microlib/fpfix.c                0x00000000   Number         0  dfixul.o ABSOLUTE
    ../fplib/microlib/fpflt.c                0x00000000   Number         0  ffltui.o ABSOLUTE
    ../fplib/microlib/fpmul.c                0x00000000   Number         0  dmul.o ABSOLUTE
    ..\Drivers\CMSIS\Device\ST\STM32F1xx\Source\Templates\system_stm32f1xx.c 0x00000000   Number         0  system_stm32f1xx.o ABSOLUTE
    ..\Drivers\STM32F1xx_HAL_Driver\Src\stm32f1xx_hal.c 0x00000000   Number         0  stm32f1xx_hal.o ABSOLUTE
    ..\Drivers\STM32F1xx_HAL_Driver\Src\stm32f1xx_hal_adc.c 0x00000000   Number         0  stm32f1xx_hal_adc.o ABSOLUTE
    ..\Drivers\STM32F1xx_HAL_Driver\Src\stm32f1xx_hal_adc_ex.c 0x00000000   Number         0  stm32f1xx_hal_adc_ex.o ABSOLUTE
    ..\Drivers\STM32F1xx_HAL_Driver\Src\stm32f1xx_hal_cortex.c 0x00000000   Number         0  stm32f1xx_hal_cortex.o ABSOLUTE
    ..\Drivers\STM32F1xx_HAL_Driver\Src\stm32f1xx_hal_dma.c 0x00000000   Number         0  stm32f1xx_hal_dma.o ABSOLUTE
    ..\Drivers\STM32F1xx_HAL_Driver\Src\stm32f1xx_hal_flash.c 0x00000000   Number         0  stm32f1xx_hal_flash.o ABSOLUTE
    ..\Drivers\STM32F1xx_HAL_Driver\Src\stm32f1xx_hal_flash_ex.c 0x00000000   Number         0  stm32f1xx_hal_flash_ex.o ABSOLUTE
    ..\Drivers\STM32F1xx_HAL_Driver\Src\stm32f1xx_hal_gpio.c 0x00000000   Number         0  stm32f1xx_hal_gpio.o ABSOLUTE
    ..\Drivers\STM32F1xx_HAL_Driver\Src\stm32f1xx_hal_gpio_ex.c 0x00000000   Number         0  stm32f1xx_hal_gpio_ex.o ABSOLUTE
    ..\Drivers\STM32F1xx_HAL_Driver\Src\stm32f1xx_hal_pwr.c 0x00000000   Number         0  stm32f1xx_hal_pwr.o ABSOLUTE
    ..\Drivers\STM32F1xx_HAL_Driver\Src\stm32f1xx_hal_rcc.c 0x00000000   Number         0  stm32f1xx_hal_rcc.o ABSOLUTE
    ..\Drivers\STM32F1xx_HAL_Driver\Src\stm32f1xx_hal_rcc_ex.c 0x00000000   Number         0  stm32f1xx_hal_rcc_ex.o ABSOLUTE
    ..\Drivers\STM32F1xx_HAL_Driver\Src\stm32f1xx_hal_rtc.c 0x00000000   Number         0  stm32f1xx_hal_rtc.o ABSOLUTE
    ..\Drivers\STM32F1xx_HAL_Driver\Src\stm32f1xx_hal_rtc_ex.c 0x00000000   Number         0  stm32f1xx_hal_rtc_ex.o ABSOLUTE
    ..\Drivers\STM32F1xx_HAL_Driver\Src\stm32f1xx_hal_tim.c 0x00000000   Number         0  stm32f1xx_hal_tim.o ABSOLUTE
    ..\Drivers\STM32F1xx_HAL_Driver\Src\stm32f1xx_hal_tim_ex.c 0x00000000   Number         0  stm32f1xx_hal_tim_ex.o ABSOLUTE
    ..\Drivers\STM32F1xx_HAL_Driver\Src\stm32f1xx_hal_uart.c 0x00000000   Number         0  stm32f1xx_hal_uart.o ABSOLUTE
    ..\Src\DS18B20.c                         0x00000000   Number         0  ds18b20.o ABSOLUTE
    ..\Src\LED.cpp                           0x00000000   Number         0  led.o ABSOLUTE
    ..\Src\main.c                            0x00000000   Number         0  main.o ABSOLUTE
    ..\Src\stm32f1xx_hal_msp.c               0x00000000   Number         0  stm32f1xx_hal_msp.o ABSOLUTE
    ..\Src\stm32f1xx_it.c                    0x00000000   Number         0  stm32f1xx_it.o ABSOLUTE
    ..\\Src\\DS18B20.c                       0x00000000   Number         0  ds18b20.o ABSOLUTE
    ..\\Src\\LED.cpp                         0x00000000   Number         0  led.o ABSOLUTE
    Auxiliary.cpp                            0x00000000   Number         0  auxiliary.o ABSOLUTE
    Auxiliary.cpp                            0x00000000   Number         0  auxiliary.o ABSOLUTE
    CLI.cpp                                  0x00000000   Number         0  cli.o ABSOLUTE
    CLI.cpp                                  0x00000000   Number         0  cli.o ABSOLUTE
    FlashMemory.c                            0x00000000   Number         0  flashmemory.o ABSOLUTE
    FlashMemory.c                            0x00000000   Number         0  flashmemory.o ABSOLUTE
    cdrcmple.s                               0x00000000   Number         0  cdrcmple.o ABSOLUTE
    dc.s                                     0x00000000   Number         0  dc.o ABSOLUTE
    handlers.s                               0x00000000   Number         0  handlers.o ABSOLUTE
    init.s                                   0x00000000   Number         0  init.o ABSOLUTE
    serial.c                                 0x00000000   Number         0  serial.o ABSOLUTE
    serial.c                                 0x00000000   Number         0  serial.o ABSOLUTE
    startup_stm32f103xb.s                    0x00000000   Number         0  startup_stm32f103xb.o ABSOLUTE
    RESET                                    0x08000000   Section      236  startup_stm32f103xb.o(RESET)
    .ARM.Collect$$$$00000000                 0x080000ec   Section        0  entry.o(.ARM.Collect$$$$00000000)
    .ARM.Collect$$$$00000001                 0x080000ec   Section        4  entry2.o(.ARM.Collect$$$$00000001)
    .ARM.Collect$$$$00000004                 0x080000f0   Section        4  entry5.o(.ARM.Collect$$$$00000004)
    .ARM.Collect$$$$00000008                 0x080000f4   Section        0  entry7b.o(.ARM.Collect$$$$00000008)
    .ARM.Collect$$$$0000000A                 0x080000f4   Section        0  entry8b.o(.ARM.Collect$$$$0000000A)
    .ARM.Collect$$$$0000000B                 0x080000f4   Section        8  entry9a.o(.ARM.Collect$$$$0000000B)
    .ARM.Collect$$$$0000000D                 0x080000fc   Section        0  entry10a.o(.ARM.Collect$$$$0000000D)
    .ARM.Collect$$$$0000000F                 0x080000fc   Section        0  entry11a.o(.ARM.Collect$$$$0000000F)
    .ARM.Collect$$$$00002712                 0x080000fc   Section        4  entry2.o(.ARM.Collect$$$$00002712)
    __lit__00000000                          0x080000fc   Data           4  entry2.o(.ARM.Collect$$$$00002712)
    .text                                    0x08000100   Section       36  startup_stm32f103xb.o(.text)
    .text                                    0x08000124   Section        0  memseta.o(.text)
    .text                                    0x08000148   Section        0  strncpy.o(.text)
    .text                                    0x08000160   Section        0  strlen.o(.text)
    .text                                    0x0800016e   Section        0  strncmp.o(.text)
    .text                                    0x0800018c   Section        0  strtok.o(.text)
    .text                                    0x080001d0   Section        0  strrchr.o(.text)
    .text                                    0x080001f0   Section        0  strtol.o(.text)
    .text                                    0x08000260   Section        0  ffltui.o(.text)
    .text                                    0x0800026a   Section        0  uidiv.o(.text)
    .text                                    0x08000298   Section        0  ctype_o.o(.text)
    .text                                    0x080002a0   Section        0  _strtoul.o(.text)
    .text                                    0x0800033e   Section        0  fepilogue.o(.text)
    .text                                    0x0800033e   Section        0  iusefp.o(.text)
    .text                                    0x080003ac   Section       36  init.o(.text)
    .text                                    0x080003d0   Section        0  _chval.o(.text)
    i.ADC1_2_IRQHandler                      0x080003ec   Section        0  stm32f1xx_it.o(i.ADC1_2_IRQHandler)
    i.ADC_ConversionStop_Disable             0x080003f8   Section        0  stm32f1xx_hal_adc.o(i.ADC_ConversionStop_Disable)
    i.ADC_Enable                             0x08000444   Section        0  stm32f1xx_hal_adc.o(i.ADC_Enable)
    i.AdcDatahandler                         0x080004b4   Section        0  auxiliary.o(i.AdcDatahandler)
    i.Auxiliary                              0x08000518   Section        0  auxiliary.o(i.Auxiliary)
    i.BusFault_Handler                       0x080005c4   Section        0  stm32f1xx_it.o(i.BusFault_Handler)
    i.CLI_toogleEcho                         0x080005c8   Section        0  cli.o(i.CLI_toogleEcho)
    i.CReturnCmd                             0x08000614   Section        0  cli.o(i.CReturnCmd)
    i.ClearCmdAndArguments                   0x08000640   Section        0  cli.o(i.ClearCmdAndArguments)
    i.CliGetTemperature                      0x0800067c   Section        0  auxiliary.o(i.CliGetTemperature)
    i.DebugMon_Handler                       0x080006e0   Section        0  stm32f1xx_it.o(i.DebugMon_Handler)
    i.ESP_UART_alt                           0x080006e4   Section        0  cli.o(i.ESP_UART_alt)
    i.FAN_SWITCH                             0x080006f8   Section        0  auxiliary.o(i.FAN_SWITCH)
    i.FanLogic                               0x080007dc   Section        0  auxiliary.o(i.FanLogic)
    i.GetCommands                            0x08000940   Section        0  cli.o(i.GetCommands)
    i.GetTemperature                         0x08000a48   Section        0  ds18b20.o(i.GetTemperature)
    i.HAL_ADCEx_InjectedConfigChannel        0x08000aa0   Section        0  stm32f1xx_hal_adc_ex.o(i.HAL_ADCEx_InjectedConfigChannel)
    i.HAL_ADCEx_InjectedConvCpltCallback     0x08000cd8   Section        0  main.o(i.HAL_ADCEx_InjectedConvCpltCallback)
    i.HAL_ADCEx_InjectedGetValue             0x08000d08   Section        0  stm32f1xx_hal_adc_ex.o(i.HAL_ADCEx_InjectedGetValue)
    i.HAL_ADCEx_InjectedStart_IT             0x08000d28   Section        0  stm32f1xx_hal_adc_ex.o(i.HAL_ADCEx_InjectedStart_IT)
    i.HAL_ADC_ConvCpltCallback               0x08000ddc   Section        0  stm32f1xx_hal_adc.o(i.HAL_ADC_ConvCpltCallback)
    i.HAL_ADC_IRQHandler                     0x08000dde   Section        0  stm32f1xx_hal_adc.o(i.HAL_ADC_IRQHandler)
    i.HAL_ADC_Init                           0x08000ec4   Section        0  stm32f1xx_hal_adc.o(i.HAL_ADC_Init)
    i.HAL_ADC_LevelOutOfWindowCallback       0x08000ff8   Section        0  stm32f1xx_hal_adc.o(i.HAL_ADC_LevelOutOfWindowCallback)
    i.HAL_ADC_MspInit                        0x08000ffc   Section        0  stm32f1xx_hal_msp.o(i.HAL_ADC_MspInit)
    i.HAL_Delay                              0x0800104c   Section        0  stm32f1xx_hal.o(i.HAL_Delay)
    i.HAL_GPIO_Init                          0x08001064   Section        0  stm32f1xx_hal_gpio.o(i.HAL_GPIO_Init)
    i.HAL_GPIO_ReadPin                       0x08001220   Section        0  stm32f1xx_hal_gpio.o(i.HAL_GPIO_ReadPin)
    i.HAL_GPIO_WritePin                      0x0800122a   Section        0  stm32f1xx_hal_gpio.o(i.HAL_GPIO_WritePin)
    i.HAL_GetTick                            0x08001238   Section        0  stm32f1xx_hal.o(i.HAL_GetTick)
    i.HAL_IncTick                            0x08001244   Section        0  stm32f1xx_hal.o(i.HAL_IncTick)
    i.HAL_Init                               0x08001254   Section        0  stm32f1xx_hal.o(i.HAL_Init)
    i.HAL_InitTick                           0x08001278   Section        0  stm32f1xx_hal.o(i.HAL_InitTick)
    i.HAL_MspInit                            0x0800129c   Section        0  stm32f1xx_hal_msp.o(i.HAL_MspInit)
    i.HAL_NVIC_EnableIRQ                     0x0800131c   Section        0  stm32f1xx_hal_cortex.o(i.HAL_NVIC_EnableIRQ)
    i.HAL_NVIC_SetPriority                   0x08001334   Section        0  stm32f1xx_hal_cortex.o(i.HAL_NVIC_SetPriority)
    i.HAL_NVIC_SetPriorityGrouping           0x08001374   Section        0  stm32f1xx_hal_cortex.o(i.HAL_NVIC_SetPriorityGrouping)
    i.HAL_PWR_EnableBkUpAccess               0x08001398   Section        0  stm32f1xx_hal_pwr.o(i.HAL_PWR_EnableBkUpAccess)
    i.HAL_RCCEx_GetPeriphCLKFreq             0x080013b0   Section        0  stm32f1xx_hal_rcc_ex.o(i.HAL_RCCEx_GetPeriphCLKFreq)
    i.HAL_RCCEx_PeriphCLKConfig              0x080014a0   Section        0  stm32f1xx_hal_rcc_ex.o(i.HAL_RCCEx_PeriphCLKConfig)
    i.HAL_RCC_ClockConfig                    0x080015cc   Section        0  stm32f1xx_hal_rcc.o(i.HAL_RCC_ClockConfig)
    i.HAL_RCC_GetHCLKFreq                    0x08001754   Section        0  stm32f1xx_hal_rcc.o(i.HAL_RCC_GetHCLKFreq)
    i.HAL_RCC_GetPCLK1Freq                   0x08001760   Section        0  stm32f1xx_hal_rcc.o(i.HAL_RCC_GetPCLK1Freq)
    i.HAL_RCC_GetPCLK2Freq                   0x08001790   Section        0  stm32f1xx_hal_rcc.o(i.HAL_RCC_GetPCLK2Freq)
    i.HAL_RCC_GetSysClockFreq                0x080017c0   Section        0  stm32f1xx_hal_rcc.o(i.HAL_RCC_GetSysClockFreq)
    i.HAL_RCC_OscConfig                      0x08001848   Section        0  stm32f1xx_hal_rcc.o(i.HAL_RCC_OscConfig)
    i.HAL_RTC_Init                           0x08001dc8   Section        0  stm32f1xx_hal_rtc.o(i.HAL_RTC_Init)
    i.HAL_RTC_MspInit                        0x08001e68   Section        0  stm32f1xx_hal_msp.o(i.HAL_RTC_MspInit)
    i.HAL_RTC_WaitForSynchro                 0x08001eac   Section        0  stm32f1xx_hal_rtc.o(i.HAL_RTC_WaitForSynchro)
    i.HAL_SYSTICK_CLKSourceConfig            0x08001ee6   Section        0  stm32f1xx_hal_cortex.o(i.HAL_SYSTICK_CLKSourceConfig)
    i.HAL_SYSTICK_Callback                   0x08001efe   Section        0  stm32f1xx_hal_cortex.o(i.HAL_SYSTICK_Callback)
    i.HAL_SYSTICK_Config                     0x08001f00   Section        0  stm32f1xx_hal_cortex.o(i.HAL_SYSTICK_Config)
    i.HAL_SYSTICK_IRQHandler                 0x08001f28   Section        0  stm32f1xx_hal_cortex.o(i.HAL_SYSTICK_IRQHandler)
    i.HAL_TIMEx_MasterConfigSynchronization  0x08001f30   Section        0  stm32f1xx_hal_tim_ex.o(i.HAL_TIMEx_MasterConfigSynchronization)
    i.HAL_TIM_Base_Init                      0x08001f80   Section        0  stm32f1xx_hal_tim.o(i.HAL_TIM_Base_Init)
    i.HAL_TIM_Base_MspInit                   0x08001fb8   Section        0  stm32f1xx_hal_msp.o(i.HAL_TIM_Base_MspInit)
    i.HAL_TIM_Base_Start                     0x08001fe0   Section        0  stm32f1xx_hal_tim.o(i.HAL_TIM_Base_Start)
    i.HAL_TIM_ConfigClockSource              0x08001ffa   Section        0  stm32f1xx_hal_tim.o(i.HAL_TIM_ConfigClockSource)
    i.HAL_TIM_MspPostInit                    0x080020ec   Section        0  stm32f1xx_hal_msp.o(i.HAL_TIM_MspPostInit)
    i.HAL_TIM_PWM_ConfigChannel              0x08002148   Section        0  stm32f1xx_hal_tim.o(i.HAL_TIM_PWM_ConfigChannel)
    i.HAL_TIM_PWM_Init                       0x08002218   Section        0  stm32f1xx_hal_tim.o(i.HAL_TIM_PWM_Init)
    i.HAL_TIM_PWM_MspInit                    0x08002250   Section        0  stm32f1xx_hal_msp.o(i.HAL_TIM_PWM_MspInit)
    i.HAL_TIM_PWM_Start                      0x0800228c   Section        0  stm32f1xx_hal_tim.o(i.HAL_TIM_PWM_Start)
    i.HAL_UART_ErrorCallback                 0x080022bc   Section        0  stm32f1xx_hal_uart.o(i.HAL_UART_ErrorCallback)
    i.HAL_UART_IRQHandler                    0x080022c0   Section        0  stm32f1xx_hal_uart.o(i.HAL_UART_IRQHandler)
    i.HAL_UART_Init                          0x0800239a   Section        0  stm32f1xx_hal_uart.o(i.HAL_UART_Init)
    i.HAL_UART_MspInit                       0x080023f8   Section        0  stm32f1xx_hal_msp.o(i.HAL_UART_MspInit)
    i.HAL_UART_RxCpltCallback                0x08002460   Section        0  stm32f1xx_hal_uart.o(i.HAL_UART_RxCpltCallback)
    i.HAL_UART_Transmit                      0x08002464   Section        0  stm32f1xx_hal_uart.o(i.HAL_UART_Transmit)
    i.HAL_UART_TxCpltCallback                0x08002530   Section        0  stm32f1xx_hal_uart.o(i.HAL_UART_TxCpltCallback)
    i.HardFault_Handler                      0x08002532   Section        0  stm32f1xx_it.o(i.HardFault_Handler)
    i.LED_CLI                                0x08002534   Section        0  led.o(i.LED_CLI)
    i.LED_CVAL                               0x08002b30   Section        0  led.o(i.LED_CVAL)
    i.LED_PWMbyNum                           0x08002b4c   Section        0  led.o(i.LED_PWMbyNum)
    i.LED_SW                                 0x08002b78   Section        0  led.o(i.LED_SW)
    i.LED_StatebyNum                         0x08002c34   Section        0  led.o(i.LED_StatebyNum)
    i.LED_ValuebyNum                         0x08002c60   Section        0  led.o(i.LED_ValuebyNum)
    i.MX_ADC1_Init                           0x08002c8c   Section        0  main.o(i.MX_ADC1_Init)
    MX_ADC1_Init                             0x08002c8d   Thumb Code   100  main.o(i.MX_ADC1_Init)
    i.MX_GPIO_Init                           0x08002cf8   Section        0  main.o(i.MX_GPIO_Init)
    MX_GPIO_Init                             0x08002cf9   Thumb Code   244  main.o(i.MX_GPIO_Init)
    i.MX_TIM2_Init                           0x08002df8   Section        0  main.o(i.MX_TIM2_Init)
    MX_TIM2_Init                             0x08002df9   Thumb Code    84  main.o(i.MX_TIM2_Init)
    i.MX_TIM4_Init                           0x08002e54   Section        0  main.o(i.MX_TIM4_Init)
    MX_TIM4_Init                             0x08002e55   Thumb Code   124  main.o(i.MX_TIM4_Init)
    i.MemManage_Handler                      0x08002ed8   Section        0  stm32f1xx_it.o(i.MemManage_Handler)
    i.NMI_Handler                            0x08002eda   Section        0  stm32f1xx_it.o(i.NMI_Handler)
    i.NVIC_SetPriority                       0x08002edc   Section        0  stm32f1xx_hal_cortex.o(i.NVIC_SetPriority)
    NVIC_SetPriority                         0x08002edd   Thumb Code    32  stm32f1xx_hal_cortex.o(i.NVIC_SetPriority)
    i.PSU_SWITCH                             0x08002efc   Section        0  auxiliary.o(i.PSU_SWITCH)
    i.ParseCmdString                         0x08002fbc   Section        0  cli.o(i.ParseCmdString)
    i.PendSV_Handler                         0x08002ffc   Section        0  stm32f1xx_it.o(i.PendSV_Handler)
    i.RTC_EnterInitMode                      0x08002ffe   Section        0  stm32f1xx_hal_rtc.o(i.RTC_EnterInitMode)
    RTC_EnterInitMode                        0x08002fff   Thumb Code    52  stm32f1xx_hal_rtc.o(i.RTC_EnterInitMode)
    i.RTC_ExitInitMode                       0x08003034   Section        0  stm32f1xx_hal_rtc.o(i.RTC_ExitInitMode)
    RTC_ExitInitMode                         0x08003035   Thumb Code    54  stm32f1xx_hal_rtc.o(i.RTC_ExitInitMode)
    i.SVC_Handler                            0x0800306a   Section        0  stm32f1xx_it.o(i.SVC_Handler)
    i.SliceCmd                               0x0800306c   Section        0  cli.o(i.SliceCmd)
    i.Status                                 0x080030f8   Section        0  cli.o(i.Status)
    i.SysTick_Handler                        0x080032c4   Section        0  stm32f1xx_it.o(i.SysTick_Handler)
    i.SystemClock_Config                     0x080032d2   Section        0  main.o(i.SystemClock_Config)
    i.SystemInit                             0x0800335c   Section        0  system_stm32f1xx.o(i.SystemInit)
    i.TIM_Base_SetConfig                     0x080033a4   Section        0  stm32f1xx_hal_tim.o(i.TIM_Base_SetConfig)
    i.TIM_CCxChannelCmd                      0x08003408   Section        0  stm32f1xx_hal_tim.o(i.TIM_CCxChannelCmd)
    i.TIM_ETR_SetConfig                      0x0800341e   Section        0  stm32f1xx_hal_tim.o(i.TIM_ETR_SetConfig)
    TIM_ETR_SetConfig                        0x0800341f   Thumb Code    20  stm32f1xx_hal_tim.o(i.TIM_ETR_SetConfig)
    i.TIM_ITRx_SetConfig                     0x08003432   Section        0  stm32f1xx_hal_tim.o(i.TIM_ITRx_SetConfig)
    TIM_ITRx_SetConfig                       0x08003433   Thumb Code    16  stm32f1xx_hal_tim.o(i.TIM_ITRx_SetConfig)
    i.TIM_OC1_SetConfig                      0x08003444   Section        0  stm32f1xx_hal_tim.o(i.TIM_OC1_SetConfig)
    TIM_OC1_SetConfig                        0x08003445   Thumb Code    74  stm32f1xx_hal_tim.o(i.TIM_OC1_SetConfig)
    i.TIM_OC2_SetConfig                      0x08003494   Section        0  stm32f1xx_hal_tim.o(i.TIM_OC2_SetConfig)
    i.TIM_OC3_SetConfig                      0x080034ec   Section        0  stm32f1xx_hal_tim.o(i.TIM_OC3_SetConfig)
    TIM_OC3_SetConfig                        0x080034ed   Thumb Code    82  stm32f1xx_hal_tim.o(i.TIM_OC3_SetConfig)
    i.TIM_OC4_SetConfig                      0x08003544   Section        0  stm32f1xx_hal_tim.o(i.TIM_OC4_SetConfig)
    TIM_OC4_SetConfig                        0x08003545   Thumb Code    64  stm32f1xx_hal_tim.o(i.TIM_OC4_SetConfig)
    i.TIM_TI1_ConfigInputStage               0x08003588   Section        0  stm32f1xx_hal_tim.o(i.TIM_TI1_ConfigInputStage)
    TIM_TI1_ConfigInputStage                 0x08003589   Thumb Code    34  stm32f1xx_hal_tim.o(i.TIM_TI1_ConfigInputStage)
    i.TIM_TI2_ConfigInputStage               0x080035aa   Section        0  stm32f1xx_hal_tim.o(i.TIM_TI2_ConfigInputStage)
    TIM_TI2_ConfigInputStage                 0x080035ab   Thumb Code    36  stm32f1xx_hal_tim.o(i.TIM_TI2_ConfigInputStage)
    i.UART_Receive_IT                        0x080035d0   Section        0  stm32f1xx_hal_uart.o(i.UART_Receive_IT)
    UART_Receive_IT                          0x080035d1   Thumb Code   168  stm32f1xx_hal_uart.o(i.UART_Receive_IT)
    i.UART_SetConfig                         0x08003678   Section        0  stm32f1xx_hal_uart.o(i.UART_SetConfig)
    UART_SetConfig                           0x08003679   Thumb Code   364  stm32f1xx_hal_uart.o(i.UART_SetConfig)
    i.UART_Transmit_IT                       0x080037e8   Section        0  stm32f1xx_hal_uart.o(i.UART_Transmit_IT)
    UART_Transmit_IT                         0x080037e9   Thumb Code   102  stm32f1xx_hal_uart.o(i.UART_Transmit_IT)
    i.UART_WaitOnFlagUntilTimeout            0x0800384e   Section        0  stm32f1xx_hal_uart.o(i.UART_WaitOnFlagUntilTimeout)
    UART_WaitOnFlagUntilTimeout              0x0800384f   Thumb Code   146  stm32f1xx_hal_uart.o(i.UART_WaitOnFlagUntilTimeout)
    i.USART3_IRQHandler                      0x080038e0   Section        0  stm32f1xx_it.o(i.USART3_IRQHandler)
    i.UsageFault_Handler                     0x08003970   Section        0  stm32f1xx_it.o(i.UsageFault_Handler)
    i.__0printf$1                            0x08003974   Section        0  printf1.o(i.__0printf$1)
    i.__aeabi_errno_addr                     0x08003994   Section        0  errno.o(i.__aeabi_errno_addr)
    i.__scatterload_copy                     0x0800399c   Section       14  handlers.o(i.__scatterload_copy)
    i.__scatterload_null                     0x080039aa   Section        2  handlers.o(i.__scatterload_null)
    i.__scatterload_zeroinit                 0x080039ac   Section       14  handlers.o(i.__scatterload_zeroinit)
    i._printf_core                           0x080039bc   Section        0  printf1.o(i._printf_core)
    _printf_core                             0x080039bd   Thumb Code   336  printf1.o(i._printf_core)
    i.char2int                               0x08003b10   Section        0  cli.o(i.char2int)
    i.ds_read_bit                            0x08003b20   Section        0  ds18b20.o(i.ds_read_bit)
    i.ds_read_byte                           0x08003b5c   Section        0  ds18b20.o(i.ds_read_byte)
    i.ds_read_data_single                    0x08003b82   Section        0  ds18b20.o(i.ds_read_data_single)
    i.ds_read_temperature                    0x08003bf4   Section        0  ds18b20.o(i.ds_read_temperature)
    i.ds_reset_pulse                         0x08003c48   Section        0  ds18b20.o(i.ds_reset_pulse)
    i.ds_start_convert_single                0x08003ca0   Section        0  ds18b20.o(i.ds_start_convert_single)
    i.ds_write_bit                           0x08003cc4   Section        0  ds18b20.o(i.ds_write_bit)
    i.ds_write_byte                          0x08003cf8   Section        0  ds18b20.o(i.ds_write_byte)
    i.fputc                                  0x08003d1c   Section        0  serial.o(i.fputc)
    i.main                                   0x08003d34   Section        0  main.o(i.main)
    i.substring_cut                          0x08003e6c   Section        0  cli.o(i.substring_cut)
    .constdata                               0x08003ea8   Section        1  cli.o(.constdata)
    .constdata                               0x08003ea9   Section       16  system_stm32f1xx.o(.constdata)
    .constdata                               0x08003eb9   Section        8  system_stm32f1xx.o(.constdata)
    .constdata                               0x08003ec1   Section      129  ctype_o.o(.constdata)
    .constdata                               0x08003f44   Section        4  ctype_o.o(.constdata)
    table                                    0x08003f44   Data           4  ctype_o.o(.constdata)
    .data                                    0x20000000   Section        2  main.o(.data)
    .data                                    0x20000002   Section        4  stm32f1xx_it.o(.data)
    .data                                    0x20000008   Section       84  led.o(.data)
    .data                                    0x2000005c   Section       12  cli.o(.data)
    .data                                    0x20000068   Section        4  serial.o(.data)
    .data                                    0x2000006c   Section       54  auxiliary.o(.data)
    .data                                    0x200000a4   Section       24  ds18b20.o(.data)
    .data                                    0x200000bc   Section        4  system_stm32f1xx.o(.data)
    .data                                    0x200000c0   Section        4  stm32f1xx_hal.o(.data)
    uwTick                                   0x200000c0   Data           4  stm32f1xx_hal.o(.data)
    .data                                    0x200000c4   Section        4  strtok.o(.data)
    state                                    0x200000c4   Data           4  strtok.o(.data)
    .data                                    0x200000c8   Section        4  errno.o(.data)
    _errno                                   0x200000c8   Data           4  errno.o(.data)
    .bss                                     0x200000cc   Section      312  main.o(.bss)
    .bss                                     0x20000204   Section      430  stm32f1xx_it.o(.bss)
    .bss                                     0x200003b2   Section      300  cli.o(.bss)
    STACK                                    0x200004e0   Section     1024  startup_stm32f103xb.o(STACK)

    Global Symbols

    Symbol Name                              Value     Ov Type        Size  Object(Section)

    BuildAttributes$$THM_ISAv4$P$D$K$B$S$PE$A:L22UL41UL21$X:L11$S22US41US21$IEEE1$IW$USESV6$~STKCKD$USESV7$~SHL$OTIME$ROPI$EBA8$MICROLIB$REQ8$PRES8$EABIv2 0x00000000   Number         0  anon$$obj.o ABSOLUTE
    __ARM_use_no_argv                        0x00000000   Number         0  main.o ABSOLUTE
    _printf_a                                0x00000000   Number         0  stubs.o ABSOLUTE
    _printf_c                                0x00000000   Number         0  stubs.o ABSOLUTE
    _printf_charcount                        0x00000000   Number         0  stubs.o ABSOLUTE
    _printf_d                                0x00000000   Number         0  stubs.o ABSOLUTE
    _printf_e                                0x00000000   Number         0  stubs.o ABSOLUTE
    _printf_f                                0x00000000   Number         0  stubs.o ABSOLUTE
    _printf_flags                            0x00000000   Number         0  stubs.o ABSOLUTE
    _printf_fp_dec                           0x00000000   Number         0  stubs.o ABSOLUTE
    _printf_fp_hex                           0x00000000   Number         0  stubs.o ABSOLUTE
    _printf_g                                0x00000000   Number         0  stubs.o ABSOLUTE
    _printf_i                                0x00000000   Number         0  stubs.o ABSOLUTE
    _printf_int_dec                          0x00000000   Number         0  stubs.o ABSOLUTE
    _printf_l                                0x00000000   Number         0  stubs.o ABSOLUTE
    _printf_lc                               0x00000000   Number         0  stubs.o ABSOLUTE
    _printf_ll                               0x00000000   Number         0  stubs.o ABSOLUTE
    _printf_lld                              0x00000000   Number         0  stubs.o ABSOLUTE
    _printf_lli                              0x00000000   Number         0  stubs.o ABSOLUTE
    _printf_llo                              0x00000000   Number         0  stubs.o ABSOLUTE
    _printf_llu                              0x00000000   Number         0  stubs.o ABSOLUTE
    _printf_llx                              0x00000000   Number         0  stubs.o ABSOLUTE
    _printf_longlong_dec                     0x00000000   Number         0  stubs.o ABSOLUTE
    _printf_longlong_hex                     0x00000000   Number         0  stubs.o ABSOLUTE
    _printf_longlong_oct                     0x00000000   Number         0  stubs.o ABSOLUTE
    _printf_ls                               0x00000000   Number         0  stubs.o ABSOLUTE
    _printf_mbtowc                           0x00000000   Number         0  stubs.o ABSOLUTE
    _printf_n                                0x00000000   Number         0  stubs.o ABSOLUTE
    _printf_o                                0x00000000   Number         0  stubs.o ABSOLUTE
    _printf_p                                0x00000000   Number         0  stubs.o ABSOLUTE
    _printf_percent                          0x00000000   Number         0  stubs.o ABSOLUTE
    _printf_pre_padding                      0x00000000   Number         0  stubs.o ABSOLUTE
    _printf_return_value                     0x00000000   Number         0  stubs.o ABSOLUTE
    _printf_s                                0x00000000   Number         0  stubs.o ABSOLUTE
    _printf_sizespec                         0x00000000   Number         0  stubs.o ABSOLUTE
    _printf_str                              0x00000000   Number         0  stubs.o ABSOLUTE
    _printf_truncate_signed                  0x00000000   Number         0  stubs.o ABSOLUTE
    _printf_truncate_unsigned                0x00000000   Number         0  stubs.o ABSOLUTE
    _printf_u                                0x00000000   Number         0  stubs.o ABSOLUTE
    _printf_wc                               0x00000000   Number         0  stubs.o ABSOLUTE
    _printf_wctomb                           0x00000000   Number         0  stubs.o ABSOLUTE
    _printf_widthprec                        0x00000000   Number         0  stubs.o ABSOLUTE
    _printf_x                                0x00000000   Number         0  stubs.o ABSOLUTE
    __cpp_initialize__aeabi_                  - Undefined Weak Reference
    __cxa_finalize                            - Undefined Weak Reference
    __decompress                              - Undefined Weak Reference
    _clock_init                               - Undefined Weak Reference
    _microlib_exit                            - Undefined Weak Reference
    __Vectors_Size                           0x000000ec   Number         0  startup_stm32f103xb.o ABSOLUTE
    __Vectors                                0x08000000   Data           4  startup_stm32f103xb.o(RESET)
    __Vectors_End                            0x080000ec   Data           0  startup_stm32f103xb.o(RESET)
    __main                                   0x080000ed   Thumb Code     0  entry.o(.ARM.Collect$$$$00000000)
    _main_stk                                0x080000ed   Thumb Code     0  entry2.o(.ARM.Collect$$$$00000001)
    _main_scatterload                        0x080000f1   Thumb Code     0  entry5.o(.ARM.Collect$$$$00000004)
    __main_after_scatterload                 0x080000f5   Thumb Code     0  entry5.o(.ARM.Collect$$$$00000004)
    _main_clock                              0x080000f5   Thumb Code     0  entry7b.o(.ARM.Collect$$$$00000008)
    _main_cpp_init                           0x080000f5   Thumb Code     0  entry8b.o(.ARM.Collect$$$$0000000A)
    _main_init                               0x080000f5   Thumb Code     0  entry9a.o(.ARM.Collect$$$$0000000B)
    __rt_final_cpp                           0x080000fd   Thumb Code     0  entry10a.o(.ARM.Collect$$$$0000000D)
    __rt_final_exit                          0x080000fd   Thumb Code     0  entry11a.o(.ARM.Collect$$$$0000000F)
    Reset_Handler                            0x08000101   Thumb Code     8  startup_stm32f103xb.o(.text)
    CAN1_RX1_IRQHandler                      0x0800011b   Thumb Code     0  startup_stm32f103xb.o(.text)
    CAN1_SCE_IRQHandler                      0x0800011b   Thumb Code     0  startup_stm32f103xb.o(.text)
    DMA1_Channel1_IRQHandler                 0x0800011b   Thumb Code     0  startup_stm32f103xb.o(.text)
    DMA1_Channel2_IRQHandler                 0x0800011b   Thumb Code     0  startup_stm32f103xb.o(.text)
    DMA1_Channel3_IRQHandler                 0x0800011b   Thumb Code     0  startup_stm32f103xb.o(.text)
    DMA1_Channel4_IRQHandler                 0x0800011b   Thumb Code     0  startup_stm32f103xb.o(.text)
    DMA1_Channel5_IRQHandler                 0x0800011b   Thumb Code     0  startup_stm32f103xb.o(.text)
    DMA1_Channel6_IRQHandler                 0x0800011b   Thumb Code     0  startup_stm32f103xb.o(.text)
    DMA1_Channel7_IRQHandler                 0x0800011b   Thumb Code     0  startup_stm32f103xb.o(.text)
    EXTI0_IRQHandler                         0x0800011b   Thumb Code     0  startup_stm32f103xb.o(.text)
    EXTI15_10_IRQHandler                     0x0800011b   Thumb Code     0  startup_stm32f103xb.o(.text)
    EXTI1_IRQHandler                         0x0800011b   Thumb Code     0  startup_stm32f103xb.o(.text)
    EXTI2_IRQHandler                         0x0800011b   Thumb Code     0  startup_stm32f103xb.o(.text)
    EXTI3_IRQHandler                         0x0800011b   Thumb Code     0  startup_stm32f103xb.o(.text)
    EXTI4_IRQHandler                         0x0800011b   Thumb Code     0  startup_stm32f103xb.o(.text)
    EXTI9_5_IRQHandler                       0x0800011b   Thumb Code     0  startup_stm32f103xb.o(.text)
    FLASH_IRQHandler                         0x0800011b   Thumb Code     0  startup_stm32f103xb.o(.text)
    I2C1_ER_IRQHandler                       0x0800011b   Thumb Code     0  startup_stm32f103xb.o(.text)
    I2C1_EV_IRQHandler                       0x0800011b   Thumb Code     0  startup_stm32f103xb.o(.text)
    I2C2_ER_IRQHandler                       0x0800011b   Thumb Code     0  startup_stm32f103xb.o(.text)
    I2C2_EV_IRQHandler                       0x0800011b   Thumb Code     0  startup_stm32f103xb.o(.text)
    PVD_IRQHandler                           0x0800011b   Thumb Code     0  startup_stm32f103xb.o(.text)
    RCC_IRQHandler                           0x0800011b   Thumb Code     0  startup_stm32f103xb.o(.text)
    RTC_Alarm_IRQHandler                     0x0800011b   Thumb Code     0  startup_stm32f103xb.o(.text)
    RTC_IRQHandler                           0x0800011b   Thumb Code     0  startup_stm32f103xb.o(.text)
    SPI1_IRQHandler                          0x0800011b   Thumb Code     0  startup_stm32f103xb.o(.text)
    SPI2_IRQHandler                          0x0800011b   Thumb Code     0  startup_stm32f103xb.o(.text)
    TAMPER_IRQHandler                        0x0800011b   Thumb Code     0  startup_stm32f103xb.o(.text)
    TIM1_BRK_IRQHandler                      0x0800011b   Thumb Code     0  startup_stm32f103xb.o(.text)
    TIM1_CC_IRQHandler                       0x0800011b   Thumb Code     0  startup_stm32f103xb.o(.text)
    TIM1_TRG_COM_IRQHandler                  0x0800011b   Thumb Code     0  startup_stm32f103xb.o(.text)
    TIM1_UP_IRQHandler                       0x0800011b   Thumb Code     0  startup_stm32f103xb.o(.text)
    TIM2_IRQHandler                          0x0800011b   Thumb Code     0  startup_stm32f103xb.o(.text)
    TIM3_IRQHandler                          0x0800011b   Thumb Code     0  startup_stm32f103xb.o(.text)
    TIM4_IRQHandler                          0x0800011b   Thumb Code     0  startup_stm32f103xb.o(.text)
    USART1_IRQHandler                        0x0800011b   Thumb Code     0  startup_stm32f103xb.o(.text)
    USART2_IRQHandler                        0x0800011b   Thumb Code     0  startup_stm32f103xb.o(.text)
    USBWakeUp_IRQHandler                     0x0800011b   Thumb Code     0  startup_stm32f103xb.o(.text)
    USB_HP_CAN1_TX_IRQHandler                0x0800011b   Thumb Code     0  startup_stm32f103xb.o(.text)
    USB_LP_CAN1_RX0_IRQHandler               0x0800011b   Thumb Code     0  startup_stm32f103xb.o(.text)
    WWDG_IRQHandler                          0x0800011b   Thumb Code     0  startup_stm32f103xb.o(.text)
    __aeabi_memset                           0x08000125   Thumb Code    14  memseta.o(.text)
    __aeabi_memset4                          0x08000125   Thumb Code     0  memseta.o(.text)
    __aeabi_memset8                          0x08000125   Thumb Code     0  memseta.o(.text)
    __aeabi_memclr                           0x08000133   Thumb Code     4  memseta.o(.text)
    __aeabi_memclr4                          0x08000133   Thumb Code     0  memseta.o(.text)
    __aeabi_memclr8                          0x08000133   Thumb Code     0  memseta.o(.text)
    _memset$wrapper                          0x08000137   Thumb Code    18  memseta.o(.text)
    strncpy                                  0x08000149   Thumb Code    24  strncpy.o(.text)
    strlen                                   0x08000161   Thumb Code    14  strlen.o(.text)
    strncmp                                  0x0800016f   Thumb Code    30  strncmp.o(.text)
    strtok                                   0x0800018d   Thumb Code    62  strtok.o(.text)
    strrchr                                  0x080001d1   Thumb Code    32  strrchr.o(.text)
    strtol                                   0x080001f1   Thumb Code   112  strtol.o(.text)
    __aeabi_ui2f                             0x08000261   Thumb Code    10  ffltui.o(.text)
    __aeabi_uidiv                            0x0800026b   Thumb Code     0  uidiv.o(.text)
    __aeabi_uidivmod                         0x0800026b   Thumb Code    44  uidiv.o(.text)
    __rt_ctype_table                         0x08000299   Thumb Code     4  ctype_o.o(.text)
    _strtoul                                 0x080002a1   Thumb Code   158  _strtoul.o(.text)
    __I$use$fp                               0x0800033f   Thumb Code     0  iusefp.o(.text)
    _float_round                             0x0800033f   Thumb Code    18  fepilogue.o(.text)
    _float_epilogue                          0x08000351   Thumb Code    92  fepilogue.o(.text)
    __scatterload                            0x080003ad   Thumb Code    28  init.o(.text)
    __scatterload_rt2                        0x080003ad   Thumb Code     0  init.o(.text)
    _chval                                   0x080003d1   Thumb Code    28  _chval.o(.text)
    ADC1_2_IRQHandler                        0x080003ed   Thumb Code     6  stm32f1xx_it.o(i.ADC1_2_IRQHandler)
    ADC_ConversionStop_Disable               0x080003f9   Thumb Code    76  stm32f1xx_hal_adc.o(i.ADC_ConversionStop_Disable)
    ADC_Enable                               0x08000445   Thumb Code   104  stm32f1xx_hal_adc.o(i.ADC_Enable)
    AdcDatahandler                           0x080004b5   Thumb Code    64  auxiliary.o(i.AdcDatahandler)
    Auxiliary                                0x08000519   Thumb Code   130  auxiliary.o(i.Auxiliary)
    BusFault_Handler                         0x080005c5   Thumb Code     2  stm32f1xx_it.o(i.BusFault_Handler)
    CLI_toogleEcho                           0x080005c9   Thumb Code    32  cli.o(i.CLI_toogleEcho)
    CReturnCmd                               0x08000615   Thumb Code    34  cli.o(i.CReturnCmd)
    ClearCmdAndArguments                     0x08000641   Thumb Code    54  cli.o(i.ClearCmdAndArguments)
    CliGetTemperature                        0x0800067d   Thumb Code    36  auxiliary.o(i.CliGetTemperature)
    DebugMon_Handler                         0x080006e1   Thumb Code     2  stm32f1xx_it.o(i.DebugMon_Handler)
    ESP_UART_alt                             0x080006e5   Thumb Code     6  cli.o(i.ESP_UART_alt)
    FAN_SWITCH                               0x080006f9   Thumb Code   138  auxiliary.o(i.FAN_SWITCH)
    FanLogic                                 0x080007dd   Thumb Code   214  auxiliary.o(i.FanLogic)
    GetCommands                              0x08000941   Thumb Code   182  cli.o(i.GetCommands)
    GetTemperature                           0x08000a49   Thumb Code    84  ds18b20.o(i.GetTemperature)
    HAL_ADCEx_InjectedConfigChannel          0x08000aa1   Thumb Code   556  stm32f1xx_hal_adc_ex.o(i.HAL_ADCEx_InjectedConfigChannel)
    HAL_ADCEx_InjectedConvCpltCallback       0x08000cd9   Thumb Code    36  main.o(i.HAL_ADCEx_InjectedConvCpltCallback)
    HAL_ADCEx_InjectedGetValue               0x08000d09   Thumb Code    30  stm32f1xx_hal_adc_ex.o(i.HAL_ADCEx_InjectedGetValue)
    HAL_ADCEx_InjectedStart_IT               0x08000d29   Thumb Code   170  stm32f1xx_hal_adc_ex.o(i.HAL_ADCEx_InjectedStart_IT)
    HAL_ADC_ConvCpltCallback                 0x08000ddd   Thumb Code     2  stm32f1xx_hal_adc.o(i.HAL_ADC_ConvCpltCallback)
    HAL_ADC_IRQHandler                       0x08000ddf   Thumb Code   230  stm32f1xx_hal_adc.o(i.HAL_ADC_IRQHandler)
    HAL_ADC_Init                             0x08000ec5   Thumb Code   300  stm32f1xx_hal_adc.o(i.HAL_ADC_Init)
    HAL_ADC_LevelOutOfWindowCallback         0x08000ff9   Thumb Code     2  stm32f1xx_hal_adc.o(i.HAL_ADC_LevelOutOfWindowCallback)
    HAL_ADC_MspInit                          0x08000ffd   Thumb Code    66  stm32f1xx_hal_msp.o(i.HAL_ADC_MspInit)
    HAL_Delay                                0x0800104d   Thumb Code    22  stm32f1xx_hal.o(i.HAL_Delay)
    HAL_GPIO_Init                            0x08001065   Thumb Code   408  stm32f1xx_hal_gpio.o(i.HAL_GPIO_Init)
    HAL_GPIO_ReadPin                         0x08001221   Thumb Code    10  stm32f1xx_hal_gpio.o(i.HAL_GPIO_ReadPin)
    HAL_GPIO_WritePin                        0x0800122b   Thumb Code    14  stm32f1xx_hal_gpio.o(i.HAL_GPIO_WritePin)
    HAL_GetTick                              0x08001239   Thumb Code     6  stm32f1xx_hal.o(i.HAL_GetTick)
    HAL_IncTick                              0x08001245   Thumb Code    10  stm32f1xx_hal.o(i.HAL_IncTick)
    HAL_Init                                 0x08001255   Thumb Code    32  stm32f1xx_hal.o(i.HAL_Init)
    HAL_InitTick                             0x08001279   Thumb Code    34  stm32f1xx_hal.o(i.HAL_InitTick)
    HAL_MspInit                              0x0800129d   Thumb Code   118  stm32f1xx_hal_msp.o(i.HAL_MspInit)
    HAL_NVIC_EnableIRQ                       0x0800131d   Thumb Code    22  stm32f1xx_hal_cortex.o(i.HAL_NVIC_EnableIRQ)
    HAL_NVIC_SetPriority                     0x08001335   Thumb Code    60  stm32f1xx_hal_cortex.o(i.HAL_NVIC_SetPriority)
    HAL_NVIC_SetPriorityGrouping             0x08001375   Thumb Code    26  stm32f1xx_hal_cortex.o(i.HAL_NVIC_SetPriorityGrouping)
    HAL_PWR_EnableBkUpAccess                 0x08001399   Thumb Code    20  stm32f1xx_hal_pwr.o(i.HAL_PWR_EnableBkUpAccess)
    HAL_RCCEx_GetPeriphCLKFreq               0x080013b1   Thumb Code   208  stm32f1xx_hal_rcc_ex.o(i.HAL_RCCEx_GetPeriphCLKFreq)
    HAL_RCCEx_PeriphCLKConfig                0x080014a1   Thumb Code   288  stm32f1xx_hal_rcc_ex.o(i.HAL_RCCEx_PeriphCLKConfig)
    HAL_RCC_ClockConfig                      0x080015cd   Thumb Code   374  stm32f1xx_hal_rcc.o(i.HAL_RCC_ClockConfig)
    HAL_RCC_GetHCLKFreq                      0x08001755   Thumb Code     6  stm32f1xx_hal_rcc.o(i.HAL_RCC_GetHCLKFreq)
    HAL_RCC_GetPCLK1Freq                     0x08001761   Thumb Code    34  stm32f1xx_hal_rcc.o(i.HAL_RCC_GetPCLK1Freq)
    HAL_RCC_GetPCLK2Freq                     0x08001791   Thumb Code    34  stm32f1xx_hal_rcc.o(i.HAL_RCC_GetPCLK2Freq)
    HAL_RCC_GetSysClockFreq                  0x080017c1   Thumb Code   102  stm32f1xx_hal_rcc.o(i.HAL_RCC_GetSysClockFreq)
    HAL_RCC_OscConfig                        0x08001849   Thumb Code  1406  stm32f1xx_hal_rcc.o(i.HAL_RCC_OscConfig)
    HAL_RTC_Init                             0x08001dc9   Thumb Code   154  stm32f1xx_hal_rtc.o(i.HAL_RTC_Init)
    HAL_RTC_MspInit                          0x08001e69   Thumb Code    56  stm32f1xx_hal_msp.o(i.HAL_RTC_MspInit)
    HAL_RTC_WaitForSynchro                   0x08001ead   Thumb Code    58  stm32f1xx_hal_rtc.o(i.HAL_RTC_WaitForSynchro)
    HAL_SYSTICK_CLKSourceConfig              0x08001ee7   Thumb Code    24  stm32f1xx_hal_cortex.o(i.HAL_SYSTICK_CLKSourceConfig)
    HAL_SYSTICK_Callback                     0x08001eff   Thumb Code     2  stm32f1xx_hal_cortex.o(i.HAL_SYSTICK_Callback)
    HAL_SYSTICK_Config                       0x08001f01   Thumb Code    40  stm32f1xx_hal_cortex.o(i.HAL_SYSTICK_Config)
    HAL_SYSTICK_IRQHandler                   0x08001f29   Thumb Code     8  stm32f1xx_hal_cortex.o(i.HAL_SYSTICK_IRQHandler)
    HAL_TIMEx_MasterConfigSynchronization    0x08001f31   Thumb Code    80  stm32f1xx_hal_tim_ex.o(i.HAL_TIMEx_MasterConfigSynchronization)
    HAL_TIM_Base_Init                        0x08001f81   Thumb Code    54  stm32f1xx_hal_tim.o(i.HAL_TIM_Base_Init)
    HAL_TIM_Base_MspInit                     0x08001fb9   Thumb Code    30  stm32f1xx_hal_msp.o(i.HAL_TIM_Base_MspInit)
    HAL_TIM_Base_Start                       0x08001fe1   Thumb Code    26  stm32f1xx_hal_tim.o(i.HAL_TIM_Base_Start)
    HAL_TIM_ConfigClockSource                0x08001ffb   Thumb Code   242  stm32f1xx_hal_tim.o(i.HAL_TIM_ConfigClockSource)
    HAL_TIM_MspPostInit                      0x080020ed   Thumb Code    74  stm32f1xx_hal_msp.o(i.HAL_TIM_MspPostInit)
    HAL_TIM_PWM_ConfigChannel                0x08002149   Thumb Code   208  stm32f1xx_hal_tim.o(i.HAL_TIM_PWM_ConfigChannel)
    HAL_TIM_PWM_Init                         0x08002219   Thumb Code    54  stm32f1xx_hal_tim.o(i.HAL_TIM_PWM_Init)
    HAL_TIM_PWM_MspInit                      0x08002251   Thumb Code    52  stm32f1xx_hal_msp.o(i.HAL_TIM_PWM_MspInit)
    HAL_TIM_PWM_Start                        0x0800228d   Thumb Code    42  stm32f1xx_hal_tim.o(i.HAL_TIM_PWM_Start)
    HAL_UART_ErrorCallback                   0x080022bd   Thumb Code     2  stm32f1xx_hal_uart.o(i.HAL_UART_ErrorCallback)
    HAL_UART_IRQHandler                      0x080022c1   Thumb Code   218  stm32f1xx_hal_uart.o(i.HAL_UART_IRQHandler)
    HAL_UART_Init                            0x0800239b   Thumb Code    94  stm32f1xx_hal_uart.o(i.HAL_UART_Init)
    HAL_UART_MspInit                         0x080023f9   Thumb Code    92  stm32f1xx_hal_msp.o(i.HAL_UART_MspInit)
    HAL_UART_RxCpltCallback                  0x08002461   Thumb Code     2  stm32f1xx_hal_uart.o(i.HAL_UART_RxCpltCallback)
    HAL_UART_Transmit                        0x08002465   Thumb Code   204  stm32f1xx_hal_uart.o(i.HAL_UART_Transmit)
    HAL_UART_TxCpltCallback                  0x08002531   Thumb Code     2  stm32f1xx_hal_uart.o(i.HAL_UART_TxCpltCallback)
    HardFault_Handler                        0x08002533   Thumb Code     2  stm32f1xx_it.o(i.HardFault_Handler)
    LED_CLI                                  0x08002535   Thumb Code  1522  led.o(i.LED_CLI)
    LED_CVAL                                 0x08002b31   Thumb Code    28  led.o(i.LED_CVAL)
    LED_PWMbyNum                             0x08002b4d   Thumb Code    38  led.o(i.LED_PWMbyNum)
    LED_SW                                   0x08002b79   Thumb Code   176  led.o(i.LED_SW)
    LED_StatebyNum                           0x08002c35   Thumb Code    38  led.o(i.LED_StatebyNum)
    LED_ValuebyNum                           0x08002c61   Thumb Code    38  led.o(i.LED_ValuebyNum)
    MemManage_Handler                        0x08002ed9   Thumb Code     2  stm32f1xx_it.o(i.MemManage_Handler)
    NMI_Handler                              0x08002edb   Thumb Code     2  stm32f1xx_it.o(i.NMI_Handler)
    PSU_SWITCH                               0x08002efd   Thumb Code   110  auxiliary.o(i.PSU_SWITCH)
    ParseCmdString                           0x08002fbd   Thumb Code    52  cli.o(i.ParseCmdString)
    PendSV_Handler                           0x08002ffd   Thumb Code     2  stm32f1xx_it.o(i.PendSV_Handler)
    SVC_Handler                              0x0800306b   Thumb Code     2  stm32f1xx_it.o(i.SVC_Handler)
    SliceCmd                                 0x0800306d   Thumb Code   126  cli.o(i.SliceCmd)
    Status                                   0x080030f9   Thumb Code   276  cli.o(i.Status)
    SysTick_Handler                          0x080032c5   Thumb Code    14  stm32f1xx_it.o(i.SysTick_Handler)
    SystemClock_Config                       0x080032d3   Thumb Code   136  main.o(i.SystemClock_Config)
    SystemInit                               0x0800335d   Thumb Code    56  system_stm32f1xx.o(i.SystemInit)
    TIM_Base_SetConfig                       0x080033a5   Thumb Code    86  stm32f1xx_hal_tim.o(i.TIM_Base_SetConfig)
    TIM_CCxChannelCmd                        0x08003409   Thumb Code    22  stm32f1xx_hal_tim.o(i.TIM_CCxChannelCmd)
    TIM_OC2_SetConfig                        0x08003495   Thumb Code    84  stm32f1xx_hal_tim.o(i.TIM_OC2_SetConfig)
    USART3_IRQHandler                        0x080038e1   Thumb Code   124  stm32f1xx_it.o(i.USART3_IRQHandler)
    UsageFault_Handler                       0x08003971   Thumb Code     2  stm32f1xx_it.o(i.UsageFault_Handler)
    __0printf$1                              0x08003975   Thumb Code    22  printf1.o(i.__0printf$1)
    __1printf$1                              0x08003975   Thumb Code     0  printf1.o(i.__0printf$1)
    __2printf                                0x08003975   Thumb Code     0  printf1.o(i.__0printf$1)
    __aeabi_errno_addr                       0x08003995   Thumb Code     4  errno.o(i.__aeabi_errno_addr)
    __rt_errno_addr                          0x08003995   Thumb Code     0  errno.o(i.__aeabi_errno_addr)
    __scatterload_copy                       0x0800399d   Thumb Code    14  handlers.o(i.__scatterload_copy)
    __scatterload_null                       0x080039ab   Thumb Code     2  handlers.o(i.__scatterload_null)
    __scatterload_zeroinit                   0x080039ad   Thumb Code    14  handlers.o(i.__scatterload_zeroinit)
    char2int                                 0x08003b11   Thumb Code    16  cli.o(i.char2int)
    ds_read_bit                              0x08003b21   Thumb Code    50  ds18b20.o(i.ds_read_bit)
    ds_read_byte                             0x08003b5d   Thumb Code    38  ds18b20.o(i.ds_read_byte)
    ds_read_data_single                      0x08003b83   Thumb Code   114  ds18b20.o(i.ds_read_data_single)
    ds_read_temperature                      0x08003bf5   Thumb Code    84  ds18b20.o(i.ds_read_temperature)
    ds_reset_pulse                           0x08003c49   Thumb Code    80  ds18b20.o(i.ds_reset_pulse)
    ds_start_convert_single                  0x08003ca1   Thumb Code    36  ds18b20.o(i.ds_start_convert_single)
    ds_write_bit                             0x08003cc5   Thumb Code    44  ds18b20.o(i.ds_write_bit)
    ds_write_byte                            0x08003cf9   Thumb Code    34  ds18b20.o(i.ds_write_byte)
    fputc                                    0x08003d1d   Thumb Code    20  serial.o(i.fputc)
    main                                     0x08003d35   Thumb Code   258  main.o(i.main)
    substring_cut                            0x08003e6d   Thumb Code    48  cli.o(i.substring_cut)
    space_char                               0x08003ea8   Data           1  cli.o(.constdata)
    AHBPrescTable                            0x08003ea9   Data          16  system_stm32f1xx.o(.constdata)
    APBPrescTable                            0x08003eb9   Data           8  system_stm32f1xx.o(.constdata)
    __ctype_table                            0x08003ec1   Data         129  ctype_o.o(.constdata)
    Region$$Table$$Base                      0x08003f48   Number         0  anon$$obj.o(Region$$Table)
    Region$$Table$$Limit                     0x08003f68   Number         0  anon$$obj.o(Region$$Table)
    L_ECHO                                   0x20000000   Data           2  main.o(.data)
    stringComplete                           0x20000002   Data           1  stm32f1xx_it.o(.data)
    buffer                                   0x20000003   Data           1  stm32f1xx_it.o(.data)
    receiveBuffer_cnt                        0x20000004   Data           2  stm32f1xx_it.o(.data)
    LED1_CAL_SIGN                            0x20000008   Data           1  led.o(.data)
    LED2_CAL_SIGN                            0x20000009   Data           1  led.o(.data)
    LED3_CAL_SIGN                            0x2000000a   Data           1  led.o(.data)
    LED4_CAL_SIGN                            0x2000000b   Data           1  led.o(.data)
    LED1_PWM                                 0x2000000c   Data           4  led.o(.data)
    LED2_PWM                                 0x20000010   Data           4  led.o(.data)
    LED3_PWM                                 0x20000014   Data           4  led.o(.data)
    LED4_PWM                                 0x20000018   Data           4  led.o(.data)
    LED1_EN                                  0x2000001c   Data           4  led.o(.data)
    LED2_EN                                  0x20000020   Data           4  led.o(.data)
    LED3_EN                                  0x20000024   Data           4  led.o(.data)
    LED4_EN                                  0x20000028   Data           4  led.o(.data)
    LED1_CAL_VALUE                           0x2000002c   Data           4  led.o(.data)
    LED2_CAL_VALUE                           0x20000030   Data           4  led.o(.data)
    LED3_CAL_VALUE                           0x20000034   Data           4  led.o(.data)
    LED4_CAL_VALUE                           0x20000038   Data           4  led.o(.data)
    LED1_VALUE                               0x2000003c   Data           4  led.o(.data)
    LED2_VALUE                               0x20000040   Data           4  led.o(.data)
    LED3_VALUE                               0x20000044   Data           4  led.o(.data)
    LED4_VALUE                               0x20000048   Data           4  led.o(.data)
    MAX_PWM                                  0x2000004c   Data           4  led.o(.data)
    MIN_PWM                                  0x20000050   Data           4  led.o(.data)
    old_led_pwm_value                        0x20000054   Data           4  led.o(.data)
    old_led_en_value                         0x20000058   Data           4  led.o(.data)
    parsed_line_length                       0x2000005c   Data           2  cli.o(.data)
    receiveBuffer_length                     0x2000005e   Data           2  cli.o(.data)
    ret_pos                                  0x20000060   Data           2  cli.o(.data)
    ptr                                      0x20000064   Data           4  cli.o(.data)
    __stdout                                 0x20000068   Data           4  serial.o(.data)
    PS_ON                                    0x2000006c   Data           2  auxiliary.o(.data)
    FAN_EN                                   0x2000006e   Data           2  auxiliary.o(.data)
    FanLogicMode                             0x20000070   Data           2  auxiliary.o(.data)
    buttonState                              0x20000072   Data           2  auxiliary.o(.data)
    FAN_PWM                                  0x20000074   Data           4  auxiliary.o(.data)
    FanOnThresholdTemp                       0x20000078   Data           4  auxiliary.o(.data)
    FanOffThresholdTemp                      0x2000007c   Data           4  auxiliary.o(.data)
    CriticalLedsTemperature                  0x20000080   Data           4  auxiliary.o(.data)
    LedsTemperatureDiff                      0x20000084   Data           4  auxiliary.o(.data)
    AdcCh1Value                              0x20000088   Data           4  auxiliary.o(.data)
    AdcCh2Value                              0x2000008c   Data           4  auxiliary.o(.data)
    InputVoltage                             0x20000090   Data           4  auxiliary.o(.data)
    BackupBatVoltage                         0x20000094   Data           4  auxiliary.o(.data)
    FanLogicArg1                             0x20000098   Data          10  auxiliary.o(.data)
    PinNumber                                0x200000a4   Data           1  ds18b20.o(.data)
    GetTemperatureState                      0x200000a6   Data           2  ds18b20.o(.data)
    OldTickTime                              0x200000a8   Data           4  ds18b20.o(.data)
    NewTickTime                              0x200000ac   Data           4  ds18b20.o(.data)
    TickTimeDiff                             0x200000b0   Data           4  ds18b20.o(.data)
    OldLedsTemperature                       0x200000b4   Data           4  ds18b20.o(.data)
    LedsTemperature                          0x200000b8   Data           4  ds18b20.o(.data)
    SystemCoreClock                          0x200000bc   Data           4  system_stm32f1xx.o(.data)
    hadc1                                    0x200000cc   Data          48  main.o(.bss)
    hrtc                                     0x200000fc   Data          20  main.o(.bss)
    htim2                                    0x20000110   Data          60  main.o(.bss)
    htim3                                    0x2000014c   Data          60  main.o(.bss)
    htim4                                    0x20000188   Data          60  main.o(.bss)
    huart3                                   0x200001c4   Data          64  main.o(.bss)
    receiveBuffer                            0x20000204   Data         228  stm32f1xx_it.o(.bss)
    CLI                                      0x200002e8   Data         202  stm32f1xx_it.o(.bss)
    parsed_line                              0x200003b2   Data         200  cli.o(.bss)
    command                                  0x2000047a   Data          20  cli.o(.bss)
    argument1                                0x2000048e   Data          20  cli.o(.bss)
    argument2                                0x200004a2   Data          20  cli.o(.bss)
    argument3                                0x200004b6   Data          20  cli.o(.bss)
    argument4                                0x200004ca   Data          20  cli.o(.bss)
    __initial_sp                             0x200008e0   Data           0  startup_stm32f103xb.o(STACK)



==============================================================================

Memory Map of the image

  Image Entry point : 0x080000ed

  Load Region LR_IROM1 (Base: 0x08000000, Size: 0x00004034, Max: 0x00010000, ABSOLUTE)

    Execution Region ER_IROM1 (Base: 0x08000000, Size: 0x00003f68, Max: 0x00010000, ABSOLUTE)

    Base Addr    Size         Type   Attr      Idx    E Section Name        Object

    0x08000000   0x000000ec   Data   RO         3289    RESET               startup_stm32f103xb.o
    0x080000ec   0x00000000   Code   RO         3294  * .ARM.Collect$$$$00000000  mc_w.l(entry.o)
    0x080000ec   0x00000004   Code   RO         3580    .ARM.Collect$$$$00000001  mc_w.l(entry2.o)
    0x080000f0   0x00000004   Code   RO         3583    .ARM.Collect$$$$00000004  mc_w.l(entry5.o)
    0x080000f4   0x00000000   Code   RO         3585    .ARM.Collect$$$$00000008  mc_w.l(entry7b.o)
    0x080000f4   0x00000000   Code   RO         3587    .ARM.Collect$$$$0000000A  mc_w.l(entry8b.o)
    0x080000f4   0x00000008   Code   RO         3588    .ARM.Collect$$$$0000000B  mc_w.l(entry9a.o)
    0x080000fc   0x00000000   Code   RO         3590    .ARM.Collect$$$$0000000D  mc_w.l(entry10a.o)
    0x080000fc   0x00000000   Code   RO         3592    .ARM.Collect$$$$0000000F  mc_w.l(entry11a.o)
    0x080000fc   0x00000004   Code   RO         3581    .ARM.Collect$$$$00002712  mc_w.l(entry2.o)
    0x08000100   0x00000024   Code   RO         3290    .text               startup_stm32f103xb.o
    0x08000124   0x00000024   Code   RO         3299    .text               mc_w.l(memseta.o)
    0x08000148   0x00000018   Code   RO         3301    .text               mc_w.l(strncpy.o)
    0x08000160   0x0000000e   Code   RO         3303    .text               mc_w.l(strlen.o)
    0x0800016e   0x0000001e   Code   RO         3305    .text               mc_w.l(strncmp.o)
    0x0800018c   0x00000044   Code   RO         3307    .text               mc_w.l(strtok.o)
    0x080001d0   0x00000020   Code   RO         3313    .text               mc_w.l(strrchr.o)
    0x080001f0   0x00000070   Code   RO         3576    .text               mc_w.l(strtol.o)
    0x08000260   0x0000000a   Code   RO         3578    .text               mf_w.l(ffltui.o)
    0x0800026a   0x0000002c   Code   RO         3594    .text               mc_w.l(uidiv.o)
    0x08000296   0x00000002   PAD
    0x08000298   0x00000008   Code   RO         3598    .text               mc_w.l(ctype_o.o)
    0x080002a0   0x0000009e   Code   RO         3633    .text               mc_w.l(_strtoul.o)
    0x0800033e   0x00000000   Code   RO         3635    .text               mc_w.l(iusefp.o)
    0x0800033e   0x0000006e   Code   RO         3636    .text               mf_w.l(fepilogue.o)
    0x080003ac   0x00000024   Code   RO         3648    .text               mc_w.l(init.o)
    0x080003d0   0x0000001c   Code   RO         3654    .text               mc_w.l(_chval.o)
    0x080003ec   0x0000000c   Code   RO          268    i.ADC1_2_IRQHandler  stm32f1xx_it.o
    0x080003f8   0x0000004c   Code   RO          951    i.ADC_ConversionStop_Disable  stm32f1xx_hal_adc.o
    0x08000444   0x00000070   Code   RO          955    i.ADC_Enable        stm32f1xx_hal_adc.o
    0x080004b4   0x00000064   Code   RO          564    i.AdcDatahandler    auxiliary.o
    0x08000518   0x000000ac   Code   RO          565    i.Auxiliary         auxiliary.o
    0x080005c4   0x00000002   Code   RO          269    i.BusFault_Handler  stm32f1xx_it.o
    0x080005c6   0x00000002   PAD
    0x080005c8   0x0000004c   Code   RO          431    i.CLI_toogleEcho    cli.o
    0x08000614   0x0000002c   Code   RO          432    i.CReturnCmd        cli.o
    0x08000640   0x0000003c   Code   RO          433    i.ClearCmdAndArguments  cli.o
    0x0800067c   0x00000064   Code   RO          566    i.CliGetTemperature  auxiliary.o
    0x080006e0   0x00000002   Code   RO          270    i.DebugMon_Handler  stm32f1xx_it.o
    0x080006e2   0x00000002   PAD
    0x080006e4   0x00000014   Code   RO          434    i.ESP_UART_alt      cli.o
    0x080006f8   0x000000e4   Code   RO          567    i.FAN_SWITCH        auxiliary.o
    0x080007dc   0x00000164   Code   RO          568    i.FanLogic          auxiliary.o
    0x08000940   0x00000108   Code   RO          435    i.GetCommands       cli.o
    0x08000a48   0x00000058   Code   RO          626    i.GetTemperature    ds18b20.o
    0x08000aa0   0x00000238   Code   RO         2006    i.HAL_ADCEx_InjectedConfigChannel  stm32f1xx_hal_adc_ex.o
    0x08000cd8   0x00000030   Code   RO            5    i.HAL_ADCEx_InjectedConvCpltCallback  main.o
    0x08000d08   0x0000001e   Code   RO         2008    i.HAL_ADCEx_InjectedGetValue  stm32f1xx_hal_adc_ex.o
    0x08000d26   0x00000002   PAD
    0x08000d28   0x000000b4   Code   RO         2011    i.HAL_ADCEx_InjectedStart_IT  stm32f1xx_hal_adc_ex.o
    0x08000ddc   0x00000002   Code   RO          958    i.HAL_ADC_ConvCpltCallback  stm32f1xx_hal_adc.o
    0x08000dde   0x000000e6   Code   RO          965    i.HAL_ADC_IRQHandler  stm32f1xx_hal_adc.o
    0x08000ec4   0x00000134   Code   RO          966    i.HAL_ADC_Init      stm32f1xx_hal_adc.o
    0x08000ff8   0x00000002   Code   RO          967    i.HAL_ADC_LevelOutOfWindowCallback  stm32f1xx_hal_adc.o
    0x08000ffa   0x00000002   PAD
    0x08000ffc   0x00000050   Code   RO          181    i.HAL_ADC_MspInit   stm32f1xx_hal_msp.o
    0x0800104c   0x00000016   Code   RO         2926    i.HAL_Delay         stm32f1xx_hal.o
    0x08001062   0x00000002   PAD
    0x08001064   0x000001bc   Code   RO          763    i.HAL_GPIO_Init     stm32f1xx_hal_gpio.o
    0x08001220   0x0000000a   Code   RO          765    i.HAL_GPIO_ReadPin  stm32f1xx_hal_gpio.o
    0x0800122a   0x0000000e   Code   RO          767    i.HAL_GPIO_WritePin  stm32f1xx_hal_gpio.o
    0x08001238   0x0000000c   Code   RO         2930    i.HAL_GetTick       stm32f1xx_hal.o
    0x08001244   0x00000010   Code   RO         2931    i.HAL_IncTick       stm32f1xx_hal.o
    0x08001254   0x00000024   Code   RO         2932    i.HAL_Init          stm32f1xx_hal.o
    0x08001278   0x00000022   Code   RO         2933    i.HAL_InitTick      stm32f1xx_hal.o
    0x0800129a   0x00000002   PAD
    0x0800129c   0x00000080   Code   RO          182    i.HAL_MspInit       stm32f1xx_hal_msp.o
    0x0800131c   0x00000016   Code   RO         1469    i.HAL_NVIC_EnableIRQ  stm32f1xx_hal_cortex.o
    0x08001332   0x00000002   PAD
    0x08001334   0x00000040   Code   RO         1475    i.HAL_NVIC_SetPriority  stm32f1xx_hal_cortex.o
    0x08001374   0x00000024   Code   RO         1476    i.HAL_NVIC_SetPriorityGrouping  stm32f1xx_hal_cortex.o
    0x08001398   0x00000018   Code   RO          833    i.HAL_PWR_EnableBkUpAccess  stm32f1xx_hal_pwr.o
    0x080013b0   0x000000f0   Code   RO         1970    i.HAL_RCCEx_GetPeriphCLKFreq  stm32f1xx_hal_rcc_ex.o
    0x080014a0   0x0000012c   Code   RO         1971    i.HAL_RCCEx_PeriphCLKConfig  stm32f1xx_hal_rcc_ex.o
    0x080015cc   0x00000188   Code   RO         1585    i.HAL_RCC_ClockConfig  stm32f1xx_hal_rcc.o
    0x08001754   0x0000000c   Code   RO         1590    i.HAL_RCC_GetHCLKFreq  stm32f1xx_hal_rcc.o
    0x08001760   0x00000030   Code   RO         1592    i.HAL_RCC_GetPCLK1Freq  stm32f1xx_hal_rcc.o
    0x08001790   0x00000030   Code   RO         1593    i.HAL_RCC_GetPCLK2Freq  stm32f1xx_hal_rcc.o
    0x080017c0   0x00000088   Code   RO         1594    i.HAL_RCC_GetSysClockFreq  stm32f1xx_hal_rcc.o
    0x08001848   0x0000057e   Code   RO         1597    i.HAL_RCC_OscConfig  stm32f1xx_hal_rcc.o
    0x08001dc6   0x00000002   PAD
    0x08001dc8   0x000000a0   Code   RO         1771    i.HAL_RTC_Init      stm32f1xx_hal_rtc.o
    0x08001e68   0x00000044   Code   RO          184    i.HAL_RTC_MspInit   stm32f1xx_hal_msp.o
    0x08001eac   0x0000003a   Code   RO         1779    i.HAL_RTC_WaitForSynchro  stm32f1xx_hal_rtc.o
    0x08001ee6   0x00000018   Code   RO         1478    i.HAL_SYSTICK_CLKSourceConfig  stm32f1xx_hal_cortex.o
    0x08001efe   0x00000002   Code   RO         1479    i.HAL_SYSTICK_Callback  stm32f1xx_hal_cortex.o
    0x08001f00   0x00000028   Code   RO         1480    i.HAL_SYSTICK_Config  stm32f1xx_hal_cortex.o
    0x08001f28   0x00000008   Code   RO         1481    i.HAL_SYSTICK_IRQHandler  stm32f1xx_hal_cortex.o
    0x08001f30   0x00000050   Code   RO         1251    i.HAL_TIMEx_MasterConfigSynchronization  stm32f1xx_hal_tim_ex.o
    0x08001f80   0x00000036   Code   RO         2205    i.HAL_TIM_Base_Init  stm32f1xx_hal_tim.o
    0x08001fb6   0x00000002   PAD
    0x08001fb8   0x00000028   Code   RO          185    i.HAL_TIM_Base_MspInit  stm32f1xx_hal_msp.o
    0x08001fe0   0x0000001a   Code   RO         2208    i.HAL_TIM_Base_Start  stm32f1xx_hal_tim.o
    0x08001ffa   0x000000f2   Code   RO         2214    i.HAL_TIM_ConfigClockSource  stm32f1xx_hal_tim.o
    0x080020ec   0x0000005c   Code   RO          186    i.HAL_TIM_MspPostInit  stm32f1xx_hal_msp.o
    0x08002148   0x000000d0   Code   RO         2271    i.HAL_TIM_PWM_ConfigChannel  stm32f1xx_hal_tim.o
    0x08002218   0x00000036   Code   RO         2274    i.HAL_TIM_PWM_Init  stm32f1xx_hal_tim.o
    0x0800224e   0x00000002   PAD
    0x08002250   0x0000003c   Code   RO          188    i.HAL_TIM_PWM_MspInit  stm32f1xx_hal_msp.o
    0x0800228c   0x00000030   Code   RO         2278    i.HAL_TIM_PWM_Start  stm32f1xx_hal_tim.o
    0x080022bc   0x00000002   Code   RO         3065    i.HAL_UART_ErrorCallback  stm32f1xx_hal_uart.o
    0x080022be   0x00000002   PAD
    0x080022c0   0x000000da   Code   RO         3068    i.HAL_UART_IRQHandler  stm32f1xx_hal_uart.o
    0x0800239a   0x0000005e   Code   RO         3069    i.HAL_UART_Init     stm32f1xx_hal_uart.o
    0x080023f8   0x00000068   Code   RO          190    i.HAL_UART_MspInit  stm32f1xx_hal_msp.o
    0x08002460   0x00000002   Code   RO         3075    i.HAL_UART_RxCpltCallback  stm32f1xx_hal_uart.o
    0x08002462   0x00000002   PAD
    0x08002464   0x000000cc   Code   RO         3077    i.HAL_UART_Transmit  stm32f1xx_hal_uart.o
    0x08002530   0x00000002   Code   RO         3080    i.HAL_UART_TxCpltCallback  stm32f1xx_hal_uart.o
    0x08002532   0x00000002   Code   RO          271    i.HardFault_Handler  stm32f1xx_it.o
    0x08002534   0x000005fc   Code   RO          365    i.LED_CLI           led.o
    0x08002b30   0x0000001c   Code   RO          366    i.LED_CVAL          led.o
    0x08002b4c   0x0000002c   Code   RO          367    i.LED_PWMbyNum      led.o
    0x08002b78   0x000000bc   Code   RO          368    i.LED_SW            led.o
    0x08002c34   0x0000002c   Code   RO          369    i.LED_StatebyNum    led.o
    0x08002c60   0x0000002c   Code   RO          370    i.LED_ValuebyNum    led.o
    0x08002c8c   0x0000006c   Code   RO            6    i.MX_ADC1_Init      main.o
    0x08002cf8   0x00000100   Code   RO            7    i.MX_GPIO_Init      main.o
    0x08002df8   0x0000005c   Code   RO            8    i.MX_TIM2_Init      main.o
    0x08002e54   0x00000084   Code   RO            9    i.MX_TIM4_Init      main.o
    0x08002ed8   0x00000002   Code   RO          272    i.MemManage_Handler  stm32f1xx_it.o
    0x08002eda   0x00000002   Code   RO          273    i.NMI_Handler       stm32f1xx_it.o
    0x08002edc   0x00000020   Code   RO         1482    i.NVIC_SetPriority  stm32f1xx_hal_cortex.o
    0x08002efc   0x000000c0   Code   RO          569    i.PSU_SWITCH        auxiliary.o
    0x08002fbc   0x00000040   Code   RO          436    i.ParseCmdString    cli.o
    0x08002ffc   0x00000002   Code   RO          274    i.PendSV_Handler    stm32f1xx_it.o
    0x08002ffe   0x00000034   Code   RO         1783    i.RTC_EnterInitMode  stm32f1xx_hal_rtc.o
    0x08003032   0x00000002   PAD
    0x08003034   0x00000036   Code   RO         1784    i.RTC_ExitInitMode  stm32f1xx_hal_rtc.o
    0x0800306a   0x00000002   Code   RO          275    i.SVC_Handler       stm32f1xx_it.o
    0x0800306c   0x0000008c   Code   RO          437    i.SliceCmd          cli.o
    0x080030f8   0x000001cc   Code   RO          438    i.Status            cli.o
    0x080032c4   0x0000000e   Code   RO          276    i.SysTick_Handler   stm32f1xx_it.o
    0x080032d2   0x00000088   Code   RO           10    i.SystemClock_Config  main.o
    0x0800335a   0x00000002   PAD
    0x0800335c   0x00000048   Code   RO          723    i.SystemInit        system_stm32f1xx.o
    0x080033a4   0x00000064   Code   RO         2289    i.TIM_Base_SetConfig  stm32f1xx_hal_tim.o
    0x08003408   0x00000016   Code   RO         2290    i.TIM_CCxChannelCmd  stm32f1xx_hal_tim.o
    0x0800341e   0x00000014   Code   RO         2296    i.TIM_ETR_SetConfig  stm32f1xx_hal_tim.o
    0x08003432   0x00000010   Code   RO         2297    i.TIM_ITRx_SetConfig  stm32f1xx_hal_tim.o
    0x08003442   0x00000002   PAD
    0x08003444   0x00000050   Code   RO         2298    i.TIM_OC1_SetConfig  stm32f1xx_hal_tim.o
    0x08003494   0x00000058   Code   RO         2299    i.TIM_OC2_SetConfig  stm32f1xx_hal_tim.o
    0x080034ec   0x00000058   Code   RO         2300    i.TIM_OC3_SetConfig  stm32f1xx_hal_tim.o
    0x08003544   0x00000044   Code   RO         2301    i.TIM_OC4_SetConfig  stm32f1xx_hal_tim.o
    0x08003588   0x00000022   Code   RO         2303    i.TIM_TI1_ConfigInputStage  stm32f1xx_hal_tim.o
    0x080035aa   0x00000024   Code   RO         2305    i.TIM_TI2_ConfigInputStage  stm32f1xx_hal_tim.o
    0x080035ce   0x00000002   PAD
    0x080035d0   0x000000a8   Code   RO         3087    i.UART_Receive_IT   stm32f1xx_hal_uart.o
    0x08003678   0x00000170   Code   RO         3088    i.UART_SetConfig    stm32f1xx_hal_uart.o
    0x080037e8   0x00000066   Code   RO         3089    i.UART_Transmit_IT  stm32f1xx_hal_uart.o
    0x0800384e   0x00000092   Code   RO         3090    i.UART_WaitOnFlagUntilTimeout  stm32f1xx_hal_uart.o
    0x080038e0   0x00000090   Code   RO          277    i.USART3_IRQHandler  stm32f1xx_it.o
    0x08003970   0x00000002   Code   RO          278    i.UsageFault_Handler  stm32f1xx_it.o
    0x08003972   0x00000002   PAD
    0x08003974   0x00000020   Code   RO         3360    i.__0printf$1       mc_w.l(printf1.o)
    0x08003994   0x00000008   Code   RO         3626    i.__aeabi_errno_addr  mc_w.l(errno.o)
    0x0800399c   0x0000000e   Code   RO         3660    i.__scatterload_copy  mc_w.l(handlers.o)
    0x080039aa   0x00000002   Code   RO         3661    i.__scatterload_null  mc_w.l(handlers.o)
    0x080039ac   0x0000000e   Code   RO         3662    i.__scatterload_zeroinit  mc_w.l(handlers.o)
    0x080039ba   0x00000002   PAD
    0x080039bc   0x00000154   Code   RO         3367    i._printf_core      mc_w.l(printf1.o)
    0x08003b10   0x00000010   Code   RO          439    i.char2int          cli.o
    0x08003b20   0x0000003c   Code   RO          627    i.ds_read_bit       ds18b20.o
    0x08003b5c   0x00000026   Code   RO          628    i.ds_read_byte      ds18b20.o
    0x08003b82   0x00000072   Code   RO          629    i.ds_read_data_single  ds18b20.o
    0x08003bf4   0x00000054   Code   RO          630    i.ds_read_temperature  ds18b20.o
    0x08003c48   0x00000058   Code   RO          631    i.ds_reset_pulse    ds18b20.o
    0x08003ca0   0x00000024   Code   RO          632    i.ds_start_convert_single  ds18b20.o
    0x08003cc4   0x00000034   Code   RO          633    i.ds_write_bit      ds18b20.o
    0x08003cf8   0x00000022   Code   RO          634    i.ds_write_byte     ds18b20.o
    0x08003d1a   0x00000002   PAD
    0x08003d1c   0x00000018   Code   RO          531    i.fputc             serial.o
    0x08003d34   0x00000138   Code   RO           11    i.main              main.o
    0x08003e6c   0x0000003c   Code   RO          442    i.substring_cut     cli.o
    0x08003ea8   0x00000001   Data   RO          446    .constdata          cli.o
    0x08003ea9   0x00000010   Data   RO          724    .constdata          system_stm32f1xx.o
    0x08003eb9   0x00000008   Data   RO          725    .constdata          system_stm32f1xx.o
    0x08003ec1   0x00000081   Data   RO         3599    .constdata          mc_w.l(ctype_o.o)
    0x08003f42   0x00000002   PAD
    0x08003f44   0x00000004   Data   RO         3600    .constdata          mc_w.l(ctype_o.o)
    0x08003f48   0x00000020   Data   RO         3658    Region$$Table       anon$$obj.o


    Execution Region RW_IRAM1 (Base: 0x20000000, Size: 0x000008e0, Max: 0x00005000, ABSOLUTE)

    Base Addr    Size         Type   Attr      Idx    E Section Name        Object

    0x20000000   0x00000002   Data   RW           13    .data               main.o
    0x20000002   0x00000004   Data   RW          280    .data               stm32f1xx_it.o
    0x20000006   0x00000002   PAD
    0x20000008   0x00000054   Data   RW          371    .data               led.o
    0x2000005c   0x0000000c   Data   RW          447    .data               cli.o
    0x20000068   0x00000004   Data   RW          532    .data               serial.o
    0x2000006c   0x00000036   Data   RW          570    .data               auxiliary.o
    0x200000a2   0x00000002   PAD
    0x200000a4   0x00000018   Data   RW          635    .data               ds18b20.o
    0x200000bc   0x00000004   Data   RW          726    .data               system_stm32f1xx.o
    0x200000c0   0x00000004   Data   RW         2938    .data               stm32f1xx_hal.o
    0x200000c4   0x00000004   Data   RW         3308    .data               mc_w.l(strtok.o)
    0x200000c8   0x00000004   Data   RW         3629    .data               mc_w.l(errno.o)
    0x200000cc   0x00000138   Zero   RW           12    .bss                main.o
    0x20000204   0x000001ae   Zero   RW          279    .bss                stm32f1xx_it.o
    0x200003b2   0x0000012c   Zero   RW          443    .bss                cli.o
    0x200004de   0x00000002   PAD
    0x200004e0   0x00000400   Zero   RW         3287    STACK               startup_stm32f103xb.o


==============================================================================

Image component sizes


      Code (inc. data)   RO Data    RW Data    ZI Data      Debug   Object Name

      1148        456          0         54          0       4486   auxiliary.o
      1204        384          1         12        300       5806   cli.o
       594         30          0         24          0       6282   ds18b20.o
      1880        198          0         84          0       6522   led.o
      1084        102          0          2        312     483445   main.o
        24          4          0          4          0       2179   serial.o
        36          8        236          0       1024        748   startup_stm32f103xb.o
       120         16          0          4          0       3450   stm32f1xx_hal.o
       730         16          0          0          0       4800   stm32f1xx_hal_adc.o
       778         22          0          0          0       3260   stm32f1xx_hal_adc_ex.o
       228         14          0          0          0      27209   stm32f1xx_hal_cortex.o
       468         36          0          0          0       3587   stm32f1xx_hal_gpio.o
       572         84          0          0          0       4268   stm32f1xx_hal_msp.o
        24          4          0          0          0        491   stm32f1xx_hal_pwr.o
      2042         98          0          0          0       5668   stm32f1xx_hal_rcc.o
       540         44          0          0          0       2409   stm32f1xx_hal_rcc_ex.o
       324          6          0          0          0       3600   stm32f1xx_hal_rtc.o
      1184         40          0          0          0      11517   stm32f1xx_hal_tim.o
        80          0          0          0          0       1228   stm32f1xx_hal_tim_ex.o
      1306          4          0          0          0       7623   stm32f1xx_hal_uart.o
       186         26          0          4        430       5710   stm32f1xx_it.o
        72         16         24          4          0       1319   system_stm32f1xx.o

    ----------------------------------------------------------------------
     14660       1608        293        196       2068     595607   Object Totals
         0          0         32          0          0          0   (incl. Generated)
        36          0          0          4          2          0   (incl. Padding)

    ----------------------------------------------------------------------

      Code (inc. data)   RO Data    RW Data    ZI Data      Debug   Library Member Name

        28          0          0          0          0         68   _chval.o
       158          0          0          0          0         92   _strtoul.o
         8          4        133          0          0         68   ctype_o.o
         0          0          0          0          0          0   entry.o
         0          0          0          0          0          0   entry10a.o
         0          0          0          0          0          0   entry11a.o
         8          4          0          0          0          0   entry2.o
         4          0          0          0          0          0   entry5.o
         0          0          0          0          0          0   entry7b.o
         0          0          0          0          0          0   entry8b.o
         8          4          0          0          0          0   entry9a.o
         8          4          0          4          0         68   errno.o
        30          0          0          0          0          0   handlers.o
        36          8          0          0          0         68   init.o
         0          0          0          0          0          0   iusefp.o
        36          0          0          0          0        108   memseta.o
       372         14          0          0          0        184   printf1.o
        14          0          0          0          0         68   strlen.o
        30          0          0          0          0         80   strncmp.o
        24          0          0          0          0         76   strncpy.o
        32          0          0          0          0         68   strrchr.o
        68          6          0          4          0         80   strtok.o
       112          0          0          0          0         88   strtol.o
        44          0          0          0          0         80   uidiv.o
       110          0          0          0          0        168   fepilogue.o
        10          0          0          0          0         68   ffltui.o

    ----------------------------------------------------------------------
      1144         44        135          8          0       1432   Library Totals
         4          0          2          0          0          0   (incl. Padding)

    ----------------------------------------------------------------------

      Code (inc. data)   RO Data    RW Data    ZI Data      Debug   Library Name

      1020         44        133          8          0       1196   mc_w.l
       120          0          0          0          0        236   mf_w.l

    ----------------------------------------------------------------------
      1144         44        135          8          0       1432   Library Totals

    ----------------------------------------------------------------------

==============================================================================


      Code (inc. data)   RO Data    RW Data    ZI Data      Debug   

     15804       1652        428        204       2068     590275   Grand Totals
     15804       1652        428        204       2068     590275   ELF Image Totals
     15804       1652        428        204          0          0   ROM Totals

==============================================================================

    Total RO  Size (Code + RO Data)                16232 (  15.85kB)
    Total RW  Size (RW Data + ZI Data)              2272 (   2.22kB)
    Total ROM Size (Code + RO Data + RW Data)      16436 (  16.05kB)

==============================================================================

