Component: ARM Compiler 5.06 update 4 (build 422) Tool: armlink [4d35d2]

==============================================================================

Section Cross References

    main.o(i.HAL_ADCEx_InjectedConvCpltCallback) refers to stm32f1xx_hal_adc_ex.o(i.HAL_ADCEx_InjectedGetValue) for HAL_ADCEx_InjectedGetValue
    main.o(i.HAL_ADCEx_InjectedConvCpltCallback) refers to stm32f1xx_hal_adc_ex.o(i.HAL_ADCEx_InjectedStart_IT) for HAL_ADCEx_InjectedStart_IT
    main.o(i.HAL_ADCEx_InjectedConvCpltCallback) refers to main.o(.bss) for .bss
    main.o(i.HAL_ADCEx_InjectedConvCpltCallback) refers to auxiliary.o(.data) for AdcCh1Value
    main.o(i.MX_ADC1_Init) refers to stm32f1xx_hal_adc.o(i.HAL_ADC_Init) for HAL_ADC_Init
    main.o(i.MX_ADC1_Init) refers to stm32f1xx_hal_adc_ex.o(i.HAL_ADCEx_InjectedConfigChannel) for HAL_ADCEx_InjectedConfigChannel
    main.o(i.MX_ADC1_Init) refers to main.o(.bss) for .bss
    main.o(i.MX_GPIO_Init) refers to stm32f1xx_hal_gpio.o(i.HAL_GPIO_Init) for HAL_GPIO_Init
    main.o(i.MX_GPIO_Init) refers to stm32f1xx_hal_gpio.o(i.HAL_GPIO_WritePin) for HAL_GPIO_WritePin
    main.o(i.MX_TIM2_Init) refers to stm32f1xx_hal_tim.o(i.HAL_TIM_PWM_Init) for HAL_TIM_PWM_Init
    main.o(i.MX_TIM2_Init) refers to stm32f1xx_hal_tim_ex.o(i.HAL_TIMEx_MasterConfigSynchronization) for HAL_TIMEx_MasterConfigSynchronization
    main.o(i.MX_TIM2_Init) refers to stm32f1xx_hal_tim.o(i.HAL_TIM_PWM_ConfigChannel) for HAL_TIM_PWM_ConfigChannel
    main.o(i.MX_TIM2_Init) refers to stm32f1xx_hal_msp.o(i.HAL_TIM_MspPostInit) for HAL_TIM_MspPostInit
    main.o(i.MX_TIM2_Init) refers to main.o(.bss) for .bss
    main.o(i.MX_TIM4_Init) refers to stm32f1xx_hal_tim.o(i.HAL_TIM_PWM_Init) for HAL_TIM_PWM_Init
    main.o(i.MX_TIM4_Init) refers to stm32f1xx_hal_tim_ex.o(i.HAL_TIMEx_MasterConfigSynchronization) for HAL_TIMEx_MasterConfigSynchronization
    main.o(i.MX_TIM4_Init) refers to stm32f1xx_hal_tim.o(i.HAL_TIM_PWM_ConfigChannel) for HAL_TIM_PWM_ConfigChannel
    main.o(i.MX_TIM4_Init) refers to stm32f1xx_hal_msp.o(i.HAL_TIM_MspPostInit) for HAL_TIM_MspPostInit
    main.o(i.MX_TIM4_Init) refers to main.o(.bss) for .bss
    main.o(i.SystemClock_Config) refers to stm32f1xx_hal_rcc.o(i.HAL_RCC_OscConfig) for HAL_RCC_OscConfig
    main.o(i.SystemClock_Config) refers to stm32f1xx_hal_rcc.o(i.HAL_RCC_ClockConfig) for HAL_RCC_ClockConfig
    main.o(i.SystemClock_Config) refers to stm32f1xx_hal_rcc_ex.o(i.HAL_RCCEx_PeriphCLKConfig) for HAL_RCCEx_PeriphCLKConfig
    main.o(i.SystemClock_Config) refers to stm32f1xx_hal_rcc.o(i.HAL_RCC_GetHCLKFreq) for HAL_RCC_GetHCLKFreq
    main.o(i.SystemClock_Config) refers to stm32f1xx_hal_cortex.o(i.HAL_SYSTICK_Config) for HAL_SYSTICK_Config
    main.o(i.SystemClock_Config) refers to stm32f1xx_hal_cortex.o(i.HAL_SYSTICK_CLKSourceConfig) for HAL_SYSTICK_CLKSourceConfig
    main.o(i.SystemClock_Config) refers to stm32f1xx_hal_cortex.o(i.HAL_NVIC_SetPriority) for HAL_NVIC_SetPriority
    main.o(i.main) refers to stm32f1xx_hal.o(i.HAL_Init) for HAL_Init
    main.o(i.main) refers to main.o(i.SystemClock_Config) for SystemClock_Config
    main.o(i.main) refers to main.o(i.MX_GPIO_Init) for MX_GPIO_Init
    main.o(i.main) refers to main.o(i.MX_TIM4_Init) for MX_TIM4_Init
    main.o(i.main) refers to main.o(i.MX_ADC1_Init) for MX_ADC1_Init
    main.o(i.main) refers to stm32f1xx_hal_rtc.o(i.HAL_RTC_Init) for HAL_RTC_Init
    main.o(i.main) refers to main.o(i.MX_TIM2_Init) for MX_TIM2_Init
    main.o(i.main) refers to stm32f1xx_hal_tim.o(i.HAL_TIM_Base_Init) for HAL_TIM_Base_Init
    main.o(i.main) refers to stm32f1xx_hal_tim.o(i.HAL_TIM_ConfigClockSource) for HAL_TIM_ConfigClockSource
    main.o(i.main) refers to stm32f1xx_hal_tim_ex.o(i.HAL_TIMEx_MasterConfigSynchronization) for HAL_TIMEx_MasterConfigSynchronization
    main.o(i.main) refers to stm32f1xx_hal_uart.o(i.HAL_UART_Init) for HAL_UART_Init
    main.o(i.main) refers to stm32f1xx_hal_tim.o(i.HAL_TIM_PWM_Start) for HAL_TIM_PWM_Start
    main.o(i.main) refers to stm32f1xx_hal_tim.o(i.HAL_TIM_Base_Start) for HAL_TIM_Base_Start
    main.o(i.main) refers to stm32f1xx_hal_adc_ex.o(i.HAL_ADCEx_InjectedStart_IT) for HAL_ADCEx_InjectedStart_IT
    main.o(i.main) refers to printfa.o(i.__0printf) for __2printf
    main.o(i.main) refers to led.o(i.LED_SW) for LED_SW
    main.o(i.main) refers to cli.o(i.CReturnCmd) for CReturnCmd
    main.o(i.main) refers to auxiliary.o(i.Auxiliary) for Auxiliary
    main.o(i.main) refers to main.o(.bss) for .bss
    stm32f1xx_hal_msp.o(i.HAL_ADC_MspDeInit) refers to stm32f1xx_hal_gpio.o(i.HAL_GPIO_DeInit) for HAL_GPIO_DeInit
    stm32f1xx_hal_msp.o(i.HAL_ADC_MspDeInit) refers to stm32f1xx_hal_cortex.o(i.HAL_NVIC_DisableIRQ) for HAL_NVIC_DisableIRQ
    stm32f1xx_hal_msp.o(i.HAL_ADC_MspInit) refers to stm32f1xx_hal_gpio.o(i.HAL_GPIO_Init) for HAL_GPIO_Init
    stm32f1xx_hal_msp.o(i.HAL_ADC_MspInit) refers to stm32f1xx_hal_cortex.o(i.HAL_NVIC_SetPriority) for HAL_NVIC_SetPriority
[...]
    ../Src/stm32f1xx_hal_msp.c               0x00000000   Number         0  stm32f1xx_hal_msp.o ABSOLUTE
    ../Src/stm32f1xx_it.c                    0x00000000   Number         0  stm32f1xx_it.o ABSOLUTE
    ../clib/microlib/ctype/ctype.c           0x00000000   Number         0  isgraph_o.o ABSOLUTE
    ../clib/microlib/ctype/ctype.c           0x00000000   Number         0  isdigit_o.o ABSOLUTE
    ../clib/microlib/ctype/ctype.c           0x00000000   Number         0  isblank_o.o ABSOLUTE
    ../clib/microlib/ctype/ctype.c           0x00000000   Number         0  isalpha_o.o ABSOLUTE
    ../clib/microlib/ctype/ctype.c           0x00000000   Number         0  isalnum_o.o ABSOLUTE
    ../clib/microlib/ctype/ctype.c           0x00000000   Number         0  iscntrl_o.o ABSOLUTE
    ../clib/microlib/ctype/ctype.c           0x00000000   Number         0  ctype_o.o ABSOLUTE
    ../clib/microlib/ctype/ctype.c           0x00000000   Number         0  isxdigit_o.o ABSOLUTE
    ../clib/microlib/ctype/ctype.c           0x00000000   Number         0  islower_o.o ABSOLUTE
    ../clib/microlib/ctype/ctype.c           0x00000000   Number         0  isupper_o.o ABSOLUTE
    ../clib/microlib/ctype/ctype.c           0x00000000   Number         0  isspace_o.o ABSOLUTE
    ../clib/microlib/ctype/ctype.c           0x00000000   Number         0  ispunct_o.o ABSOLUTE
    ../clib/microlib/ctype/ctype.c           0x00000000   Number         0  isprint_o.o ABSOLUTE
    ../clib/microlib/division.c              0x00000000   Number         0  uldiv.o ABSOLUTE
    ../clib/microlib/division.c              0x00000000   Number         0  uidiv.o ABSOLUTE
    ../clib/microlib/errno.c                 0x00000000   Number         0  errno.o ABSOLUTE
    ../clib/microlib/init/entry.s            0x00000000   Number         0  entry.o ABSOLUTE
    ../clib/microlib/init/entry.s            0x00000000   Number         0  entry11a.o ABSOLUTE
    ../clib/microlib/init/entry.s            0x00000000   Number         0  entry10a.o ABSOLUTE
    ../clib/microlib/init/entry.s            0x00000000   Number         0  entry10b.o ABSOLUTE
    ../clib/microlib/init/entry.s            0x00000000   Number         0  entry9a.o ABSOLUTE
    ../clib/microlib/init/entry.s            0x00000000   Number         0  entry8b.o ABSOLUTE
    ../clib/microlib/init/entry.s            0x00000000   Number         0  entry8a.o ABSOLUTE
    ../clib/microlib/init/entry.s            0x00000000   Number         0  entry7b.o ABSOLUTE
    ../clib/microlib/init/entry.s            0x00000000   Number         0  entry7a.o ABSOLUTE
    ../clib/microlib/init/entry.s            0x00000000   Number         0  entry5.o ABSOLUTE
    ../clib/microlib/init/entry.s            0x00000000   Number         0  entry2.o ABSOLUTE
    ../clib/microlib/init/entry.s            0x00000000   Number         0  entry9b.o ABSOLUTE
    ../clib/microlib/init/entry.s            0x00000000   Number         0  entry11b.o ABSOLUTE
    ../clib/microlib/longlong.c              0x00000000   Number         0  llsshr.o ABSOLUTE
    ../clib/microlib/longlong.c              0x00000000   Number         0  llshl.o ABSOLUTE
    ../clib/microlib/longlong.c              0x00000000   Number         0  llushr.o ABSOLUTE
    ../clib/microlib/printf/printf.c         0x00000000   Number         0  printf0.o ABSOLUTE
    ../clib/microlib/printf/printf.c         0x00000000   Number         0  printfa.o ABSOLUTE
    ../clib/microlib/printf/printf.c         0x00000000   Number         0  printf8.o ABSOLUTE
    ../clib/microlib/printf/printf.c         0x00000000   Number         0  printf7.o ABSOLUTE
    ../clib/microlib/printf/printf.c         0x00000000   Number         0  printf3.o ABSOLUTE
    ../clib/microlib/printf/printf.c         0x00000000   Number         0  printfb.o ABSOLUTE
    ../clib/microlib/printf/printf.c         0x00000000   Number         0  printf5.o ABSOLUTE
    ../clib/microlib/printf/printf.c         0x00000000   Number         0  printf4.o ABSOLUTE
    ../clib/microlib/printf/printf.c         0x00000000   Number         0  printf2.o ABSOLUTE
    ../clib/microlib/printf/printf.c         0x00000000   Number         0  printf6.o ABSOLUTE
    ../clib/microlib/printf/printf.c         0x00000000   Number         0  printf1.o ABSOLUTE
    ../clib/microlib/printf/stubs.s          0x00000000   Number         0  stubs.o ABSOLUTE
    ../clib/microlib/string/memset.c         0x00000000   Number         0  memseta.o ABSOLUTE
    ../clib/microlib/string/strlen.c         0x00000000   Number         0  strlen.o ABSOLUTE
    ../clib/microlib/string/strncmp.c        0x00000000   Number         0  strncmp.o ABSOLUTE
    ../clib/microlib/string/strncpy.c        0x00000000   Number         0  strncpy.o ABSOLUTE
    ../clib/microlib/string/strrchr.c        0x00000000   Number         0  strrchr.o ABSOLUTE
    ../clib/microlib/string/strtok.c         0x00000000   Number         0  strtok_r.o ABSOLUTE
    ../clib/microlib/string/strtok.c         0x00000000   Number         0  strtok.o ABSOLUTE
    ../clib/microlib/stubs.s                 0x00000000   Number         0  iusefp.o ABSOLUTE
    ../clib/scanf.c                          0x00000000   Number         0  _strtoul.o ABSOLUTE
    ../clib/scanf.c                          0x00000000   Number         0  strtol.o ABSOLUTE
    ../clib/scanf.c                          0x00000000   Number         0  _chval.o ABSOLUTE
    ../fplib/microlib/f2d.c                  0x00000000   Number         0  f2d.o ABSOLUTE
    ../fplib/microlib/fpadd.c                0x00000000   Number         0  dadd.o ABSOLUTE
    ../fplib/microlib/fpdiv.c                0x00000000   Number         0  ddiv.o ABSOLUTE
    ../fplib/microlib/fpepilogue.c           0x00000000   Number         0  fepilogue.o ABSOLUTE
    ../fplib/microlib/fpepilogue.c           0x00000000   Number         0  depilogue.o ABSOLUTE
    ../fplib/microlib/fpfix.c                0x00000000   Number         0  dfixul.o ABSOLUTE
    ../fplib/microlib/fpflt.c                0x00000000   Number         0  ffltui.o ABSOLUTE
    ../fplib/microlib/fpmul.c                0x00000000   Number         0  dmul.o ABSOLUTE
    ..\Drivers\CMSIS\Device\ST\STM32F1xx\Source\Templates\system_stm32f1xx.c 0x00000000   Number         0  system_stm32f1xx.o ABSOLUTE
    ..\Drivers\STM32F1xx_HAL_Driver\Src\stm32f1xx_hal.c 0x00000000   Number         0  stm32f1xx_hal.o ABSOLUTE
    ..\Drivers\STM32F1xx_HAL_Driver\Src\stm32f1xx_hal_adc.c 0x00000000   Number         0  stm32f1xx_hal_adc.o ABSOLUTE
    ..\Drivers\STM32F1xx_HAL_Driver\Src\stm32f1xx_hal_adc_ex.c 0x00000000   Number         0  stm32f1xx_hal_adc_ex.o ABSOLUTE
    ..\Drivers\STM32F1xx_HAL_Driver\Src\stm32f1xx_hal_cortex.c 0x00000000   Number         0  stm32f1xx_hal_cortex.o ABSOLUTE
    ..\Drivers\STM32F1xx_HAL_Driver\Src\stm32f1xx_hal_dma.c 0x00000000   Number         0  stm32f1xx_hal_dma.o ABSOLUTE
    ..\Drivers\STM32F1xx_HAL_Driver\Src\stm32f1xx_hal_flash.c 0x00000000   Number         0  stm32f1xx_hal_flash.o ABSOLUTE
    ..\Drivers\STM32F1xx_HAL_Driver\Src\stm32f1xx_hal_flash_ex.c 0x00000000   Number         0  stm32f1xx_hal_flash_ex.o ABSOLUTE
    ..\Drivers\STM32F1xx_HAL_Driver\Src\stm32f1xx_hal_gpio.c 0x00000000   Number         0  stm32f1xx_hal_gpio.o ABSOLUTE
    ..\Drivers\STM32F1xx_HAL_Driver\Src\stm32f1xx_hal_gpio_ex.c 0x00000000   Number         0  stm32f1xx_hal_gpio_ex.o ABSOLUTE
    ..\Drivers\STM32F1xx_HAL_Driver\Src\stm32f1xx_hal_pwr.c 0x00000000   Number         0  stm32f1xx_hal_pwr.o ABSOLUTE
    ..\Drivers\STM32F1xx_HAL_Driver\Src\stm32f1xx_hal_rcc.c 0x00000000   Number         0  stm32f1xx_hal_rcc.o ABSOLUTE
    ..\Drivers\STM32F1xx_HAL_Driver\Src\stm32f1xx_hal_rcc_ex.c 0x00000000   Number         0  stm32f1xx_hal_rcc_ex.o ABSOLUTE
    ..\Drivers\STM32F1xx_HAL_Driver\Src\stm32f1xx_hal_rtc.c 0x00000000   Number         0  stm32f1xx_hal_rtc.o ABSOLUTE
    ..\Drivers\STM32F1xx_HAL_Driver\Src\stm32f1xx_hal_rtc_ex.c 0x00000000   Number         0  stm32f1xx_hal_rtc_ex.o ABSOLUTE
    ..\Drivers\STM32F1xx_HAL_Driver\Src\stm32f1xx_hal_tim.c 0x00000000   Number         0  stm32f1xx_hal_tim.o ABSOLUTE
    ..\Drivers\STM32F1xx_HAL_Driver\Src\stm32f1xx_hal_tim_ex.c 0x00000000   Number         0  stm32f1xx_hal_tim_ex.o ABSOLUTE
    ..\Drivers\STM32F1xx_HAL_Driver\Src\stm32f1xx_hal_uart.c 0x00000000   Number         0  stm32f1xx_hal_uart.o ABSOLUTE
    ..\Src\DS18B20.c                         0x00000000   Number         0  ds18b20.o ABSOLUTE
    ..\Src\LED.cpp                           0x00000000   Number         0  led.o ABSOLUTE
    ..\Src\main.c                            0x00000000   Number         0  main.o ABSOLUTE
    ..\Src\stm32f1xx_hal_msp.c               0x00000000   Number         0  stm32f1xx_hal_msp.o ABSOLUTE
    ..\Src\stm32f1xx_it.c                    0x00000000   Number         0  stm32f1xx_it.o ABSOLUTE
    ..\\Src\\DS18B20.c                       0x00000000   Number         0  ds18b20.o ABSOLUTE
    ..\\Src\\LED.cpp                         0x00000000   Number         0  led.o ABSOLUTE
    Auxiliary.cpp                            0x00000000   Number         0  auxiliary.o ABSOLUTE
    Auxiliary.cpp                            0x00000000   Number         0  auxiliary.o ABSOLUTE
    CLI.cpp                                  0x00000000   Number         0  cli.o ABSOLUTE
    CLI.cpp                                  0x00000000   Number         0  cli.o ABSOLUTE
    FlashMemory.c                            0x00000000   Number         0  flashmemory.o ABSOLUTE
    FlashMemory.c                            0x00000000   Number         0  flashmemory.o ABSOLUTE
    cdrcmple.s                               0x00000000   Number         0  cdrcmple.o ABSOLUTE
    dc.s                                     0x00000000   Number         0  dc.o ABSOLUTE
    handlers.s                               0x00000000   Number         0  handlers.o ABSOLUTE
    init.s                                   0x00000000   Number         0  init.o ABSOLUTE
    serial.c                                 0x00000000   Number         0  serial.o ABSOLUTE
    serial.c                                 0x00000000   Number         0  serial.o ABSOLUTE
    startup_stm32f103xb.s                    0x00000000   Number         0  startup_stm32f103xb.o ABSOLUTE
    RESET                                    0x08000000   Section      236  startup_stm32f103xb.o(RESET)
    .ARM.Collect$$$$00000000                 0x080000ec   Section        0  entry.o(.ARM.Collect$$$$00000000)
    .ARM.Collect$$$$00000001                 0x080000ec   Section        4  entry2.o(.ARM.Collect$$$$00000001)
    .ARM.Collect$$$$00000004                 0x080000f0   Section        4  entry5.o(.ARM.Collect$$$$00000004)
    .ARM.Collect$$$$00000008                 0x080000f4   Section        0  entry7b.o(.ARM.Collect$$$$00000008)
    .ARM.Collect$$$$0000000A                 0x080000f4   Section        0  entry8b.o(.ARM.Collect$$$$0000000A)
    .ARM.Collect$$$$0000000B                 0x080000f4   Section        8  entry9a.o(.ARM.Collect$$$$0000000B)
    .ARM.Collect$$$$0000000D                 0x080000fc   Section        0  entry10a.o(.ARM.Collect$$$$0000000D)
    .ARM.Collect$$$$0000000F                 0x080000fc   Section        0  entry11a.o(.ARM.Collect$$$$0000000F)
    .ARM.Collect$$$$00002712                 0x080000fc   Section        4  entry2.o(.ARM.Collect$$$$00002712)
    __lit__00000000                          0x080000fc   Data           4  entry2.o(.ARM.Collect$$$$00002712)
    .text                                    0x08000100   Section       36  startup_stm32f103xb.o(.text)
    .text                                    0x08000124   Section        0  llushr.o(.text)
    .text                                    0x08000144   Section        0  memseta.o(.text)
    .text                                    0x08000168   Section        0  strncpy.o(.text)
    .text                                    0x08000180   Section        0  strlen.o(.text)
    .text                                    0x0800018e   Section        0  strncmp.o(.text)
    .text                                    0x080001ac   Section        0  strtok.o(.text)
    .text                                    0x080001f0   Section        0  strrchr.o(.text)
    .text                                    0x08000210   Section        0  strtol.o(.text)
    .text                                    0x08000280   Section        0  ffltui.o(.text)
    .text                                    0x0800028a   Section        0  f2d.o(.text)
    .text                                    0x080002b0   Section        0  uidiv.o(.text)
    .text                                    0x080002dc   Section        0  uldiv.o(.text)
    .text                                    0x08000340   Section        0  ctype_o.o(.text)
    .text                                    0x08000348   Section        0  _strtoul.o(.text)
    .text                                    0x080003e6   Section        0  iusefp.o(.text)
    .text                                    0x080003e6   Section        0  fepilogue.o(.text)
    .text                                    0x08000454   Section        0  dadd.o(.text)
    .text                                    0x080005a2   Section        0  dmul.o(.text)
    .text                                    0x08000686   Section        0  ddiv.o(.text)
    .text                                    0x08000764   Section        0  dfixul.o(.text)
    .text                                    0x08000794   Section       48  cdrcmple.o(.text)
    .text                                    0x080007c4   Section       36  init.o(.text)
    .text                                    0x080007e8   Section        0  llshl.o(.text)
    .text                                    0x08000806   Section        0  llsshr.o(.text)
    .text                                    0x0800082a   Section        0  _chval.o(.text)
    .text                                    0x08000846   Section        0  depilogue.o(.text)
    i.ADC1_2_IRQHandler                      0x08000900   Section        0  stm32f1xx_it.o(i.ADC1_2_IRQHandler)
    i.ADC_ConversionStop_Disable             0x0800090c   Section        0  stm32f1xx_hal_adc.o(i.ADC_ConversionStop_Disable)
    i.ADC_Enable                             0x08000958   Section        0  stm32f1xx_hal_adc.o(i.ADC_Enable)
    i.AdcDatahandler                         0x080009c8   Section        0  auxiliary.o(i.AdcDatahandler)
    i.Auxiliary                              0x08000ac8   Section        0  auxiliary.o(i.Auxiliary)
    i.BusFault_Handler                       0x08000b80   Section        0  stm32f1xx_it.o(i.BusFault_Handler)
    i.CLI_toogleEcho                         0x08000b84   Section        0  cli.o(i.CLI_toogleEcho)
    i.CReturnCmd                             0x08000bd0   Section        0  cli.o(i.CReturnCmd)
    i.ClearCmdAndArguments                   0x08000bfc   Section        0  cli.o(i.ClearCmdAndArguments)
    i.CliGetTemperature                      0x08000c38   Section        0  auxiliary.o(i.CliGetTemperature)
    i.DebugMon_Handler                       0x08000c9c   Section        0  stm32f1xx_it.o(i.DebugMon_Handler)
    i.ESP_UART_alt                           0x08000ca0   Section        0  cli.o(i.ESP_UART_alt)
    i.FAN_SWITCH                             0x08000cb4   Section        0  auxiliary.o(i.FAN_SWITCH)
    i.FanLogic                               0x08000d98   Section        0  auxiliary.o(i.FanLogic)
    i.GetCommands                            0x08000ef4   Section        0  cli.o(i.GetCommands)
    i.GetTemperature                         0x08001024   Section        0  ds18b20.o(i.GetTemperature)
    i.HAL_ADCEx_InjectedConfigChannel        0x0800107c   Section        0  stm32f1xx_hal_adc_ex.o(i.HAL_ADCEx_InjectedConfigChannel)
    i.HAL_ADCEx_InjectedConvCpltCallback     0x080012b4   Section        0  main.o(i.HAL_ADCEx_InjectedConvCpltCallback)
    i.HAL_ADCEx_InjectedGetValue             0x080012e4   Section        0  stm32f1xx_hal_adc_ex.o(i.HAL_ADCEx_InjectedGetValue)
    i.HAL_ADCEx_InjectedStart_IT             0x08001304   Section        0  stm32f1xx_hal_adc_ex.o(i.HAL_ADCEx_InjectedStart_IT)
    i.HAL_ADC_ConvCpltCallback               0x080013b8   Section        0  stm32f1xx_hal_adc.o(i.HAL_ADC_ConvCpltCallback)
    i.HAL_ADC_IRQHandler                     0x080013ba   Section        0  stm32f1xx_hal_adc.o(i.HAL_ADC_IRQHandler)
    i.HAL_ADC_Init                           0x080014a0   Section        0  stm32f1xx_hal_adc.o(i.HAL_ADC_Init)
    i.HAL_ADC_LevelOutOfWindowCallback       0x080015d4   Section        0  stm32f1xx_hal_adc.o(i.HAL_ADC_LevelOutOfWindowCallback)
    i.HAL_ADC_MspInit                        0x080015d8   Section        0  stm32f1xx_hal_msp.o(i.HAL_ADC_MspInit)
    i.HAL_Delay                              0x08001628   Section        0  stm32f1xx_hal.o(i.HAL_Delay)
    i.HAL_GPIO_Init                          0x08001640   Section        0  stm32f1xx_hal_gpio.o(i.HAL_GPIO_Init)
    i.HAL_GPIO_ReadPin                       0x080017fc   Section        0  stm32f1xx_hal_gpio.o(i.HAL_GPIO_ReadPin)
    i.HAL_GPIO_WritePin                      0x08001806   Section        0  stm32f1xx_hal_gpio.o(i.HAL_GPIO_WritePin)
    i.HAL_GetTick                            0x08001814   Section        0  stm32f1xx_hal.o(i.HAL_GetTick)
    i.HAL_IncTick                            0x08001820   Section        0  stm32f1xx_hal.o(i.HAL_IncTick)
    i.HAL_Init                               0x08001830   Section        0  stm32f1xx_hal.o(i.HAL_Init)
    i.HAL_InitTick                           0x08001854   Section        0  stm32f1xx_hal.o(i.HAL_InitTick)
    i.HAL_MspInit                            0x08001878   Section        0  stm32f1xx_hal_msp.o(i.HAL_MspInit)
    i.HAL_NVIC_EnableIRQ                     0x080018f8   Section        0  stm32f1xx_hal_cortex.o(i.HAL_NVIC_EnableIRQ)
    i.HAL_NVIC_SetPriority                   0x08001910   Section        0  stm32f1xx_hal_cortex.o(i.HAL_NVIC_SetPriority)
    i.HAL_NVIC_SetPriorityGrouping           0x08001950   Section        0  stm32f1xx_hal_cortex.o(i.HAL_NVIC_SetPriorityGrouping)
    i.HAL_PWR_EnableBkUpAccess               0x08001974   Section        0  stm32f1xx_hal_pwr.o(i.HAL_PWR_EnableBkUpAccess)
    i.HAL_RCCEx_GetPeriphCLKFreq             0x0800198c   Section        0  stm32f1xx_hal_rcc_ex.o(i.HAL_RCCEx_GetPeriphCLKFreq)
    i.HAL_RCCEx_PeriphCLKConfig              0x08001a7c   Section        0  stm32f1xx_hal_rcc_ex.o(i.HAL_RCCEx_PeriphCLKConfig)
    i.HAL_RCC_ClockConfig                    0x08001ba8   Section        0  stm32f1xx_hal_rcc.o(i.HAL_RCC_ClockConfig)
    i.HAL_RCC_GetHCLKFreq                    0x08001d30   Section        0  stm32f1xx_hal_rcc.o(i.HAL_RCC_GetHCLKFreq)
    i.HAL_RCC_GetPCLK1Freq                   0x08001d3c   Section        0  stm32f1xx_hal_rcc.o(i.HAL_RCC_GetPCLK1Freq)
    i.HAL_RCC_GetPCLK2Freq                   0x08001d6c   Section        0  stm32f1xx_hal_rcc.o(i.HAL_RCC_GetPCLK2Freq)
    i.HAL_RCC_GetSysClockFreq                0x08001d9c   Section        0  stm32f1xx_hal_rcc.o(i.HAL_RCC_GetSysClockFreq)
    i.HAL_RCC_OscConfig                      0x08001e24   Section        0  stm32f1xx_hal_rcc.o(i.HAL_RCC_OscConfig)
    i.HAL_RTC_Init                           0x080023a4   Section        0  stm32f1xx_hal_rtc.o(i.HAL_RTC_Init)
    i.HAL_RTC_MspInit                        0x08002444   Section        0  stm32f1xx_hal_msp.o(i.HAL_RTC_MspInit)
    i.HAL_RTC_WaitForSynchro                 0x08002488   Section        0  stm32f1xx_hal_rtc.o(i.HAL_RTC_WaitForSynchro)
    i.HAL_SYSTICK_CLKSourceConfig            0x080024c2   Section        0  stm32f1xx_hal_cortex.o(i.HAL_SYSTICK_CLKSourceConfig)
    i.HAL_SYSTICK_Callback                   0x080024da   Section        0  stm32f1xx_hal_cortex.o(i.HAL_SYSTICK_Callback)
    i.HAL_SYSTICK_Config                     0x080024dc   Section        0  stm32f1xx_hal_cortex.o(i.HAL_SYSTICK_Config)
    i.HAL_SYSTICK_IRQHandler                 0x08002504   Section        0  stm32f1xx_hal_cortex.o(i.HAL_SYSTICK_IRQHandler)
    i.HAL_TIMEx_MasterConfigSynchronization  0x0800250c   Section        0  stm32f1xx_hal_tim_ex.o(i.HAL_TIMEx_MasterConfigSynchronization)
    i.HAL_TIM_Base_Init                      0x0800255c   Section        0  stm32f1xx_hal_tim.o(i.HAL_TIM_Base_Init)
    i.HAL_TIM_Base_MspInit                   0x08002594   Section        0  stm32f1xx_hal_msp.o(i.HAL_TIM_Base_MspInit)
    i.HAL_TIM_Base_Start                     0x080025bc   Section        0  stm32f1xx_hal_tim.o(i.HAL_TIM_Base_Start)
    i.HAL_TIM_ConfigClockSource              0x080025d6   Section        0  stm32f1xx_hal_tim.o(i.HAL_TIM_ConfigClockSource)
    i.HAL_TIM_MspPostInit                    0x080026c8   Section        0  stm32f1xx_hal_msp.o(i.HAL_TIM_MspPostInit)
    i.HAL_TIM_PWM_ConfigChannel              0x08002724   Section        0  stm32f1xx_hal_tim.o(i.HAL_TIM_PWM_ConfigChannel)
    i.HAL_TIM_PWM_Init                       0x080027f4   Section        0  stm32f1xx_hal_tim.o(i.HAL_TIM_PWM_Init)
    i.HAL_TIM_PWM_MspInit                    0x0800282c   Section        0  stm32f1xx_hal_msp.o(i.HAL_TIM_PWM_MspInit)
    i.HAL_TIM_PWM_Start                      0x08002868   Section        0  stm32f1xx_hal_tim.o(i.HAL_TIM_PWM_Start)
    i.HAL_UART_ErrorCallback                 0x08002898   Section        0  stm32f1xx_hal_uart.o(i.HAL_UART_ErrorCallback)
    i.HAL_UART_IRQHandler                    0x0800289c   Section        0  stm32f1xx_hal_uart.o(i.HAL_UART_IRQHandler)
    i.HAL_UART_Init                          0x08002976   Section        0  stm32f1xx_hal_uart.o(i.HAL_UART_Init)
    i.HAL_UART_MspInit                       0x080029d4   Section        0  stm32f1xx_hal_msp.o(i.HAL_UART_MspInit)
    i.HAL_UART_RxCpltCallback                0x08002a3c   Section        0  stm32f1xx_hal_uart.o(i.HAL_UART_RxCpltCallback)
    i.HAL_UART_Transmit                      0x08002a40   Section        0  stm32f1xx_hal_uart.o(i.HAL_UART_Transmit)
    i.HAL_UART_TxCpltCallback                0x08002b0c   Section        0  stm32f1xx_hal_uart.o(i.HAL_UART_TxCpltCallback)
    i.HardFault_Handler                      0x08002b0e   Section        0  stm32f1xx_it.o(i.HardFault_Handler)
    i.LED_CLI                                0x08002b10   Section        0  led.o(i.LED_CLI)
    i.LED_CVAL                               0x0800310c   Section        0  led.o(i.LED_CVAL)
    i.LED_PWMbyNum                           0x08003128   Section        0  led.o(i.LED_PWMbyNum)
    i.LED_SW                                 0x08003154   Section        0  led.o(i.LED_SW)
    i.LED_StatebyNum                         0x08003210   Section        0  led.o(i.LED_StatebyNum)
    i.LED_ValuebyNum                         0x0800323c   Section        0  led.o(i.LED_ValuebyNum)
    i.MX_ADC1_Init                           0x08003268   Section        0  main.o(i.MX_ADC1_Init)
    MX_ADC1_Init                             0x08003269   Thumb Code   100  main.o(i.MX_ADC1_Init)
    i.MX_GPIO_Init                           0x080032d4   Section        0  main.o(i.MX_GPIO_Init)
    MX_GPIO_Init                             0x080032d5   Thumb Code   266  main.o(i.MX_GPIO_Init)
    i.MX_TIM2_Init                           0x080033ec   Section        0  main.o(i.MX_TIM2_Init)
    MX_TIM2_Init                             0x080033ed   Thumb Code    84  main.o(i.MX_TIM2_Init)
    i.MX_TIM4_Init                           0x08003448   Section        0  main.o(i.MX_TIM4_Init)
    MX_TIM4_Init                             0x08003449   Thumb Code   124  main.o(i.MX_TIM4_Init)
    i.MemManage_Handler                      0x080034cc   Section        0  stm32f1xx_it.o(i.MemManage_Handler)
    i.NMI_Handler                            0x080034ce   Section        0  stm32f1xx_it.o(i.NMI_Handler)
    i.NVIC_SetPriority                       0x080034d0   Section        0  stm32f1xx_hal_cortex.o(i.NVIC_SetPriority)
    NVIC_SetPriority                         0x080034d1   Thumb Code    32  stm32f1xx_hal_cortex.o(i.NVIC_SetPriority)
    i.PSU_SWITCH                             0x080034f0   Section        0  auxiliary.o(i.PSU_SWITCH)
    i.ParseCmdString                         0x080035b0   Section        0  cli.o(i.ParseCmdString)
    i.PendSV_Handler                         0x080035f0   Section        0  stm32f1xx_it.o(i.PendSV_Handler)
    i.RTC_EnterInitMode                      0x080035f2   Section        0  stm32f1xx_hal_rtc.o(i.RTC_EnterInitMode)
    RTC_EnterInitMode                        0x080035f3   Thumb Code    52  stm32f1xx_hal_rtc.o(i.RTC_EnterInitMode)
    i.RTC_ExitInitMode                       0x08003628   Section        0  stm32f1xx_hal_rtc.o(i.RTC_ExitInitMode)
    RTC_ExitInitMode                         0x08003629   Thumb Code    54  stm32f1xx_hal_rtc.o(i.RTC_ExitInitMode)
    i.SVC_Handler                            0x0800365e   Section        0  stm32f1xx_it.o(i.SVC_Handler)
    i.SliceCmd                               0x08003660   Section        0  cli.o(i.SliceCmd)
    i.StatLEDsControl                        0x080036ec   Section        0  auxiliary.o(i.StatLEDsControl)
    i.Status                                 0x0800378c   Section        0  cli.o(i.Status)
    i.SysTick_Handler                        0x080039b8   Section        0  stm32f1xx_it.o(i.SysTick_Handler)
    i.SystemClock_Config                     0x080039c6   Section        0  main.o(i.SystemClock_Config)
    i.SystemInit                             0x08003a50   Section        0  system_stm32f1xx.o(i.SystemInit)
    i.TIM_Base_SetConfig                     0x08003a98   Section        0  stm32f1xx_hal_tim.o(i.TIM_Base_SetConfig)
    i.TIM_CCxChannelCmd                      0x08003afc   Section        0  stm32f1xx_hal_tim.o(i.TIM_CCxChannelCmd)
    i.TIM_ETR_SetConfig                      0x08003b12   Section        0  stm32f1xx_hal_tim.o(i.TIM_ETR_SetConfig)
    TIM_ETR_SetConfig                        0x08003b13   Thumb Code    20  stm32f1xx_hal_tim.o(i.TIM_ETR_SetConfig)
    i.TIM_ITRx_SetConfig                     0x08003b26   Section        0  stm32f1xx_hal_tim.o(i.TIM_ITRx_SetConfig)
    TIM_ITRx_SetConfig                       0x08003b27   Thumb Code    16  stm32f1xx_hal_tim.o(i.TIM_ITRx_SetConfig)
    i.TIM_OC1_SetConfig                      0x08003b38   Section        0  stm32f1xx_hal_tim.o(i.TIM_OC1_SetConfig)
    TIM_OC1_SetConfig                        0x08003b39   Thumb Code    74  stm32f1xx_hal_tim.o(i.TIM_OC1_SetConfig)
    i.TIM_OC2_SetConfig                      0x08003b88   Section        0  stm32f1xx_hal_tim.o(i.TIM_OC2_SetConfig)
    i.TIM_OC3_SetConfig                      0x08003be0   Section        0  stm32f1xx_hal_tim.o(i.TIM_OC3_SetConfig)
    TIM_OC3_SetConfig                        0x08003be1   Thumb Code    82  stm32f1xx_hal_tim.o(i.TIM_OC3_SetConfig)
    i.TIM_OC4_SetConfig                      0x08003c38   Section        0  stm32f1xx_hal_tim.o(i.TIM_OC4_SetConfig)
    TIM_OC4_SetConfig                        0x08003c39   Thumb Code    64  stm32f1xx_hal_tim.o(i.TIM_OC4_SetConfig)
    i.TIM_TI1_ConfigInputStage               0x08003c7c   Section        0  stm32f1xx_hal_tim.o(i.TIM_TI1_ConfigInputStage)
    TIM_TI1_ConfigInputStage                 0x08003c7d   Thumb Code    34  stm32f1xx_hal_tim.o(i.TIM_TI1_ConfigInputStage)
    i.TIM_TI2_ConfigInputStage               0x08003c9e   Section        0  stm32f1xx_hal_tim.o(i.TIM_TI2_ConfigInputStage)
    TIM_TI2_ConfigInputStage                 0x08003c9f   Thumb Code    36  stm32f1xx_hal_tim.o(i.TIM_TI2_ConfigInputStage)
    i.UART_Receive_IT                        0x08003cc4   Section        0  stm32f1xx_hal_uart.o(i.UART_Receive_IT)
    UART_Receive_IT                          0x08003cc5   Thumb Code   168  stm32f1xx_hal_uart.o(i.UART_Receive_IT)
    i.UART_SetConfig                         0x08003d6c   Section        0  stm32f1xx_hal_uart.o(i.UART_SetConfig)
    UART_SetConfig                           0x08003d6d   Thumb Code   364  stm32f1xx_hal_uart.o(i.UART_SetConfig)
    i.UART_Transmit_IT                       0x08003edc   Section        0  stm32f1xx_hal_uart.o(i.UART_Transmit_IT)
    UART_Transmit_IT                         0x08003edd   Thumb Code   102  stm32f1xx_hal_uart.o(i.UART_Transmit_IT)
    i.UART_WaitOnFlagUntilTimeout            0x08003f42   Section        0  stm32f1xx_hal_uart.o(i.UART_WaitOnFlagUntilTimeout)
    UART_WaitOnFlagUntilTimeout              0x08003f43   Thumb Code   146  stm32f1xx_hal_uart.o(i.UART_WaitOnFlagUntilTimeout)
    i.USART3_IRQHandler                      0x08003fd4   Section        0  stm32f1xx_it.o(i.USART3_IRQHandler)
    i.UsageFault_Handler                     0x08004064   Section        0  stm32f1xx_it.o(i.UsageFault_Handler)
    i.__0printf                              0x08004068   Section        0  printfa.o(i.__0printf)
    i.__aeabi_errno_addr                     0x08004088   Section        0  errno.o(i.__aeabi_errno_addr)
    i.__scatterload_copy                     0x08004090   Section       14  handlers.o(i.__scatterload_copy)
    i.__scatterload_null                     0x0800409e   Section        2  handlers.o(i.__scatterload_null)
    i.__scatterload_zeroinit                 0x080040a0   Section       14  handlers.o(i.__scatterload_zeroinit)
    i._fp_digits                             0x080040b0   Section        0  printfa.o(i._fp_digits)
    _fp_digits                               0x080040b1   Thumb Code   366  printfa.o(i._fp_digits)
    i._printf_core                           0x08004234   Section        0  printfa.o(i._printf_core)
    _printf_core                             0x08004235   Thumb Code  1744  printfa.o(i._printf_core)
    i._printf_post_padding                   0x08004910   Section        0  printfa.o(i._printf_post_padding)
    _printf_post_padding                     0x08004911   Thumb Code    36  printfa.o(i._printf_post_padding)
    i._printf_pre_padding                    0x08004934   Section        0  printfa.o(i._printf_pre_padding)
    _printf_pre_padding                      0x08004935   Thumb Code    46  printfa.o(i._printf_pre_padding)
    i.char2int                               0x08004962   Section        0  cli.o(i.char2int)
    i.char2short                             0x08004972   Section        0  cli.o(i.char2short)
    i.ds_read_bit                            0x08004984   Section        0  ds18b20.o(i.ds_read_bit)
    i.ds_read_byte                           0x080049c0   Section        0  ds18b20.o(i.ds_read_byte)
    i.ds_read_data_single                    0x080049e6   Section        0  ds18b20.o(i.ds_read_data_single)
    i.ds_read_temperature                    0x08004a58   Section        0  ds18b20.o(i.ds_read_temperature)
    i.ds_reset_pulse                         0x08004aac   Section        0  ds18b20.o(i.ds_reset_pulse)
    i.ds_start_convert_single                0x08004b04   Section        0  ds18b20.o(i.ds_start_convert_single)
    i.ds_write_bit                           0x08004b28   Section        0  ds18b20.o(i.ds_write_bit)
    i.ds_write_byte                          0x08004b5c   Section        0  ds18b20.o(i.ds_write_byte)
    i.fputc                                  0x08004b80   Section        0  serial.o(i.fputc)
    i.main                                   0x08004b98   Section        0  main.o(i.main)
    i.substring_cut                          0x08004cd0   Section        0  cli.o(i.substring_cut)
    .constdata                               0x08004d0c   Section        1  cli.o(.constdata)
    .constdata                               0x08004d0d   Section       16  system_stm32f1xx.o(.constdata)
    .constdata                               0x08004d1d   Section        8  system_stm32f1xx.o(.constdata)
    .constdata                               0x08004d25   Section      129  ctype_o.o(.constdata)
    .constdata                               0x08004da8   Section        4  ctype_o.o(.constdata)
    table                                    0x08004da8   Data           4  ctype_o.o(.constdata)
    .data                                    0x20000000   Section        2  main.o(.data)
    .data                                    0x20000002   Section        4  stm32f1xx_it.o(.data)
    .data                                    0x20000008   Section       84  led.o(.data)
    .data                                    0x2000005c   Section       12  cli.o(.data)
    .data                                    0x20000068   Section        4  serial.o(.data)
    .data                                    0x2000006c   Section       72  auxiliary.o(.data)
    .data                                    0x200000b4   Section       24  ds18b20.o(.data)
    .data                                    0x200000cc   Section        4  system_stm32f1xx.o(.data)
    .data                                    0x200000d0   Section        4  stm32f1xx_hal.o(.data)
    uwTick                                   0x200000d0   Data           4  stm32f1xx_hal.o(.data)
    .data                                    0x200000d4   Section        4  strtok.o(.data)
    state                                    0x200000d4   Data           4  strtok.o(.data)
    .data                                    0x200000d8   Section        4  errno.o(.data)
    _errno                                   0x200000d8   Data           4  errno.o(.data)
    .bss                                     0x200000dc   Section      312  main.o(.bss)
    .bss                                     0x20000214   Section      430  stm32f1xx_it.o(.bss)
    .bss                                     0x200003c2   Section      300  cli.o(.bss)
    STACK                                    0x200004f0   Section     1024  startup_stm32f103xb.o(STACK)

    Global Symbols

    Symbol Name                              Value     Ov Type        Size  Object(Section)

    BuildAttributes$$THM_ISAv4$P$D$K$B$S$PE$A:L22UL41UL21$X:L11$S22US41US21$IEEE1$IW$USESV6$~STKCKD$USESV7$~SHL$OTIME$ROPI$EBA8$MICROLIB$REQ8$PRES8$EABIv2 0x00000000   Number         0  anon$$obj.o ABSOLUTE
    __ARM_use_no_argv                        0x00000000   Number         0  main.o ABSOLUTE
    _printf_a                                0x00000000   Number         0  stubs.o ABSOLUTE
    _printf_c                                0x00000000   Number         0  stubs.o ABSOLUTE
    _printf_charcount                        0x00000000   Number         0  stubs.o ABSOLUTE
    _printf_d                                0x00000000   Number         0  stubs.o ABSOLUTE
    _printf_e                                0x00000000   Number         0  stubs.o ABSOLUTE
    _printf_f                                0x00000000   Number         0  stubs.o ABSOLUTE
    _printf_flags                            0x00000000   Number         0  stubs.o ABSOLUTE
    _printf_fp_dec                           0x00000000   Number         0  stubs.o ABSOLUTE
    _printf_fp_hex                           0x00000000   Number         0  stubs.o ABSOLUTE
    _printf_g                                0x00000000   Number         0  stubs.o ABSOLUTE
    _printf_i                                0x00000000   Number         0  stubs.o ABSOLUTE
    _printf_int_dec                          0x00000000   Number         0  stubs.o ABSOLUTE
    _printf_l                                0x00000000   Number         0  stubs.o ABSOLUTE
    _printf_lc                               0x00000000   Number         0  stubs.o ABSOLUTE
    _printf_ll                               0x00000000   Number         0  stubs.o ABSOLUTE
    _printf_lld                              0x00000000   Number         0  stubs.o ABSOLUTE
    _printf_lli                              0x00000000   Number         0  stubs.o ABSOLUTE
    _printf_llo                              0x00000000   Number         0  stubs.o ABSOLUTE
    _printf_llu                              0x00000000   Number         0  stubs.o ABSOLUTE
    _printf_llx                              0x00000000   Number         0  stubs.o ABSOLUTE
    _printf_longlong_dec                     0x00000000   Number         0  stubs.o ABSOLUTE
    _printf_longlong_hex                     0x00000000   Number         0  stubs.o ABSOLUTE
    _printf_longlong_oct                     0x00000000   Number         0  stubs.o ABSOLUTE
    _printf_ls                               0x00000000   Number         0  stubs.o ABSOLUTE
    _printf_mbtowc                           0x00000000   Number         0  stubs.o ABSOLUTE
    _printf_n                                0x00000000   Number         0  stubs.o ABSOLUTE
    _printf_o                                0x00000000   Number         0  stubs.o ABSOLUTE
    _printf_p                                0x00000000   Number         0  stubs.o ABSOLUTE
    _printf_percent                          0x00000000   Number         0  stubs.o ABSOLUTE
    _printf_pre_padding                      0x00000000   Number         0  stubs.o ABSOLUTE
    _printf_return_value                     0x00000000   Number         0  stubs.o ABSOLUTE
    _printf_s                                0x00000000   Number         0  stubs.o ABSOLUTE
    _printf_sizespec                         0x00000000   Number         0  stubs.o ABSOLUTE
    _printf_str                              0x00000000   Number         0  stubs.o ABSOLUTE
    _printf_truncate_signed                  0x00000000   Number         0  stubs.o ABSOLUTE
    _printf_truncate_unsigned                0x00000000   Number         0  stubs.o ABSOLUTE
    _printf_u                                0x00000000   Number         0  stubs.o ABSOLUTE
    _printf_wc                               0x00000000   Number         0  stubs.o ABSOLUTE
    _printf_wctomb                           0x00000000   Number         0  stubs.o ABSOLUTE
    _printf_widthprec                        0x00000000   Number         0  stubs.o ABSOLUTE
    _printf_x                                0x00000000   Number         0  stubs.o ABSOLUTE
    __cpp_initialize__aeabi_                  - Undefined Weak Reference
    __cxa_finalize                            - Undefined Weak Reference
    __decompress                              - Undefined Weak Reference
    _clock_init                               - Undefined Weak Reference
    _microlib_exit                            - Undefined Weak Reference
    __Vectors_Size                           0x000000ec   Number         0  startup_stm32f103xb.o ABSOLUTE
    __Vectors                                0x08000000   Data           4  startup_stm32f103xb.o(RESET)
    __Vectors_End                            0x080000ec   Data           0  startup_stm32f103xb.o(RESET)
    __main                                   0x080000ed   Thumb Code     0  entry.o(.ARM.Collect$$$$00000000)
    _main_stk                                0x080000ed   Thumb Code     0  entry2.o(.ARM.Collect$$$$00000001)
    _main_scatterload                        0x080000f1   Thumb Code     0  entry5.o(.ARM.Collect$$$$00000004)
    __main_after_scatterload                 0x080000f5   Thumb Code     0  entry5.o(.ARM.Collect$$$$00000004)
    _main_clock                              0x080000f5   Thumb Code     0  entry7b.o(.ARM.Collect$$$$00000008)
    _main_cpp_init                           0x080000f5   Thumb Code     0  entry8b.o(.ARM.Collect$$$$0000000A)
    _main_init                               0x080000f5   Thumb Code     0  entry9a.o(.ARM.Collect$$$$0000000B)
    __rt_final_cpp                           0x080000fd   Thumb Code     0  entry10a.o(.ARM.Collect$$$$0000000D)
    __rt_final_exit                          0x080000fd   Thumb Code     0  entry11a.o(.ARM.Collect$$$$0000000F)
    Reset_Handler                            0x08000101   Thumb Code     8  startup_stm32f103xb.o(.text)
    CAN1_RX1_IRQHandler                      0x0800011b   Thumb Code     0  startup_stm32f103xb.o(.text)
    CAN1_SCE_IRQHandler                      0x0800011b   Thumb Code     0  startup_stm32f103xb.o(.text)
    DMA1_Channel1_IRQHandler                 0x0800011b   Thumb Code     0  startup_stm32f103xb.o(.text)
    DMA1_Channel2_IRQHandler                 0x0800011b   Thumb Code     0  startup_stm32f103xb.o(.text)
    DMA1_Channel3_IRQHandler                 0x0800011b   Thumb Code     0  startup_stm32f103xb.o(.text)
    DMA1_Channel4_IRQHandler                 0x0800011b   Thumb Code     0  startup_stm32f103xb.o(.text)
    DMA1_Channel5_IRQHandler                 0x0800011b   Thumb Code     0  startup_stm32f103xb.o(.text)
    DMA1_Channel6_IRQHandler                 0x0800011b   Thumb Code     0  startup_stm32f103xb.o(.text)
    DMA1_Channel7_IRQHandler                 0x0800011b   Thumb Code     0  startup_stm32f103xb.o(.text)
    EXTI0_IRQHandler                         0x0800011b   Thumb Code     0  startup_stm32f103xb.o(.text)
    EXTI15_10_IRQHandler                     0x0800011b   Thumb Code     0  startup_stm32f103xb.o(.text)
    EXTI1_IRQHandler                         0x0800011b   Thumb Code     0  startup_stm32f103xb.o(.text)
    EXTI2_IRQHandler                         0x0800011b   Thumb Code     0  startup_stm32f103xb.o(.text)
    EXTI3_IRQHandler                         0x0800011b   Thumb Code     0  startup_stm32f103xb.o(.text)
    EXTI4_IRQHandler                         0x0800011b   Thumb Code     0  startup_stm32f103xb.o(.text)
    EXTI9_5_IRQHandler                       0x0800011b   Thumb Code     0  startup_stm32f103xb.o(.text)
    FLASH_IRQHandler                         0x0800011b   Thumb Code     0  startup_stm32f103xb.o(.text)
    I2C1_ER_IRQHandler                       0x0800011b   Thumb Code     0  startup_stm32f103xb.o(.text)
    I2C1_EV_IRQHandler                       0x0800011b   Thumb Code     0  startup_stm32f103xb.o(.text)
    I2C2_ER_IRQHandler                       0x0800011b   Thumb Code     0  startup_stm32f103xb.o(.text)
    I2C2_EV_IRQHandler                       0x0800011b   Thumb Code     0  startup_stm32f103xb.o(.text)
    PVD_IRQHandler                           0x0800011b   Thumb Code     0  startup_stm32f103xb.o(.text)
    RCC_IRQHandler                           0x0800011b   Thumb Code     0  startup_stm32f103xb.o(.text)
    RTC_Alarm_IRQHandler                     0x0800011b   Thumb Code     0  startup_stm32f103xb.o(.text)
    RTC_IRQHandler                           0x0800011b   Thumb Code     0  startup_stm32f103xb.o(.text)
    SPI1_IRQHandler                          0x0800011b   Thumb Code     0  startup_stm32f103xb.o(.text)
    SPI2_IRQHandler                          0x0800011b   Thumb Code     0  startup_stm32f103xb.o(.text)
    TAMPER_IRQHandler                        0x0800011b   Thumb Code     0  startup_stm32f103xb.o(.text)
    TIM1_BRK_IRQHandler                      0x0800011b   Thumb Code     0  startup_stm32f103xb.o(.text)
    TIM1_CC_IRQHandler                       0x0800011b   Thumb Code     0  startup_stm32f103xb.o(.text)
    TIM1_TRG_COM_IRQHandler                  0x0800011b   Thumb Code     0  startup_stm32f103xb.o(.text)
    TIM1_UP_IRQHandler                       0x0800011b   Thumb Code     0  startup_stm32f103xb.o(.text)
    TIM2_IRQHandler                          0x0800011b   Thumb Code     0  startup_stm32f103xb.o(.text)
    TIM3_IRQHandler                          0x0800011b   Thumb Code     0  startup_stm32f103xb.o(.text)
    TIM4_IRQHandler                          0x0800011b   Thumb Code     0  startup_stm32f103xb.o(.text)
    USART1_IRQHandler                        0x0800011b   Thumb Code     0  startup_stm32f103xb.o(.text)
    USART2_IRQHandler                        0x0800011b   Thumb Code     0  startup_stm32f103xb.o(.text)
    USBWakeUp_IRQHandler                     0x0800011b   Thumb Code     0  startup_stm32f103xb.o(.text)
    USB_HP_CAN1_TX_IRQHandler                0x0800011b   Thumb Code     0  startup_stm32f103xb.o(.text)
    USB_LP_CAN1_RX0_IRQHandler               0x0800011b   Thumb Code     0  startup_stm32f103xb.o(.text)
    WWDG_IRQHandler                          0x0800011b   Thumb Code     0  startup_stm32f103xb.o(.text)
    __aeabi_llsr                             0x08000125   Thumb Code    32  llushr.o(.text)
    _ll_ushift_r                             0x08000125   Thumb Code     0  llushr.o(.text)
    __aeabi_memset                           0x08000145   Thumb Code    14  memseta.o(.text)
    __aeabi_memset4                          0x08000145   Thumb Code     0  memseta.o(.text)
    __aeabi_memset8                          0x08000145   Thumb Code     0  memseta.o(.text)
    __aeabi_memclr                           0x08000153   Thumb Code     4  memseta.o(.text)
    __aeabi_memclr4                          0x08000153   Thumb Code     0  memseta.o(.text)
    __aeabi_memclr8                          0x08000153   Thumb Code     0  memseta.o(.text)
    _memset$wrapper                          0x08000157   Thumb Code    18  memseta.o(.text)
    strncpy                                  0x08000169   Thumb Code    24  strncpy.o(.text)
    strlen                                   0x08000181   Thumb Code    14  strlen.o(.text)
    strncmp                                  0x0800018f   Thumb Code    30  strncmp.o(.text)
    strtok                                   0x080001ad   Thumb Code    62  strtok.o(.text)
    strrchr                                  0x080001f1   Thumb Code    32  strrchr.o(.text)
    strtol                                   0x08000211   Thumb Code   112  strtol.o(.text)
    __aeabi_ui2f                             0x08000281   Thumb Code    10  ffltui.o(.text)
    __aeabi_f2d                              0x0800028b   Thumb Code    38  f2d.o(.text)
    __aeabi_uidiv                            0x080002b1   Thumb Code     0  uidiv.o(.text)
    __aeabi_uidivmod                         0x080002b1   Thumb Code    44  uidiv.o(.text)
    __aeabi_uldivmod                         0x080002dd   Thumb Code    98  uldiv.o(.text)
    __rt_ctype_table                         0x08000341   Thumb Code     4  ctype_o.o(.text)
    _strtoul                                 0x08000349   Thumb Code   158  _strtoul.o(.text)
    __I$use$fp                               0x080003e7   Thumb Code     0  iusefp.o(.text)
    _float_round                             0x080003e7   Thumb Code    18  fepilogue.o(.text)
    _float_epilogue                          0x080003f9   Thumb Code    92  fepilogue.o(.text)
    __aeabi_dadd                             0x08000455   Thumb Code   322  dadd.o(.text)
    __aeabi_dsub                             0x08000597   Thumb Code     6  dadd.o(.text)
    __aeabi_drsub                            0x0800059d   Thumb Code     6  dadd.o(.text)
    __aeabi_dmul                             0x080005a3   Thumb Code   228  dmul.o(.text)
    __aeabi_ddiv                             0x08000687   Thumb Code   222  ddiv.o(.text)
    __aeabi_d2ulz                            0x08000765   Thumb Code    48  dfixul.o(.text)
    __aeabi_cdrcmple                         0x08000795   Thumb Code    48  cdrcmple.o(.text)
    __scatterload                            0x080007c5   Thumb Code    28  init.o(.text)
    __scatterload_rt2                        0x080007c5   Thumb Code     0  init.o(.text)
    __aeabi_llsl                             0x080007e9   Thumb Code    30  llshl.o(.text)
    _ll_shift_l                              0x080007e9   Thumb Code     0  llshl.o(.text)
    __aeabi_lasr                             0x08000807   Thumb Code    36  llsshr.o(.text)
    _ll_sshift_r                             0x08000807   Thumb Code     0  llsshr.o(.text)
    _chval                                   0x0800082b   Thumb Code    28  _chval.o(.text)
    _double_round                            0x08000847   Thumb Code    30  depilogue.o(.text)
    _double_epilogue                         0x08000865   Thumb Code   156  depilogue.o(.text)
    ADC1_2_IRQHandler                        0x08000901   Thumb Code     6  stm32f1xx_it.o(i.ADC1_2_IRQHandler)
    ADC_ConversionStop_Disable               0x0800090d   Thumb Code    76  stm32f1xx_hal_adc.o(i.ADC_ConversionStop_Disable)
    ADC_Enable                               0x08000959   Thumb Code   104  stm32f1xx_hal_adc.o(i.ADC_Enable)
    AdcDatahandler                           0x080009c9   Thumb Code   136  auxiliary.o(i.AdcDatahandler)
    Auxiliary                                0x08000ac9   Thumb Code   170  auxiliary.o(i.Auxiliary)
    BusFault_Handler                         0x08000b81   Thumb Code     2  stm32f1xx_it.o(i.BusFault_Handler)
    CLI_toogleEcho                           0x08000b85   Thumb Code    32  cli.o(i.CLI_toogleEcho)
    CReturnCmd                               0x08000bd1   Thumb Code    34  cli.o(i.CReturnCmd)
    ClearCmdAndArguments                     0x08000bfd   Thumb Code    54  cli.o(i.ClearCmdAndArguments)
    CliGetTemperature                        0x08000c39   Thumb Code    36  auxiliary.o(i.CliGetTemperature)
    DebugMon_Handler                         0x08000c9d   Thumb Code     2  stm32f1xx_it.o(i.DebugMon_Handler)
    ESP_UART_alt                             0x08000ca1   Thumb Code     6  cli.o(i.ESP_UART_alt)
    FAN_SWITCH                               0x08000cb5   Thumb Code   138  auxiliary.o(i.FAN_SWITCH)
    FanLogic                                 0x08000d99   Thumb Code   208  auxiliary.o(i.FanLogic)
    GetCommands                              0x08000ef5   Thumb Code   210  cli.o(i.GetCommands)
    GetTemperature                           0x08001025   Thumb Code    84  ds18b20.o(i.GetTemperature)
    HAL_ADCEx_InjectedConfigChannel          0x0800107d   Thumb Code   556  stm32f1xx_hal_adc_ex.o(i.HAL_ADCEx_InjectedConfigChannel)
    HAL_ADCEx_InjectedConvCpltCallback       0x080012b5   Thumb Code    36  main.o(i.HAL_ADCEx_InjectedConvCpltCallback)
    HAL_ADCEx_InjectedGetValue               0x080012e5   Thumb Code    30  stm32f1xx_hal_adc_ex.o(i.HAL_ADCEx_InjectedGetValue)
    HAL_ADCEx_InjectedStart_IT               0x08001305   Thumb Code   170  stm32f1xx_hal_adc_ex.o(i.HAL_ADCEx_InjectedStart_IT)
    HAL_ADC_ConvCpltCallback                 0x080013b9   Thumb Code     2  stm32f1xx_hal_adc.o(i.HAL_ADC_ConvCpltCallback)
    HAL_ADC_IRQHandler                       0x080013bb   Thumb Code   230  stm32f1xx_hal_adc.o(i.HAL_ADC_IRQHandler)
    HAL_ADC_Init                             0x080014a1   Thumb Code   300  stm32f1xx_hal_adc.o(i.HAL_ADC_Init)
    HAL_ADC_LevelOutOfWindowCallback         0x080015d5   Thumb Code     2  stm32f1xx_hal_adc.o(i.HAL_ADC_LevelOutOfWindowCallback)
    HAL_ADC_MspInit                          0x080015d9   Thumb Code    66  stm32f1xx_hal_msp.o(i.HAL_ADC_MspInit)
    HAL_Delay                                0x08001629   Thumb Code    22  stm32f1xx_hal.o(i.HAL_Delay)
    HAL_GPIO_Init                            0x08001641   Thumb Code   408  stm32f1xx_hal_gpio.o(i.HAL_GPIO_Init)
    HAL_GPIO_ReadPin                         0x080017fd   Thumb Code    10  stm32f1xx_hal_gpio.o(i.HAL_GPIO_ReadPin)
    HAL_GPIO_WritePin                        0x08001807   Thumb Code    14  stm32f1xx_hal_gpio.o(i.HAL_GPIO_WritePin)
    HAL_GetTick                              0x08001815   Thumb Code     6  stm32f1xx_hal.o(i.HAL_GetTick)
    HAL_IncTick                              0x08001821   Thumb Code    10  stm32f1xx_hal.o(i.HAL_IncTick)
    HAL_Init                                 0x08001831   Thumb Code    32  stm32f1xx_hal.o(i.HAL_Init)
    HAL_InitTick                             0x08001855   Thumb Code    34  stm32f1xx_hal.o(i.HAL_InitTick)
    HAL_MspInit                              0x08001879   Thumb Code   118  stm32f1xx_hal_msp.o(i.HAL_MspInit)
    HAL_NVIC_EnableIRQ                       0x080018f9   Thumb Code    22  stm32f1xx_hal_cortex.o(i.HAL_NVIC_EnableIRQ)
    HAL_NVIC_SetPriority                     0x08001911   Thumb Code    60  stm32f1xx_hal_cortex.o(i.HAL_NVIC_SetPriority)
    HAL_NVIC_SetPriorityGrouping             0x08001951   Thumb Code    26  stm32f1xx_hal_cortex.o(i.HAL_NVIC_SetPriorityGrouping)
    HAL_PWR_EnableBkUpAccess                 0x08001975   Thumb Code    20  stm32f1xx_hal_pwr.o(i.HAL_PWR_EnableBkUpAccess)
    HAL_RCCEx_GetPeriphCLKFreq               0x0800198d   Thumb Code   208  stm32f1xx_hal_rcc_ex.o(i.HAL_RCCEx_GetPeriphCLKFreq)
    HAL_RCCEx_PeriphCLKConfig                0x08001a7d   Thumb Code   288  stm32f1xx_hal_rcc_ex.o(i.HAL_RCCEx_PeriphCLKConfig)
    HAL_RCC_ClockConfig                      0x08001ba9   Thumb Code   374  stm32f1xx_hal_rcc.o(i.HAL_RCC_ClockConfig)
    HAL_RCC_GetHCLKFreq                      0x08001d31   Thumb Code     6  stm32f1xx_hal_rcc.o(i.HAL_RCC_GetHCLKFreq)
    HAL_RCC_GetPCLK1Freq                     0x08001d3d   Thumb Code    34  stm32f1xx_hal_rcc.o(i.HAL_RCC_GetPCLK1Freq)
    HAL_RCC_GetPCLK2Freq                     0x08001d6d   Thumb Code    34  stm32f1xx_hal_rcc.o(i.HAL_RCC_GetPCLK2Freq)
    HAL_RCC_GetSysClockFreq                  0x08001d9d   Thumb Code   102  stm32f1xx_hal_rcc.o(i.HAL_RCC_GetSysClockFreq)
    HAL_RCC_OscConfig                        0x08001e25   Thumb Code  1406  stm32f1xx_hal_rcc.o(i.HAL_RCC_OscConfig)
    HAL_RTC_Init                             0x080023a5   Thumb Code   154  stm32f1xx_hal_rtc.o(i.HAL_RTC_Init)
    HAL_RTC_MspInit                          0x08002445   Thumb Code    56  stm32f1xx_hal_msp.o(i.HAL_RTC_MspInit)
    HAL_RTC_WaitForSynchro                   0x08002489   Thumb Code    58  stm32f1xx_hal_rtc.o(i.HAL_RTC_WaitForSynchro)
    HAL_SYSTICK_CLKSourceConfig              0x080024c3   Thumb Code    24  stm32f1xx_hal_cortex.o(i.HAL_SYSTICK_CLKSourceConfig)
    HAL_SYSTICK_Callback                     0x080024db   Thumb Code     2  stm32f1xx_hal_cortex.o(i.HAL_SYSTICK_Callback)
    HAL_SYSTICK_Config                       0x080024dd   Thumb Code    40  stm32f1xx_hal_cortex.o(i.HAL_SYSTICK_Config)
    HAL_SYSTICK_IRQHandler                   0x08002505   Thumb Code     8  stm32f1xx_hal_cortex.o(i.HAL_SYSTICK_IRQHandler)
    HAL_TIMEx_MasterConfigSynchronization    0x0800250d   Thumb Code    80  stm32f1xx_hal_tim_ex.o(i.HAL_TIMEx_MasterConfigSynchronization)
    HAL_TIM_Base_Init                        0x0800255d   Thumb Code    54  stm32f1xx_hal_tim.o(i.HAL_TIM_Base_Init)
    HAL_TIM_Base_MspInit                     0x08002595   Thumb Code    30  stm32f1xx_hal_msp.o(i.HAL_TIM_Base_MspInit)
    HAL_TIM_Base_Start                       0x080025bd   Thumb Code    26  stm32f1xx_hal_tim.o(i.HAL_TIM_Base_Start)
    HAL_TIM_ConfigClockSource                0x080025d7   Thumb Code   242  stm32f1xx_hal_tim.o(i.HAL_TIM_ConfigClockSource)
    HAL_TIM_MspPostInit                      0x080026c9   Thumb Code    74  stm32f1xx_hal_msp.o(i.HAL_TIM_MspPostInit)
    HAL_TIM_PWM_ConfigChannel                0x08002725   Thumb Code   208  stm32f1xx_hal_tim.o(i.HAL_TIM_PWM_ConfigChannel)
    HAL_TIM_PWM_Init                         0x080027f5   Thumb Code    54  stm32f1xx_hal_tim.o(i.HAL_TIM_PWM_Init)
    HAL_TIM_PWM_MspInit                      0x0800282d   Thumb Code    52  stm32f1xx_hal_msp.o(i.HAL_TIM_PWM_MspInit)
    HAL_TIM_PWM_Start                        0x08002869   Thumb Code    42  stm32f1xx_hal_tim.o(i.HAL_TIM_PWM_Start)
    HAL_UART_ErrorCallback                   0x08002899   Thumb Code     2  stm32f1xx_hal_uart.o(i.HAL_UART_ErrorCallback)
    HAL_UART_IRQHandler                      0x0800289d   Thumb Code   218  stm32f1xx_hal_uart.o(i.HAL_UART_IRQHandler)
    HAL_UART_Init                            0x08002977   Thumb Code    94  stm32f1xx_hal_uart.o(i.HAL_UART_Init)
    HAL_UART_MspInit                         0x080029d5   Thumb Code    92  stm32f1xx_hal_msp.o(i.HAL_UART_MspInit)
    HAL_UART_RxCpltCallback                  0x08002a3d   Thumb Code     2  stm32f1xx_hal_uart.o(i.HAL_UART_RxCpltCallback)
    HAL_UART_Transmit                        0x08002a41   Thumb Code   204  stm32f1xx_hal_uart.o(i.HAL_UART_Transmit)
    HAL_UART_TxCpltCallback                  0x08002b0d   Thumb Code     2  stm32f1xx_hal_uart.o(i.HAL_UART_TxCpltCallback)
    HardFault_Handler                        0x08002b0f   Thumb Code     2  stm32f1xx_it.o(i.HardFault_Handler)
    LED_CLI                                  0x08002b11   Thumb Code  1522  led.o(i.LED_CLI)
    LED_CVAL                                 0x0800310d   Thumb Code    28  led.o(i.LED_CVAL)
    LED_PWMbyNum                             0x08003129   Thumb Code    38  led.o(i.LED_PWMbyNum)
    LED_SW                                   0x08003155   Thumb Code   176  led.o(i.LED_SW)
    LED_StatebyNum                           0x08003211   Thumb Code    38  led.o(i.LED_StatebyNum)
    LED_ValuebyNum                           0x0800323d   Thumb Code    38  led.o(i.LED_ValuebyNum)
    MemManage_Handler                        0x080034cd   Thumb Code     2  stm32f1xx_it.o(i.MemManage_Handler)
    NMI_Handler                              0x080034cf   Thumb Code     2  stm32f1xx_it.o(i.NMI_Handler)
    PSU_SWITCH                               0x080034f1   Thumb Code   110  auxiliary.o(i.PSU_SWITCH)
    ParseCmdString                           0x080035b1   Thumb Code    52  cli.o(i.ParseCmdString)
    PendSV_Handler                           0x080035f1   Thumb Code     2  stm32f1xx_it.o(i.PendSV_Handler)
    SVC_Handler                              0x0800365f   Thumb Code     2  stm32f1xx_it.o(i.SVC_Handler)
    SliceCmd                                 0x08003661   Thumb Code   126  cli.o(i.SliceCmd)
    StatLEDsControl                          0x080036ed   Thumb Code   112  auxiliary.o(i.StatLEDsControl)
    Status                                   0x0800378d   Thumb Code   318  cli.o(i.Status)
    SysTick_Handler                          0x080039b9   Thumb Code    14  stm32f1xx_it.o(i.SysTick_Handler)
    SystemClock_Config                       0x080039c7   Thumb Code   136  main.o(i.SystemClock_Config)
    SystemInit                               0x08003a51   Thumb Code    56  system_stm32f1xx.o(i.SystemInit)
    TIM_Base_SetConfig                       0x08003a99   Thumb Code    86  stm32f1xx_hal_tim.o(i.TIM_Base_SetConfig)
    TIM_CCxChannelCmd                        0x08003afd   Thumb Code    22  stm32f1xx_hal_tim.o(i.TIM_CCxChannelCmd)
    TIM_OC2_SetConfig                        0x08003b89   Thumb Code    84  stm32f1xx_hal_tim.o(i.TIM_OC2_SetConfig)
    USART3_IRQHandler                        0x08003fd5   Thumb Code   124  stm32f1xx_it.o(i.USART3_IRQHandler)
    UsageFault_Handler                       0x08004065   Thumb Code     2  stm32f1xx_it.o(i.UsageFault_Handler)
    __0printf                                0x08004069   Thumb Code    22  printfa.o(i.__0printf)
    __1printf                                0x08004069   Thumb Code     0  printfa.o(i.__0printf)
    __2printf                                0x08004069   Thumb Code     0  printfa.o(i.__0printf)
    __c89printf                              0x08004069   Thumb Code     0  printfa.o(i.__0printf)
    printf                                   0x08004069   Thumb Code     0  printfa.o(i.__0printf)
    __aeabi_errno_addr                       0x08004089   Thumb Code     4  errno.o(i.__aeabi_errno_addr)
    __rt_errno_addr                          0x08004089   Thumb Code     0  errno.o(i.__aeabi_errno_addr)
    __scatterload_copy                       0x08004091   Thumb Code    14  handlers.o(i.__scatterload_copy)
    __scatterload_null                       0x0800409f   Thumb Code     2  handlers.o(i.__scatterload_null)
    __scatterload_zeroinit                   0x080040a1   Thumb Code    14  handlers.o(i.__scatterload_zeroinit)
    char2int                                 0x08004963   Thumb Code    16  cli.o(i.char2int)
    char2short                               0x08004973   Thumb Code    16  cli.o(i.char2short)
    ds_read_bit                              0x08004985   Thumb Code    50  ds18b20.o(i.ds_read_bit)
    ds_read_byte                             0x080049c1   Thumb Code    38  ds18b20.o(i.ds_read_byte)
    ds_read_data_single                      0x080049e7   Thumb Code   114  ds18b20.o(i.ds_read_data_single)
    ds_read_temperature                      0x08004a59   Thumb Code    84  ds18b20.o(i.ds_read_temperature)
    ds_reset_pulse                           0x08004aad   Thumb Code    80  ds18b20.o(i.ds_reset_pulse)
    ds_start_convert_single                  0x08004b05   Thumb Code    36  ds18b20.o(i.ds_start_convert_single)
    ds_write_bit                             0x08004b29   Thumb Code    44  ds18b20.o(i.ds_write_bit)
    ds_write_byte                            0x08004b5d   Thumb Code    34  ds18b20.o(i.ds_write_byte)
    fputc                                    0x08004b81   Thumb Code    20  serial.o(i.fputc)
    main                                     0x08004b99   Thumb Code   258  main.o(i.main)
    substring_cut                            0x08004cd1   Thumb Code    48  cli.o(i.substring_cut)
    space_char                               0x08004d0c   Data           1  cli.o(.constdata)
    AHBPrescTable                            0x08004d0d   Data          16  system_stm32f1xx.o(.constdata)
    APBPrescTable                            0x08004d1d   Data           8  system_stm32f1xx.o(.constdata)
    __ctype_table                            0x08004d25   Data         129  ctype_o.o(.constdata)
    Region$$Table$$Base                      0x08004dac   Number         0  anon$$obj.o(Region$$Table)
    Region$$Table$$Limit                     0x08004dcc   Number         0  anon$$obj.o(Region$$Table)
    L_ECHO                                   0x20000000   Data           2  main.o(.data)
    stringComplete                           0x20000002   Data           1  stm32f1xx_it.o(.data)
    buffer                                   0x20000003   Data           1  stm32f1xx_it.o(.data)
    receiveBuffer_cnt                        0x20000004   Data           2  stm32f1xx_it.o(.data)
    LED1_CAL_SIGN                            0x20000008   Data           1  led.o(.data)
    LED2_CAL_SIGN                            0x20000009   Data           1  led.o(.data)
    LED3_CAL_SIGN                            0x2000000a   Data           1  led.o(.data)
    LED4_CAL_SIGN                            0x2000000b   Data           1  led.o(.data)
    LED1_PWM                                 0x2000000c   Data           4  led.o(.data)
    LED2_PWM                                 0x20000010   Data           4  led.o(.data)
    LED3_PWM                                 0x20000014   Data           4  led.o(.data)
    LED4_PWM                                 0x20000018   Data           4  led.o(.data)
    LED1_EN                                  0x2000001c   Data           4  led.o(.data)
    LED2_EN                                  0x20000020   Data           4  led.o(.data)
    LED3_EN                                  0x20000024   Data           4  led.o(.data)
    LED4_EN                                  0x20000028   Data           4  led.o(.data)
    LED1_CAL_VALUE                           0x2000002c   Data           4  led.o(.data)
    LED2_CAL_VALUE                           0x20000030   Data           4  led.o(.data)
    LED3_CAL_VALUE                           0x20000034   Data           4  led.o(.data)
    LED4_CAL_VALUE                           0x20000038   Data           4  led.o(.data)
    LED1_VALUE                               0x2000003c   Data           4  led.o(.data)
    LED2_VALUE                               0x20000040   Data           4  led.o(.data)
    LED3_VALUE                               0x20000044   Data           4  led.o(.data)
    LED4_VALUE                               0x20000048   Data           4  led.o(.data)
    MAX_PWM                                  0x2000004c   Data           4  led.o(.data)
    MIN_PWM                                  0x20000050   Data           4  led.o(.data)
    old_led_pwm_value                        0x20000054   Data           4  led.o(.data)
    old_led_en_value                         0x20000058   Data           4  led.o(.data)
    parsed_line_length                       0x2000005c   Data           2  cli.o(.data)
    receiveBuffer_length                     0x2000005e   Data           2  cli.o(.data)
    ret_pos                                  0x20000060   Data           2  cli.o(.data)
    ptr                                      0x20000064   Data           4  cli.o(.data)
    __stdout                                 0x20000068   Data           4  serial.o(.data)
    StatLed1State                            0x2000006c   Data           2  auxiliary.o(.data)
    StatLed2State                            0x2000006e   Data           2  auxiliary.o(.data)
    PS_ON                                    0x20000070   Data           2  auxiliary.o(.data)
    FAN_EN                                   0x20000072   Data           2  auxiliary.o(.data)
    FanLogicMode                             0x20000074   Data           2  auxiliary.o(.data)
    buttonState                              0x20000076   Data           2  auxiliary.o(.data)
    ENC1buttonState                          0x20000078   Data           2  auxiliary.o(.data)
    ENC2buttonState                          0x2000007a   Data           2  auxiliary.o(.data)
    FAN_PWM                                  0x2000007c   Data           4  auxiliary.o(.data)
    DeviceInputVoltage                       0x20000080   Data           4  auxiliary.o(.data)
    BackupBatVoltage                         0x20000084   Data           4  auxiliary.o(.data)
    FanOnThresholdTemp                       0x20000088   Data           4  auxiliary.o(.data)
    FanOffThresholdTemp                      0x2000008c   Data           4  auxiliary.o(.data)
    CriticalLedsTemperature                  0x20000090   Data           4  auxiliary.o(.data)
    LedsTemperatureDiff                      0x20000094   Data           4  auxiliary.o(.data)
    AdcCh1Value                              0x20000098   Data           4  auxiliary.o(.data)
    AdcCh2Value                              0x2000009c   Data           4  auxiliary.o(.data)
    FanLogicArg1                             0x200000a0   Data          10  auxiliary.o(.data)
    AdcDatahandlerArg                        0x200000aa   Data          10  auxiliary.o(.data)
    PinNumber                                0x200000b4   Data           1  ds18b20.o(.data)
    GetTemperatureState                      0x200000b6   Data           2  ds18b20.o(.data)
    OldTickTime                              0x200000b8   Data           4  ds18b20.o(.data)
    NewTickTime                              0x200000bc   Data           4  ds18b20.o(.data)
    TickTimeDiff                             0x200000c0   Data           4  ds18b20.o(.data)
    OldLedsTemperature                       0x200000c4   Data           4  ds18b20.o(.data)
    LedsTemperature                          0x200000c8   Data           4  ds18b20.o(.data)
    SystemCoreClock                          0x200000cc   Data           4  system_stm32f1xx.o(.data)
    hadc1                                    0x200000dc   Data          48  main.o(.bss)
    hrtc                                     0x2000010c   Data          20  main.o(.bss)
    htim2                                    0x20000120   Data          60  main.o(.bss)
    htim3                                    0x2000015c   Data          60  main.o(.bss)
    htim4                                    0x20000198   Data          60  main.o(.bss)
    huart3                                   0x200001d4   Data          64  main.o(.bss)
    receiveBuffer                            0x20000214   Data         228  stm32f1xx_it.o(.bss)
    CLI                                      0x200002f8   Data         202  stm32f1xx_it.o(.bss)
    parsed_line                              0x200003c2   Data         200  cli.o(.bss)
    command                                  0x2000048a   Data          20  cli.o(.bss)
    argument1                                0x2000049e   Data          20  cli.o(.bss)
    argument2                                0x200004b2   Data          20  cli.o(.bss)
    argument3                                0x200004c6   Data          20  cli.o(.bss)
    argument4                                0x200004da   Data          20  cli.o(.bss)
    __initial_sp                             0x200008f0   Data           0  startup_stm32f103xb.o(STACK)



==============================================================================

Memory Map of the image

  Image Entry point : 0x080000ed

  Load Region LR_IROM1 (Base: 0x08000000, Size: 0x00004ea8, Max: 0x00010000, ABSOLUTE)

    Execution Region ER_IROM1 (Base: 0x08000000, Size: 0x00004dcc, Max: 0x00010000, ABSOLUTE)

    Base Addr    Size         Type   Attr      Idx    E Section Name        Object

    0x08000000   0x000000ec   Data   RO         3316    RESET               startup_stm32f103xb.o
    0x080000ec   0x00000000   Code   RO         3321  * .ARM.Collect$$$$00000000  mc_w.l(entry.o)
    0x080000ec   0x00000004   Code   RO         3609    .ARM.Collect$$$$00000001  mc_w.l(entry2.o)
    0x080000f0   0x00000004   Code   RO         3612    .ARM.Collect$$$$00000004  mc_w.l(entry5.o)
    0x080000f4   0x00000000   Code   RO         3614    .ARM.Collect$$$$00000008  mc_w.l(entry7b.o)
    0x080000f4   0x00000000   Code   RO         3616    .ARM.Collect$$$$0000000A  mc_w.l(entry8b.o)
    0x080000f4   0x00000008   Code   RO         3617    .ARM.Collect$$$$0000000B  mc_w.l(entry9a.o)
    0x080000fc   0x00000000   Code   RO         3619    .ARM.Collect$$$$0000000D  mc_w.l(entry10a.o)
    0x080000fc   0x00000000   Code   RO         3621    .ARM.Collect$$$$0000000F  mc_w.l(entry11a.o)
    0x080000fc   0x00000004   Code   RO         3610    .ARM.Collect$$$$00002712  mc_w.l(entry2.o)
    0x08000100   0x00000024   Code   RO         3317    .text               startup_stm32f103xb.o
    0x08000124   0x00000020   Code   RO         3324    .text               mc_w.l(llushr.o)
    0x08000144   0x00000024   Code   RO         3326    .text               mc_w.l(memseta.o)
    0x08000168   0x00000018   Code   RO         3328    .text               mc_w.l(strncpy.o)
    0x08000180   0x0000000e   Code   RO         3330    .text               mc_w.l(strlen.o)
    0x0800018e   0x0000001e   Code   RO         3332    .text               mc_w.l(strncmp.o)
    0x080001ac   0x00000044   Code   RO         3334    .text               mc_w.l(strtok.o)
    0x080001f0   0x00000020   Code   RO         3340    .text               mc_w.l(strrchr.o)
    0x08000210   0x00000070   Code   RO         3603    .text               mc_w.l(strtol.o)
    0x08000280   0x0000000a   Code   RO         3605    .text               mf_w.l(ffltui.o)
    0x0800028a   0x00000026   Code   RO         3607    .text               mf_w.l(f2d.o)
    0x080002b0   0x0000002c   Code   RO         3623    .text               mc_w.l(uidiv.o)
    0x080002dc   0x00000062   Code   RO         3625    .text               mc_w.l(uldiv.o)
    0x0800033e   0x00000002   PAD
    0x08000340   0x00000008   Code   RO         3627    .text               mc_w.l(ctype_o.o)
    0x08000348   0x0000009e   Code   RO         3662    .text               mc_w.l(_strtoul.o)
    0x080003e6   0x00000000   Code   RO         3664    .text               mc_w.l(iusefp.o)
    0x080003e6   0x0000006e   Code   RO         3665    .text               mf_w.l(fepilogue.o)
    0x08000454   0x0000014e   Code   RO         3667    .text               mf_w.l(dadd.o)
    0x080005a2   0x000000e4   Code   RO         3669    .text               mf_w.l(dmul.o)
    0x08000686   0x000000de   Code   RO         3671    .text               mf_w.l(ddiv.o)
    0x08000764   0x00000030   Code   RO         3673    .text               mf_w.l(dfixul.o)
    0x08000794   0x00000030   Code   RO         3675    .text               mf_w.l(cdrcmple.o)
    0x080007c4   0x00000024   Code   RO         3677    .text               mc_w.l(init.o)
    0x080007e8   0x0000001e   Code   RO         3679    .text               mc_w.l(llshl.o)
    0x08000806   0x00000024   Code   RO         3681    .text               mc_w.l(llsshr.o)
    0x0800082a   0x0000001c   Code   RO         3683    .text               mc_w.l(_chval.o)
    0x08000846   0x000000ba   Code   RO         3685    .text               mf_w.l(depilogue.o)
    0x08000900   0x0000000c   Code   RO          268    i.ADC1_2_IRQHandler  stm32f1xx_it.o
    0x0800090c   0x0000004c   Code   RO          978    i.ADC_ConversionStop_Disable  stm32f1xx_hal_adc.o
    0x08000958   0x00000070   Code   RO          982    i.ADC_Enable        stm32f1xx_hal_adc.o
    0x080009c8   0x00000100   Code   RO          564    i.AdcDatahandler    auxiliary.o
    0x08000ac8   0x000000b8   Code   RO          565    i.Auxiliary         auxiliary.o
    0x08000b80   0x00000002   Code   RO          269    i.BusFault_Handler  stm32f1xx_it.o
    0x08000b82   0x00000002   PAD
    0x08000b84   0x0000004c   Code   RO          431    i.CLI_toogleEcho    cli.o
    0x08000bd0   0x0000002c   Code   RO          432    i.CReturnCmd        cli.o
    0x08000bfc   0x0000003c   Code   RO          433    i.ClearCmdAndArguments  cli.o
    0x08000c38   0x00000064   Code   RO          566    i.CliGetTemperature  auxiliary.o
    0x08000c9c   0x00000002   Code   RO          270    i.DebugMon_Handler  stm32f1xx_it.o
    0x08000c9e   0x00000002   PAD
    0x08000ca0   0x00000014   Code   RO          434    i.ESP_UART_alt      cli.o
    0x08000cb4   0x000000e4   Code   RO          567    i.FAN_SWITCH        auxiliary.o
    0x08000d98   0x0000015c   Code   RO          568    i.FanLogic          auxiliary.o
    0x08000ef4   0x00000130   Code   RO          435    i.GetCommands       cli.o
    0x08001024   0x00000058   Code   RO          632    i.GetTemperature    ds18b20.o
    0x0800107c   0x00000238   Code   RO         2033    i.HAL_ADCEx_InjectedConfigChannel  stm32f1xx_hal_adc_ex.o
    0x080012b4   0x00000030   Code   RO            5    i.HAL_ADCEx_InjectedConvCpltCallback  main.o
    0x080012e4   0x0000001e   Code   RO         2035    i.HAL_ADCEx_InjectedGetValue  stm32f1xx_hal_adc_ex.o
    0x08001302   0x00000002   PAD
    0x08001304   0x000000b4   Code   RO         2038    i.HAL_ADCEx_InjectedStart_IT  stm32f1xx_hal_adc_ex.o
    0x080013b8   0x00000002   Code   RO          985    i.HAL_ADC_ConvCpltCallback  stm32f1xx_hal_adc.o
    0x080013ba   0x000000e6   Code   RO          992    i.HAL_ADC_IRQHandler  stm32f1xx_hal_adc.o
    0x080014a0   0x00000134   Code   RO          993    i.HAL_ADC_Init      stm32f1xx_hal_adc.o
    0x080015d4   0x00000002   Code   RO          994    i.HAL_ADC_LevelOutOfWindowCallback  stm32f1xx_hal_adc.o
    0x080015d6   0x00000002   PAD
    0x080015d8   0x00000050   Code   RO          181    i.HAL_ADC_MspInit   stm32f1xx_hal_msp.o
    0x08001628   0x00000016   Code   RO         2953    i.HAL_Delay         stm32f1xx_hal.o
    0x0800163e   0x00000002   PAD
    0x08001640   0x000001bc   Code   RO          790    i.HAL_GPIO_Init     stm32f1xx_hal_gpio.o
    0x080017fc   0x0000000a   Code   RO          792    i.HAL_GPIO_ReadPin  stm32f1xx_hal_gpio.o
    0x08001806   0x0000000e   Code   RO          794    i.HAL_GPIO_WritePin  stm32f1xx_hal_gpio.o
    0x08001814   0x0000000c   Code   RO         2957    i.HAL_GetTick       stm32f1xx_hal.o
    0x08001820   0x00000010   Code   RO         2958    i.HAL_IncTick       stm32f1xx_hal.o
    0x08001830   0x00000024   Code   RO         2959    i.HAL_Init          stm32f1xx_hal.o
    0x08001854   0x00000022   Code   RO         2960    i.HAL_InitTick      stm32f1xx_hal.o
    0x08001876   0x00000002   PAD
    0x08001878   0x00000080   Code   RO          182    i.HAL_MspInit       stm32f1xx_hal_msp.o
    0x080018f8   0x00000016   Code   RO         1496    i.HAL_NVIC_EnableIRQ  stm32f1xx_hal_cortex.o
    0x0800190e   0x00000002   PAD
    0x08001910   0x00000040   Code   RO         1502    i.HAL_NVIC_SetPriority  stm32f1xx_hal_cortex.o
    0x08001950   0x00000024   Code   RO         1503    i.HAL_NVIC_SetPriorityGrouping  stm32f1xx_hal_cortex.o
    0x08001974   0x00000018   Code   RO          860    i.HAL_PWR_EnableBkUpAccess  stm32f1xx_hal_pwr.o
    0x0800198c   0x000000f0   Code   RO         1997    i.HAL_RCCEx_GetPeriphCLKFreq  stm32f1xx_hal_rcc_ex.o
    0x08001a7c   0x0000012c   Code   RO         1998    i.HAL_RCCEx_PeriphCLKConfig  stm32f1xx_hal_rcc_ex.o
    0x08001ba8   0x00000188   Code   RO         1612    i.HAL_RCC_ClockConfig  stm32f1xx_hal_rcc.o
    0x08001d30   0x0000000c   Code   RO         1617    i.HAL_RCC_GetHCLKFreq  stm32f1xx_hal_rcc.o
    0x08001d3c   0x00000030   Code   RO         1619    i.HAL_RCC_GetPCLK1Freq  stm32f1xx_hal_rcc.o
    0x08001d6c   0x00000030   Code   RO         1620    i.HAL_RCC_GetPCLK2Freq  stm32f1xx_hal_rcc.o
    0x08001d9c   0x00000088   Code   RO         1621    i.HAL_RCC_GetSysClockFreq  stm32f1xx_hal_rcc.o
    0x08001e24   0x0000057e   Code   RO         1624    i.HAL_RCC_OscConfig  stm32f1xx_hal_rcc.o
    0x080023a2   0x00000002   PAD
    0x080023a4   0x000000a0   Code   RO         1798    i.HAL_RTC_Init      stm32f1xx_hal_rtc.o
    0x08002444   0x00000044   Code   RO          184    i.HAL_RTC_MspInit   stm32f1xx_hal_msp.o
    0x08002488   0x0000003a   Code   RO         1806    i.HAL_RTC_WaitForSynchro  stm32f1xx_hal_rtc.o
    0x080024c2   0x00000018   Code   RO         1505    i.HAL_SYSTICK_CLKSourceConfig  stm32f1xx_hal_cortex.o
    0x080024da   0x00000002   Code   RO         1506    i.HAL_SYSTICK_Callback  stm32f1xx_hal_cortex.o
    0x080024dc   0x00000028   Code   RO         1507    i.HAL_SYSTICK_Config  stm32f1xx_hal_cortex.o
    0x08002504   0x00000008   Code   RO         1508    i.HAL_SYSTICK_IRQHandler  stm32f1xx_hal_cortex.o
    0x0800250c   0x00000050   Code   RO         1278    i.HAL_TIMEx_MasterConfigSynchronization  stm32f1xx_hal_tim_ex.o
    0x0800255c   0x00000036   Code   RO         2232    i.HAL_TIM_Base_Init  stm32f1xx_hal_tim.o
    0x08002592   0x00000002   PAD
    0x08002594   0x00000028   Code   RO          185    i.HAL_TIM_Base_MspInit  stm32f1xx_hal_msp.o
    0x080025bc   0x0000001a   Code   RO         2235    i.HAL_TIM_Base_Start  stm32f1xx_hal_tim.o
    0x080025d6   0x000000f2   Code   RO         2241    i.HAL_TIM_ConfigClockSource  stm32f1xx_hal_tim.o
    0x080026c8   0x0000005c   Code   RO          186    i.HAL_TIM_MspPostInit  stm32f1xx_hal_msp.o
    0x08002724   0x000000d0   Code   RO         2298    i.HAL_TIM_PWM_ConfigChannel  stm32f1xx_hal_tim.o
    0x080027f4   0x00000036   Code   RO         2301    i.HAL_TIM_PWM_Init  stm32f1xx_hal_tim.o
    0x0800282a   0x00000002   PAD
    0x0800282c   0x0000003c   Code   RO          188    i.HAL_TIM_PWM_MspInit  stm32f1xx_hal_msp.o
    0x08002868   0x00000030   Code   RO         2305    i.HAL_TIM_PWM_Start  stm32f1xx_hal_tim.o
    0x08002898   0x00000002   Code   RO         3092    i.HAL_UART_ErrorCallback  stm32f1xx_hal_uart.o
    0x0800289a   0x00000002   PAD
    0x0800289c   0x000000da   Code   RO         3095    i.HAL_UART_IRQHandler  stm32f1xx_hal_uart.o
    0x08002976   0x0000005e   Code   RO         3096    i.HAL_UART_Init     stm32f1xx_hal_uart.o
    0x080029d4   0x00000068   Code   RO          190    i.HAL_UART_MspInit  stm32f1xx_hal_msp.o
    0x08002a3c   0x00000002   Code   RO         3102    i.HAL_UART_RxCpltCallback  stm32f1xx_hal_uart.o
    0x08002a3e   0x00000002   PAD
    0x08002a40   0x000000cc   Code   RO         3104    i.HAL_UART_Transmit  stm32f1xx_hal_uart.o
    0x08002b0c   0x00000002   Code   RO         3107    i.HAL_UART_TxCpltCallback  stm32f1xx_hal_uart.o
    0x08002b0e   0x00000002   Code   RO          271    i.HardFault_Handler  stm32f1xx_it.o
    0x08002b10   0x000005fc   Code   RO          365    i.LED_CLI           led.o
    0x0800310c   0x0000001c   Code   RO          366    i.LED_CVAL          led.o
    0x08003128   0x0000002c   Code   RO          367    i.LED_PWMbyNum      led.o
    0x08003154   0x000000bc   Code   RO          368    i.LED_SW            led.o
    0x08003210   0x0000002c   Code   RO          369    i.LED_StatebyNum    led.o
    0x0800323c   0x0000002c   Code   RO          370    i.LED_ValuebyNum    led.o
    0x08003268   0x0000006c   Code   RO            6    i.MX_ADC1_Init      main.o
    0x080032d4   0x00000118   Code   RO            7    i.MX_GPIO_Init      main.o
    0x080033ec   0x0000005c   Code   RO            8    i.MX_TIM2_Init      main.o
    0x08003448   0x00000084   Code   RO            9    i.MX_TIM4_Init      main.o
    0x080034cc   0x00000002   Code   RO          272    i.MemManage_Handler  stm32f1xx_it.o
    0x080034ce   0x00000002   Code   RO          273    i.NMI_Handler       stm32f1xx_it.o
    0x080034d0   0x00000020   Code   RO         1509    i.NVIC_SetPriority  stm32f1xx_hal_cortex.o
    0x080034f0   0x000000c0   Code   RO          569    i.PSU_SWITCH        auxiliary.o
    0x080035b0   0x00000040   Code   RO          436    i.ParseCmdString    cli.o
    0x080035f0   0x00000002   Code   RO          274    i.PendSV_Handler    stm32f1xx_it.o
    0x080035f2   0x00000034   Code   RO         1810    i.RTC_EnterInitMode  stm32f1xx_hal_rtc.o
    0x08003626   0x00000002   PAD
    0x08003628   0x00000036   Code   RO         1811    i.RTC_ExitInitMode  stm32f1xx_hal_rtc.o
    0x0800365e   0x00000002   Code   RO          275    i.SVC_Handler       stm32f1xx_it.o
    0x08003660   0x0000008c   Code   RO          437    i.SliceCmd          cli.o
    0x080036ec   0x000000a0   Code   RO          570    i.StatLEDsControl   auxiliary.o
    0x0800378c   0x0000022c   Code   RO          438    i.Status            cli.o
    0x080039b8   0x0000000e   Code   RO          276    i.SysTick_Handler   stm32f1xx_it.o
    0x080039c6   0x00000088   Code   RO           10    i.SystemClock_Config  main.o
    0x08003a4e   0x00000002   PAD
    0x08003a50   0x00000048   Code   RO          750    i.SystemInit        system_stm32f1xx.o
    0x08003a98   0x00000064   Code   RO         2316    i.TIM_Base_SetConfig  stm32f1xx_hal_tim.o
    0x08003afc   0x00000016   Code   RO         2317    i.TIM_CCxChannelCmd  stm32f1xx_hal_tim.o
    0x08003b12   0x00000014   Code   RO         2323    i.TIM_ETR_SetConfig  stm32f1xx_hal_tim.o
    0x08003b26   0x00000010   Code   RO         2324    i.TIM_ITRx_SetConfig  stm32f1xx_hal_tim.o
    0x08003b36   0x00000002   PAD
    0x08003b38   0x00000050   Code   RO         2325    i.TIM_OC1_SetConfig  stm32f1xx_hal_tim.o
    0x08003b88   0x00000058   Code   RO         2326    i.TIM_OC2_SetConfig  stm32f1xx_hal_tim.o
    0x08003be0   0x00000058   Code   RO         2327    i.TIM_OC3_SetConfig  stm32f1xx_hal_tim.o
    0x08003c38   0x00000044   Code   RO         2328    i.TIM_OC4_SetConfig  stm32f1xx_hal_tim.o
    0x08003c7c   0x00000022   Code   RO         2330    i.TIM_TI1_ConfigInputStage  stm32f1xx_hal_tim.o
    0x08003c9e   0x00000024   Code   RO         2332    i.TIM_TI2_ConfigInputStage  stm32f1xx_hal_tim.o
    0x08003cc2   0x00000002   PAD
    0x08003cc4   0x000000a8   Code   RO         3114    i.UART_Receive_IT   stm32f1xx_hal_uart.o
    0x08003d6c   0x00000170   Code   RO         3115    i.UART_SetConfig    stm32f1xx_hal_uart.o
    0x08003edc   0x00000066   Code   RO         3116    i.UART_Transmit_IT  stm32f1xx_hal_uart.o
    0x08003f42   0x00000092   Code   RO         3117    i.UART_WaitOnFlagUntilTimeout  stm32f1xx_hal_uart.o
    0x08003fd4   0x00000090   Code   RO          277    i.USART3_IRQHandler  stm32f1xx_it.o
    0x08004064   0x00000002   Code   RO          278    i.UsageFault_Handler  stm32f1xx_it.o
    0x08004066   0x00000002   PAD
    0x08004068   0x00000020   Code   RO         3575    i.__0printf         mc_w.l(printfa.o)
    0x08004088   0x00000008   Code   RO         3655    i.__aeabi_errno_addr  mc_w.l(errno.o)
    0x08004090   0x0000000e   Code   RO         3689    i.__scatterload_copy  mc_w.l(handlers.o)
    0x0800409e   0x00000002   Code   RO         3690    i.__scatterload_null  mc_w.l(handlers.o)
    0x080040a0   0x0000000e   Code   RO         3691    i.__scatterload_zeroinit  mc_w.l(handlers.o)
    0x080040ae   0x00000002   PAD
    0x080040b0   0x00000184   Code   RO         3582    i._fp_digits        mc_w.l(printfa.o)
    0x08004234   0x000006dc   Code   RO         3583    i._printf_core      mc_w.l(printfa.o)
    0x08004910   0x00000024   Code   RO         3584    i._printf_post_padding  mc_w.l(printfa.o)
    0x08004934   0x0000002e   Code   RO         3585    i._printf_pre_padding  mc_w.l(printfa.o)
    0x08004962   0x00000010   Code   RO          439    i.char2int          cli.o
    0x08004972   0x00000010   Code   RO          440    i.char2short        cli.o
    0x08004982   0x00000002   PAD
    0x08004984   0x0000003c   Code   RO          633    i.ds_read_bit       ds18b20.o
    0x080049c0   0x00000026   Code   RO          634    i.ds_read_byte      ds18b20.o
    0x080049e6   0x00000072   Code   RO          635    i.ds_read_data_single  ds18b20.o
    0x08004a58   0x00000054   Code   RO          636    i.ds_read_temperature  ds18b20.o
    0x08004aac   0x00000058   Code   RO          637    i.ds_reset_pulse    ds18b20.o
    0x08004b04   0x00000024   Code   RO          638    i.ds_start_convert_single  ds18b20.o
    0x08004b28   0x00000034   Code   RO          639    i.ds_write_bit      ds18b20.o
    0x08004b5c   0x00000022   Code   RO          640    i.ds_write_byte     ds18b20.o
    0x08004b7e   0x00000002   PAD
    0x08004b80   0x00000018   Code   RO          531    i.fputc             serial.o
    0x08004b98   0x00000138   Code   RO           11    i.main              main.o
    0x08004cd0   0x0000003c   Code   RO          442    i.substring_cut     cli.o
    0x08004d0c   0x00000001   Data   RO          446    .constdata          cli.o
    0x08004d0d   0x00000010   Data   RO          751    .constdata          system_stm32f1xx.o
    0x08004d1d   0x00000008   Data   RO          752    .constdata          system_stm32f1xx.o
    0x08004d25   0x00000081   Data   RO         3628    .constdata          mc_w.l(ctype_o.o)
    0x08004da6   0x00000002   PAD
    0x08004da8   0x00000004   Data   RO         3629    .constdata          mc_w.l(ctype_o.o)
    0x08004dac   0x00000020   Data   RO         3687    Region$$Table       anon$$obj.o


    Execution Region RW_IRAM1 (Base: 0x20000000, Size: 0x000008f0, Max: 0x00005000, ABSOLUTE)

    Base Addr    Size         Type   Attr      Idx    E Section Name        Object

    0x20000000   0x00000002   Data   RW           13    .data               main.o
    0x20000002   0x00000004   Data   RW          280    .data               stm32f1xx_it.o
    0x20000006   0x00000002   PAD
    0x20000008   0x00000054   Data   RW          371    .data               led.o
    0x2000005c   0x0000000c   Data   RW          447    .data               cli.o
    0x20000068   0x00000004   Data   RW          532    .data               serial.o
    0x2000006c   0x00000048   Data   RW          571    .data               auxiliary.o
    0x200000b4   0x00000018   Data   RW          641    .data               ds18b20.o
    0x200000cc   0x00000004   Data   RW          753    .data               system_stm32f1xx.o
    0x200000d0   0x00000004   Data   RW         2965    .data               stm32f1xx_hal.o
    0x200000d4   0x00000004   Data   RW         3335    .data               mc_w.l(strtok.o)
    0x200000d8   0x00000004   Data   RW         3658    .data               mc_w.l(errno.o)
    0x200000dc   0x00000138   Zero   RW           12    .bss                main.o
    0x20000214   0x000001ae   Zero   RW          279    .bss                stm32f1xx_it.o
    0x200003c2   0x0000012c   Zero   RW          443    .bss                cli.o
    0x200004ee   0x00000002   PAD
    0x200004f0   0x00000400   Zero   RW         3314    STACK               startup_stm32f103xb.o


==============================================================================

Image component sizes


      Code (inc. data)   RO Data    RW Data    ZI Data      Debug   Object Name

      1468        558          0         72          0       5504   auxiliary.o
      1356        450          1         12        300       6327   cli.o
       594         30          0         24          0       6282   ds18b20.o
      1880        198          0         84          0       6522   led.o
      1108        104          0          2        312     483465   main.o
        24          4          0          4          0       2179   serial.o
        36          8        236          0       1024        748   startup_stm32f103xb.o
       120         16          0          4          0       3450   stm32f1xx_hal.o
       730         16          0          0          0       4800   stm32f1xx_hal_adc.o
       778         22          0          0          0       3260   stm32f1xx_hal_adc_ex.o
       228         14          0          0          0      27209   stm32f1xx_hal_cortex.o
       468         36          0          0          0       3587   stm32f1xx_hal_gpio.o
       572         84          0          0          0       4268   stm32f1xx_hal_msp.o
        24          4          0          0          0        491   stm32f1xx_hal_pwr.o
      2042         98          0          0          0       5668   stm32f1xx_hal_rcc.o
       540         44          0          0          0       2409   stm32f1xx_hal_rcc_ex.o
       324          6          0          0          0       3600   stm32f1xx_hal_rtc.o
      1184         40          0          0          0      11517   stm32f1xx_hal_tim.o
        80          0          0          0          0       1228   stm32f1xx_hal_tim_ex.o
      1306          4          0          0          0       7623   stm32f1xx_hal_uart.o
       186         26          0          4        430       5710   stm32f1xx_it.o
        72         16         24          4          0       1319   system_stm32f1xx.o

    ----------------------------------------------------------------------
     15158       1778        293        212       2068     597166   Object Totals
         0          0         32          0          0          0   (incl. Generated)
        38          0          0          2          2          0   (incl. Padding)

    ----------------------------------------------------------------------

      Code (inc. data)   RO Data    RW Data    ZI Data      Debug   Library Member Name

        28          0          0          0          0         68   _chval.o
       158          0          0          0          0         92   _strtoul.o
         8          4        133          0          0         68   ctype_o.o
         0          0          0          0          0          0   entry.o
         0          0          0          0          0          0   entry10a.o
         0          0          0          0          0          0   entry11a.o
         8          4          0          0          0          0   entry2.o
         4          0          0          0          0          0   entry5.o
         0          0          0          0          0          0   entry7b.o
         0          0          0          0          0          0   entry8b.o
         8          4          0          0          0          0   entry9a.o
         8          4          0          4          0         68   errno.o
        30          0          0          0          0          0   handlers.o
        36          8          0          0          0         68   init.o
         0          0          0          0          0          0   iusefp.o
        30          0          0          0          0         68   llshl.o
        36          0          0          0          0         68   llsshr.o
        32          0          0          0          0         68   llushr.o
        36          0          0          0          0        108   memseta.o
      2258         90          0          0          0        452   printfa.o
        14          0          0          0          0         68   strlen.o
        30          0          0          0          0         80   strncmp.o
        24          0          0          0          0         76   strncpy.o
        32          0          0          0          0         68   strrchr.o
        68          6          0          4          0         80   strtok.o
       112          0          0          0          0         88   strtol.o
        44          0          0          0          0         80   uidiv.o
        98          0          0          0          0         92   uldiv.o
        48          0          0          0          0         68   cdrcmple.o
       334          0          0          0          0        148   dadd.o
       222          0          0          0          0        100   ddiv.o
       186          0          0          0          0        176   depilogue.o
        48          0          0          0          0         68   dfixul.o
       228          0          0          0          0         96   dmul.o
        38          0          0          0          0         68   f2d.o
       110          0          0          0          0        168   fepilogue.o
        10          0          0          0          0         68   ffltui.o

    ----------------------------------------------------------------------
      4330        120        135          8          0       2720   Library Totals
         4          0          2          0          0          0   (incl. Padding)

    ----------------------------------------------------------------------

      Code (inc. data)   RO Data    RW Data    ZI Data      Debug   Library Name

      3102        120        133          8          0       1760   mc_w.l
      1224          0          0          0          0        960   mf_w.l

    ----------------------------------------------------------------------
      4330        120        135          8          0       2720   Library Totals

    ----------------------------------------------------------------------

==============================================================================


      Code (inc. data)   RO Data    RW Data    ZI Data      Debug   

     19488       1898        428        220       2068     592238   Grand Totals
     19488       1898        428        220       2068     592238   ELF Image Totals
     19488       1898        428        220          0          0   ROM Totals

==============================================================================

    Total RO  Size (Code + RO Data)                19916 (  19.45kB)
    Total RW  Size (RW Data + ZI Data)              2288 (   2.23kB)
    Total ROM Size (Code + RO Data + RW Data)      20136 (  19.66kB)

==============================================================================

